Archive member included to satisfy reference by file (symbol)

C:/MyFiles/Study/Soft/STM32Cube/STM32CubeIDE_1.16.1/STM32CubeIDE/plugins/com.st.stm32cube.ide.mcu.externaltools.gnu-tools-for-stm32.12.3.rel1.win32_1.0.200.202406191623/tools/bin/../lib/gcc/arm-none-eabi/12.3.1/../../../../arm-none-eabi/lib/thumb/v7e-m+fp/hard\libc_nano.a(libc_a-exit.o)
                              C:/MyFiles/Study/Soft/STM32Cube/STM32CubeIDE_1.16.1/STM32CubeIDE/plugins/com.st.stm32cube.ide.mcu.externaltools.gnu-tools-for-stm32.12.3.rel1.win32_1.0.200.202406191623/tools/bin/../lib/gcc/arm-none-eabi/12.3.1/../../../../arm-none-eabi/lib/thumb/v7e-m+fp/hard/crt0.o (exit)
C:/MyFiles/Study/Soft/STM32Cube/STM32CubeIDE_1.16.1/STM32CubeIDE/plugins/com.st.stm32cube.ide.mcu.externaltools.gnu-tools-for-stm32.12.3.rel1.win32_1.0.200.202406191623/tools/bin/../lib/gcc/arm-none-eabi/12.3.1/../../../../arm-none-eabi/lib/thumb/v7e-m+fp/hard\libc_nano.a(libc_a-findfp.o)
                              C:/MyFiles/Study/Soft/STM32Cube/STM32CubeIDE_1.16.1/STM32CubeIDE/plugins/com.st.stm32cube.ide.mcu.externaltools.gnu-tools-for-stm32.12.3.rel1.win32_1.0.200.202406191623/tools/bin/../lib/gcc/arm-none-eabi/12.3.1/../../../../arm-none-eabi/lib/thumb/v7e-m+fp/hard\libc_nano.a(libc_a-exit.o) (__stdio_exit_handler)
C:/MyFiles/Study/Soft/STM32Cube/STM32CubeIDE_1.16.1/STM32CubeIDE/plugins/com.st.stm32cube.ide.mcu.externaltools.gnu-tools-for-stm32.12.3.rel1.win32_1.0.200.202406191623/tools/bin/../lib/gcc/arm-none-eabi/12.3.1/../../../../arm-none-eabi/lib/thumb/v7e-m+fp/hard\libc_nano.a(libc_a-fwalk.o)
                              C:/MyFiles/Study/Soft/STM32Cube/STM32CubeIDE_1.16.1/STM32CubeIDE/plugins/com.st.stm32cube.ide.mcu.externaltools.gnu-tools-for-stm32.12.3.rel1.win32_1.0.200.202406191623/tools/bin/../lib/gcc/arm-none-eabi/12.3.1/../../../../arm-none-eabi/lib/thumb/v7e-m+fp/hard\libc_nano.a(libc_a-findfp.o) (_fwalk_sglue)
C:/MyFiles/Study/Soft/STM32Cube/STM32CubeIDE_1.16.1/STM32CubeIDE/plugins/com.st.stm32cube.ide.mcu.externaltools.gnu-tools-for-stm32.12.3.rel1.win32_1.0.200.202406191623/tools/bin/../lib/gcc/arm-none-eabi/12.3.1/../../../../arm-none-eabi/lib/thumb/v7e-m+fp/hard\libc_nano.a(libc_a-sprintf.o)
                              ./Core/Src/main.o (sprintf)
C:/MyFiles/Study/Soft/STM32Cube/STM32CubeIDE_1.16.1/STM32CubeIDE/plugins/com.st.stm32cube.ide.mcu.externaltools.gnu-tools-for-stm32.12.3.rel1.win32_1.0.200.202406191623/tools/bin/../lib/gcc/arm-none-eabi/12.3.1/../../../../arm-none-eabi/lib/thumb/v7e-m+fp/hard\libc_nano.a(libc_a-stdio.o)
                              C:/MyFiles/Study/Soft/STM32Cube/STM32CubeIDE_1.16.1/STM32CubeIDE/plugins/com.st.stm32cube.ide.mcu.externaltools.gnu-tools-for-stm32.12.3.rel1.win32_1.0.200.202406191623/tools/bin/../lib/gcc/arm-none-eabi/12.3.1/../../../../arm-none-eabi/lib/thumb/v7e-m+fp/hard\libc_nano.a(libc_a-findfp.o) (__sread)
C:/MyFiles/Study/Soft/STM32Cube/STM32CubeIDE_1.16.1/STM32CubeIDE/plugins/com.st.stm32cube.ide.mcu.externaltools.gnu-tools-for-stm32.12.3.rel1.win32_1.0.200.202406191623/tools/bin/../lib/gcc/arm-none-eabi/12.3.1/../../../../arm-none-eabi/lib/thumb/v7e-m+fp/hard\libc_nano.a(libc_a-memset.o)
                              C:/MyFiles/Study/Soft/STM32Cube/STM32CubeIDE_1.16.1/STM32CubeIDE/plugins/com.st.stm32cube.ide.mcu.externaltools.gnu-tools-for-stm32.12.3.rel1.win32_1.0.200.202406191623/tools/bin/../lib/gcc/arm-none-eabi/12.3.1/../../../../arm-none-eabi/lib/thumb/v7e-m+fp/hard/crt0.o (memset)
C:/MyFiles/Study/Soft/STM32Cube/STM32CubeIDE_1.16.1/STM32CubeIDE/plugins/com.st.stm32cube.ide.mcu.externaltools.gnu-tools-for-stm32.12.3.rel1.win32_1.0.200.202406191623/tools/bin/../lib/gcc/arm-none-eabi/12.3.1/../../../../arm-none-eabi/lib/thumb/v7e-m+fp/hard\libc_nano.a(libc_a-closer.o)
                              C:/MyFiles/Study/Soft/STM32Cube/STM32CubeIDE_1.16.1/STM32CubeIDE/plugins/com.st.stm32cube.ide.mcu.externaltools.gnu-tools-for-stm32.12.3.rel1.win32_1.0.200.202406191623/tools/bin/../lib/gcc/arm-none-eabi/12.3.1/../../../../arm-none-eabi/lib/thumb/v7e-m+fp/hard\libc_nano.a(libc_a-stdio.o) (_close_r)
C:/MyFiles/Study/Soft/STM32Cube/STM32CubeIDE_1.16.1/STM32CubeIDE/plugins/com.st.stm32cube.ide.mcu.externaltools.gnu-tools-for-stm32.12.3.rel1.win32_1.0.200.202406191623/tools/bin/../lib/gcc/arm-none-eabi/12.3.1/../../../../arm-none-eabi/lib/thumb/v7e-m+fp/hard\libc_nano.a(libc_a-reent.o)
                              C:/MyFiles/Study/Soft/STM32Cube/STM32CubeIDE_1.16.1/STM32CubeIDE/plugins/com.st.stm32cube.ide.mcu.externaltools.gnu-tools-for-stm32.12.3.rel1.win32_1.0.200.202406191623/tools/bin/../lib/gcc/arm-none-eabi/12.3.1/../../../../arm-none-eabi/lib/thumb/v7e-m+fp/hard\libc_nano.a(libc_a-closer.o) (errno)
[...]
Memory Configuration

Name             Origin             Length             Attributes
CCMRAM           0x10000000         0x00001000         xrw
RAM              0x20000000         0x00003000         xrw
FLASH            0x08000000         0x00010000         xr
*default*        0x00000000         0xffffffff

Linker script and memory map

LOAD C:/MyFiles/Study/Soft/STM32Cube/STM32CubeIDE_1.16.1/STM32CubeIDE/plugins/com.st.stm32cube.ide.mcu.externaltools.gnu-tools-for-stm32.12.3.rel1.win32_1.0.200.202406191623/tools/bin/../lib/gcc/arm-none-eabi/12.3.1/thumb/v7e-m+fp/hard/crti.o
LOAD C:/MyFiles/Study/Soft/STM32Cube/STM32CubeIDE_1.16.1/STM32CubeIDE/plugins/com.st.stm32cube.ide.mcu.externaltools.gnu-tools-for-stm32.12.3.rel1.win32_1.0.200.202406191623/tools/bin/../lib/gcc/arm-none-eabi/12.3.1/thumb/v7e-m+fp/hard/crtbegin.o
LOAD C:/MyFiles/Study/Soft/STM32Cube/STM32CubeIDE_1.16.1/STM32CubeIDE/plugins/com.st.stm32cube.ide.mcu.externaltools.gnu-tools-for-stm32.12.3.rel1.win32_1.0.200.202406191623/tools/bin/../lib/gcc/arm-none-eabi/12.3.1/../../../../arm-none-eabi/lib/thumb/v7e-m+fp/hard/crt0.o
LOAD ./Core/Src/dma.o
LOAD ./Core/Src/gpio.o
LOAD ./Core/Src/i2c.o
LOAD ./Core/Src/main.o
LOAD ./Core/Src/stm32f3xx_it.o
LOAD ./Core/Src/syscalls.o
LOAD ./Core/Src/sysmem.o
LOAD ./Core/Src/system_stm32f3xx.o
LOAD ./Core/Src/usart.o
LOAD ./Core/Startup/startup_stm32f303k8tx.o
LOAD ./Drivers/STM32F3xx_HAL_Driver/Src/stm32f3xx_ll_dma.o
LOAD ./Drivers/STM32F3xx_HAL_Driver/Src/stm32f3xx_ll_exti.o
LOAD ./Drivers/STM32F3xx_HAL_Driver/Src/stm32f3xx_ll_gpio.o
LOAD ./Drivers/STM32F3xx_HAL_Driver/Src/stm32f3xx_ll_i2c.o
LOAD ./Drivers/STM32F3xx_HAL_Driver/Src/stm32f3xx_ll_rcc.o
LOAD ./Drivers/STM32F3xx_HAL_Driver/Src/stm32f3xx_ll_usart.o
LOAD ./Drivers/STM32F3xx_HAL_Driver/Src/stm32f3xx_ll_utils.o
LOAD ./Sensors_i2c/HTS221.o
LOAD ./Sensors_i2c/LPS25HB.o
START GROUP
LOAD C:/MyFiles/Study/Soft/STM32Cube/STM32CubeIDE_1.16.1/STM32CubeIDE/plugins/com.st.stm32cube.ide.mcu.externaltools.gnu-tools-for-stm32.12.3.rel1.win32_1.0.200.202406191623/tools/bin/../lib/gcc/arm-none-eabi/12.3.1/../../../../arm-none-eabi/lib/thumb/v7e-m+fp/hard\libc_nano.a
LOAD C:/MyFiles/Study/Soft/STM32Cube/STM32CubeIDE_1.16.1/STM32CubeIDE/plugins/com.st.stm32cube.ide.mcu.externaltools.gnu-tools-for-stm32.12.3.rel1.win32_1.0.200.202406191623/tools/bin/../lib/gcc/arm-none-eabi/12.3.1/../../../../arm-none-eabi/lib/thumb/v7e-m+fp/hard\libm.a
END GROUP
START GROUP
LOAD C:/MyFiles/Study/Soft/STM32Cube/STM32CubeIDE_1.16.1/STM32CubeIDE/plugins/com.st.stm32cube.ide.mcu.externaltools.gnu-tools-for-stm32.12.3.rel1.win32_1.0.200.202406191623/tools/bin/../lib/gcc/arm-none-eabi/12.3.1/thumb/v7e-m+fp/hard\libgcc.a
LOAD C:/MyFiles/Study/Soft/STM32Cube/STM32CubeIDE_1.16.1/STM32CubeIDE/plugins/com.st.stm32cube.ide.mcu.externaltools.gnu-tools-for-stm32.12.3.rel1.win32_1.0.200.202406191623/tools/bin/../lib/gcc/arm-none-eabi/12.3.1/../../../../arm-none-eabi/lib/thumb/v7e-m+fp/hard\libc_nano.a
END GROUP
START GROUP
LOAD C:/MyFiles/Study/Soft/STM32Cube/STM32CubeIDE_1.16.1/STM32CubeIDE/plugins/com.st.stm32cube.ide.mcu.externaltools.gnu-tools-for-stm32.12.3.rel1.win32_1.0.200.202406191623/tools/bin/../lib/gcc/arm-none-eabi/12.3.1/thumb/v7e-m+fp/hard\libgcc.a
LOAD C:/MyFiles/Study/Soft/STM32Cube/STM32CubeIDE_1.16.1/STM32CubeIDE/plugins/com.st.stm32cube.ide.mcu.externaltools.gnu-tools-for-stm32.12.3.rel1.win32_1.0.200.202406191623/tools/bin/../lib/gcc/arm-none-eabi/12.3.1/../../../../arm-none-eabi/lib/thumb/v7e-m+fp/hard\libc_nano.a
LOAD C:/MyFiles/Study/Soft/STM32Cube/STM32CubeIDE_1.16.1/STM32CubeIDE/plugins/com.st.stm32cube.ide.mcu.externaltools.gnu-tools-for-stm32.12.3.rel1.win32_1.0.200.202406191623/tools/bin/../lib/gcc/arm-none-eabi/12.3.1/../../../../arm-none-eabi/lib/thumb/v7e-m+fp/hard\libnosys.a
END GROUP
START GROUP
LOAD C:/MyFiles/Study/Soft/STM32Cube/STM32CubeIDE_1.16.1/STM32CubeIDE/plugins/com.st.stm32cube.ide.mcu.externaltools.gnu-tools-for-stm32.12.3.rel1.win32_1.0.200.202406191623/tools/bin/../lib/gcc/arm-none-eabi/12.3.1/thumb/v7e-m+fp/hard\libgcc.a
LOAD C:/MyFiles/Study/Soft/STM32Cube/STM32CubeIDE_1.16.1/STM32CubeIDE/plugins/com.st.stm32cube.ide.mcu.externaltools.gnu-tools-for-stm32.12.3.rel1.win32_1.0.200.202406191623/tools/bin/../lib/gcc/arm-none-eabi/12.3.1/../../../../arm-none-eabi/lib/thumb/v7e-m+fp/hard\libc_nano.a
LOAD C:/MyFiles/Study/Soft/STM32Cube/STM32CubeIDE_1.16.1/STM32CubeIDE/plugins/com.st.stm32cube.ide.mcu.externaltools.gnu-tools-for-stm32.12.3.rel1.win32_1.0.200.202406191623/tools/bin/../lib/gcc/arm-none-eabi/12.3.1/../../../../arm-none-eabi/lib/thumb/v7e-m+fp/hard\libnosys.a
END GROUP
LOAD C:/MyFiles/Study/Soft/STM32Cube/STM32CubeIDE_1.16.1/STM32CubeIDE/plugins/com.st.stm32cube.ide.mcu.externaltools.gnu-tools-for-stm32.12.3.rel1.win32_1.0.200.202406191623/tools/bin/../lib/gcc/arm-none-eabi/12.3.1/thumb/v7e-m+fp/hard/crtend.o
LOAD C:/MyFiles/Study/Soft/STM32Cube/STM32CubeIDE_1.16.1/STM32CubeIDE/plugins/com.st.stm32cube.ide.mcu.externaltools.gnu-tools-for-stm32.12.3.rel1.win32_1.0.200.202406191623/tools/bin/../lib/gcc/arm-none-eabi/12.3.1/thumb/v7e-m+fp/hard/crtn.o
                0x20003000                        _estack = (ORIGIN (RAM) + LENGTH (RAM))
                0x00000200                        _Min_Heap_Size = 0x200
                0x00000400                        _Min_Stack_Size = 0x400

.isr_vector     0x08000000      0x188
                0x08000000                        . = ALIGN (0x4)
 *(.isr_vector)
 .isr_vector    0x08000000      0x188 ./Core/Startup/startup_stm32f303k8tx.o
                0x08000000                g_pfnVectors
                0x08000188                        . = ALIGN (0x4)

.text           0x08000190     0x4abc
                0x08000190                        . = ALIGN (0x4)
 *(.text)
 .text          0x08000190       0x40 C:/MyFiles/Study/Soft/STM32Cube/STM32CubeIDE_1.16.1/STM32CubeIDE/plugins/com.st.stm32cube.ide.mcu.externaltools.gnu-tools-for-stm32.12.3.rel1.win32_1.0.200.202406191623/tools/bin/../lib/gcc/arm-none-eabi/12.3.1/thumb/v7e-m+fp/hard/crtbegin.o
 .text          0x080001d0       0xa0 C:/MyFiles/Study/Soft/STM32Cube/STM32CubeIDE_1.16.1/STM32CubeIDE/plugins/com.st.stm32cube.ide.mcu.externaltools.gnu-tools-for-stm32.12.3.rel1.win32_1.0.200.202406191623/tools/bin/../lib/gcc/arm-none-eabi/12.3.1/../../../../arm-none-eabi/lib/thumb/v7e-m+fp/hard\libc_nano.a(libc_a-memchr.o)
                0x080001d0                memchr
 .text          0x08000270      0x378 C:/MyFiles/Study/Soft/STM32Cube/STM32CubeIDE_1.16.1/STM32CubeIDE/plugins/com.st.stm32cube.ide.mcu.externaltools.gnu-tools-for-stm32.12.3.rel1.win32_1.0.200.202406191623/tools/bin/../lib/gcc/arm-none-eabi/12.3.1/thumb/v7e-m+fp/hard\libgcc.a(_arm_addsubdf3.o)
                0x08000270                __aeabi_drsub
                0x08000278                __aeabi_dsub
                0x08000278                __subdf3
                0x0800027c                __aeabi_dadd
                0x0800027c                __adddf3
                0x080004f4                __floatunsidf
                0x080004f4                __aeabi_ui2d
                0x08000514                __floatsidf
                0x08000514                __aeabi_i2d
                0x08000538                __aeabi_f2d
                0x08000538                __extendsfdf2
                0x0800057c                __floatundidf
                0x0800057c                __aeabi_ul2d
                0x0800058c                __floatdidf
                0x0800058c                __aeabi_l2d
 .text          0x080005e8      0x424 C:/MyFiles/Study/Soft/STM32Cube/STM32CubeIDE_1.16.1/STM32CubeIDE/plugins/com.st.stm32cube.ide.mcu.externaltools.gnu-tools-for-stm32.12.3.rel1.win32_1.0.200.202406191623/tools/bin/../lib/gcc/arm-none-eabi/12.3.1/thumb/v7e-m+fp/hard\libgcc.a(_arm_muldivdf3.o)
                0x080005e8                __aeabi_dmul
                0x080005e8                __muldf3
                0x0800083c                __divdf3
                0x0800083c                __aeabi_ddiv
 .text          0x08000a0c      0x110 C:/MyFiles/Study/Soft/STM32Cube/STM32CubeIDE_1.16.1/STM32CubeIDE/plugins/com.st.stm32cube.ide.mcu.externaltools.gnu-tools-for-stm32.12.3.rel1.win32_1.0.200.202406191623/tools/bin/../lib/gcc/arm-none-eabi/12.3.1/thumb/v7e-m+fp/hard\libgcc.a(_arm_cmpdf2.o)
                0x08000a0c                __gtdf2
                0x08000a0c                __gedf2
                0x08000a14                __ltdf2
                0x08000a14                __ledf2
                0x08000a1c                __nedf2
                0x08000a1c                __eqdf2
                0x08000a1c                __cmpdf2
                0x08000a98                __aeabi_cdrcmple
                0x08000aa8                __aeabi_cdcmpeq
                0x08000aa8                __aeabi_cdcmple
                0x08000ab8                __aeabi_dcmpeq
                0x08000acc                __aeabi_dcmplt
                0x08000ae0                __aeabi_dcmple
                0x08000af4                __aeabi_dcmpge
                0x08000b08                __aeabi_dcmpgt
 .text          0x08000b1c       0x2c C:/MyFiles/Study/Soft/STM32Cube/STM32CubeIDE_1.16.1/STM32CubeIDE/plugins/com.st.stm32cube.ide.mcu.externaltools.gnu-tools-for-stm32.12.3.rel1.win32_1.0.200.202406191623/tools/bin/../lib/gcc/arm-none-eabi/12.3.1/thumb/v7e-m+fp/hard\libgcc.a(_arm_unorddf2.o)
                0x08000b1c                __unorddf2
                0x08000b1c                __aeabi_dcmpun
 .text          0x08000b48       0xa0 C:/MyFiles/Study/Soft/STM32Cube/STM32CubeIDE_1.16.1/STM32CubeIDE/plugins/com.st.stm32cube.ide.mcu.externaltools.gnu-tools-for-stm32.12.3.rel1.win32_1.0.200.202406191623/tools/bin/../lib/gcc/arm-none-eabi/12.3.1/thumb/v7e-m+fp/hard\libgcc.a(_arm_truncdfsf2.o)
                0x08000b48                __truncdfsf2
                0x08000b48                __aeabi_d2f
 *(.text*)
 .text.__NVIC_GetPriorityGrouping
                0x08000be8       0x1c ./Core/Src/dma.o
 .text.__NVIC_EnableIRQ
                0x08000c04       0x3c ./Core/Src/dma.o
 .text.__NVIC_SetPriority
                0x08000c40       0x54 ./Core/Src/dma.o
 .text.NVIC_EncodePriority
                0x08000c94       0x66 ./Core/Src/dma.o
 *fill*         0x08000cfa        0x2 
 .text.LL_AHB1_GRP1_EnableClock
                0x08000cfc       0x30 ./Core/Src/dma.o
 .text.MX_DMA_Init
                0x08000d2c       0x4e ./Core/Src/dma.o
                0x08000d2c                MX_DMA_Init
 *fill*         0x08000d7a        0x2 
 .text.LL_AHB1_GRP1_EnableClock
                0x08000d7c       0x30 ./Core/Src/gpio.o
 .text.MX_GPIO_Init
                0x08000dac       0x18 ./Core/Src/gpio.o
                0x08000dac                MX_GPIO_Init
 .text.__NVIC_GetPriorityGrouping
                0x08000dc4       0x1c ./Core/Src/i2c.o
 .text.__NVIC_EnableIRQ
                0x08000de0       0x3c ./Core/Src/i2c.o
 .text.__NVIC_SetPriority
                0x08000e1c       0x54 ./Core/Src/i2c.o
 .text.NVIC_EncodePriority
                0x08000e70       0x66 ./Core/Src/i2c.o
 .text.LL_I2C_EnableClockStretching
                0x08000ed6       0x20 ./Core/Src/i2c.o
 .text.LL_I2C_DisableGeneralCall
                0x08000ef6       0x20 ./Core/Src/i2c.o
 .text.LL_I2C_SetOwnAddress2
                0x08000f16       0x30 ./Core/Src/i2c.o
 .text.LL_I2C_DisableOwnAddress2
                0x08000f46       0x20 ./Core/Src/i2c.o
 .text.LL_I2C_EnableIT_RX
                0x08000f66       0x20 ./Core/Src/i2c.o
 .text.LL_I2C_DisableIT_RX
                0x08000f86       0x20 ./Core/Src/i2c.o
 .text.LL_I2C_IsActiveFlag_TXIS
                0x08000fa6       0x26 ./Core/Src/i2c.o
 .text.LL_I2C_IsActiveFlag_STOP
                0x08000fcc       0x26 ./Core/Src/i2c.o
 .text.LL_I2C_ClearFlag_STOP
                0x08000ff2       0x20 ./Core/Src/i2c.o
 .text.LL_I2C_EnableAutoEndMode
                0x08001012       0x20 ./Core/Src/i2c.o
 *fill*         0x08001032        0x2 
 .text.LL_I2C_HandleTransfer
                0x08001034       0x60 ./Core/Src/i2c.o
 .text.LL_I2C_ReceiveData8
                0x08001094       0x1a ./Core/Src/i2c.o
 .text.LL_I2C_TransmitData8
                0x080010ae       0x1e ./Core/Src/i2c.o
 .text.LL_AHB1_GRP1_EnableClock
                0x080010cc       0x30 ./Core/Src/i2c.o
 .text.LL_APB1_GRP1_EnableClock
                0x080010fc       0x30 ./Core/Src/i2c.o
 .text.MX_I2C1_Init
                0x0800112c       0xdc ./Core/Src/i2c.o
                0x0800112c                MX_I2C1_Init
 .text.i2c_master_write_multi
                0x08001208       0x98 ./Core/Src/i2c.o
                0x08001208                i2c_master_write_multi
 .text.i2c_master_read
                0x080012a0       0xf4 ./Core/Src/i2c.o
                0x080012a0                i2c_master_read
 .text.I2C1_Master_Reception_Callback
                0x08001394       0x54 ./Core/Src/i2c.o
                0x08001394                I2C1_Master_Reception_Callback
 .text.__NVIC_SetPriorityGrouping
                0x080013e8       0x48 ./Core/Src/main.o
 .text.__NVIC_GetPriorityGrouping
                0x08001430       0x1c ./Core/Src/main.o
 .text.__NVIC_SetPriority
                0x0800144c       0x54 ./Core/Src/main.o
 .text.NVIC_EncodePriority
                0x080014a0       0x66 ./Core/Src/main.o
 *fill*         0x08001506        0x2 
 .text.LL_RCC_HSI_Enable
                0x08001508       0x20 ./Core/Src/main.o
 .text.LL_RCC_HSI_IsReady
                0x08001528       0x24 ./Core/Src/main.o
 .text.LL_RCC_HSI_SetCalibTrimming
                0x0800154c       0x2c ./Core/Src/main.o
 .text.LL_RCC_SetSysClkSource
                0x08001578       0x28 ./Core/Src/main.o
 .text.LL_RCC_GetSysClkSource
                0x080015a0       0x1c ./Core/Src/main.o
 .text.LL_RCC_SetAHBPrescaler
                0x080015bc       0x28 ./Core/Src/main.o
 .text.LL_RCC_SetAPB1Prescaler
                0x080015e4       0x28 ./Core/Src/main.o
 .text.LL_RCC_SetAPB2Prescaler
                0x0800160c       0x28 ./Core/Src/main.o
 .text.LL_RCC_SetI2CClockSource
                0x08001634       0x30 ./Core/Src/main.o
 .text.LL_APB1_GRP1_EnableClock
                0x08001664       0x30 ./Core/Src/main.o
 .text.LL_APB2_GRP1_EnableClock
                0x08001694       0x30 ./Core/Src/main.o
 .text.LL_FLASH_SetLatency
                0x080016c4       0x28 ./Core/Src/main.o
 .text.LL_FLASH_GetLatency
                0x080016ec       0x1c ./Core/Src/main.o
 .text.main     0x08001708      0x180 ./Core/Src/main.o
                0x08001708                main
 .text.SystemClock_Config
                0x08001888       0x6c ./Core/Src/main.o
                0x08001888                SystemClock_Config
 .text.LL_I2C_IsActiveFlag_RXNE
                0x080018f4       0x26 ./Core/Src/stm32f3xx_it.o
 *fill*         0x0800191a        0x2 
 .text.LL_DMA_DisableChannel
                0x0800191c       0x40 ./Core/Src/stm32f3xx_it.o
 .text.LL_DMA_IsActiveFlag_TC6
                0x0800195c       0x28 ./Core/Src/stm32f3xx_it.o
 .text.LL_DMA_IsActiveFlag_TC7
                0x08001984       0x28 ./Core/Src/stm32f3xx_it.o
 .text.LL_DMA_IsActiveFlag_HT6
                0x080019ac       0x28 ./Core/Src/stm32f3xx_it.o
 .text.LL_DMA_ClearFlag_TC6
                0x080019d4       0x1c ./Core/Src/stm32f3xx_it.o
 .text.LL_DMA_ClearFlag_TC7
                0x080019f0       0x1c ./Core/Src/stm32f3xx_it.o
 .text.LL_DMA_ClearFlag_HT6
                0x08001a0c       0x1c ./Core/Src/stm32f3xx_it.o
 .text.LL_USART_IsActiveFlag_IDLE
                0x08001a28       0x26 ./Core/Src/stm32f3xx_it.o
 .text.LL_USART_IsActiveFlag_TC
                0x08001a4e       0x26 ./Core/Src/stm32f3xx_it.o
 .text.LL_USART_ClearFlag_IDLE
                0x08001a74       0x1a ./Core/Src/stm32f3xx_it.o
 .text.NMI_Handler
                0x08001a8e        0x8 ./Core/Src/stm32f3xx_it.o
                0x08001a8e                NMI_Handler
 .text.HardFault_Handler
                0x08001a96        0x8 ./Core/Src/stm32f3xx_it.o
                0x08001a96                HardFault_Handler
 .text.MemManage_Handler
                0x08001a9e        0x8 ./Core/Src/stm32f3xx_it.o
                0x08001a9e                MemManage_Handler
 .text.BusFault_Handler
                0x08001aa6        0x8 ./Core/Src/stm32f3xx_it.o
                0x08001aa6                BusFault_Handler
 .text.UsageFault_Handler
                0x08001aae        0x8 ./Core/Src/stm32f3xx_it.o
                0x08001aae                UsageFault_Handler
 .text.SVC_Handler
                0x08001ab6        0xe ./Core/Src/stm32f3xx_it.o
                0x08001ab6                SVC_Handler
 .text.DebugMon_Handler
                0x08001ac4        0xe ./Core/Src/stm32f3xx_it.o
                0x08001ac4                DebugMon_Handler
 .text.PendSV_Handler
                0x08001ad2        0xe ./Core/Src/stm32f3xx_it.o
                0x08001ad2                PendSV_Handler
 .text.SysTick_Handler
                0x08001ae0        0xe ./Core/Src/stm32f3xx_it.o
                0x08001ae0                SysTick_Handler
 *fill*         0x08001aee        0x2 
 .text.DMA1_Channel6_IRQHandler
                0x08001af0       0x34 ./Core/Src/stm32f3xx_it.o
                0x08001af0                DMA1_Channel6_IRQHandler
 .text.DMA1_Channel7_IRQHandler
                0x08001b24       0x38 ./Core/Src/stm32f3xx_it.o
                0x08001b24                DMA1_Channel7_IRQHandler
 .text.I2C1_EV_IRQHandler
                0x08001b5c       0x1c ./Core/Src/stm32f3xx_it.o
                0x08001b5c                I2C1_EV_IRQHandler
 .text.USART2_IRQHandler
                0x08001b78       0x20 ./Core/Src/stm32f3xx_it.o
                0x08001b78                USART2_IRQHandler
 .text._sbrk    0x08001b98       0x6c ./Core/Src/sysmem.o
                0x08001b98                _sbrk
 .text.SystemInit
                0x08001c04       0x24 ./Core/Src/system_stm32f3xx.o
                0x08001c04                SystemInit
 .text.__NVIC_EnableIRQ
                0x08001c28       0x3c ./Core/Src/usart.o
 .text.__NVIC_SetPriority
                0x08001c64       0x54 ./Core/Src/usart.o
 .text.LL_AHB1_GRP1_EnableClock
                0x08001cb8       0x30 ./Core/Src/usart.o
 .text.LL_APB1_GRP1_EnableClock
                0x08001ce8       0x30 ./Core/Src/usart.o
 .text.LL_DMA_EnableChannel
                0x08001d18       0x40 ./Core/Src/usart.o
 .text.LL_DMA_SetDataTransferDirection
                0x08001d58       0x4c ./Core/Src/usart.o
 .text.LL_DMA_GetDataTransferDirection
                0x08001da4       0x30 ./Core/Src/usart.o
 .text.LL_DMA_SetMode
                0x08001dd4       0x48 ./Core/Src/usart.o
 .text.LL_DMA_SetPeriphIncMode
                0x08001e1c       0x48 ./Core/Src/usart.o
 .text.LL_DMA_SetMemoryIncMode
                0x08001e64       0x48 ./Core/Src/usart.o
 .text.LL_DMA_SetPeriphSize
                0x08001eac       0x48 ./Core/Src/usart.o
 .text.LL_DMA_SetMemorySize
                0x08001ef4       0x48 ./Core/Src/usart.o
 .text.LL_DMA_SetChannelPriorityLevel
                0x08001f3c       0x48 ./Core/Src/usart.o
 .text.LL_DMA_SetDataLength
                0x08001f84       0x48 ./Core/Src/usart.o
 .text.LL_DMA_ConfigAddresses
                0x08001fcc       0x78 ./Core/Src/usart.o
 .text.LL_DMA_SetMemoryAddress
                0x08002044       0x30 ./Core/Src/usart.o
 .text.LL_DMA_SetPeriphAddress
                0x08002074       0x30 ./Core/Src/usart.o
 .text.LL_DMA_EnableIT_TC
                0x080020a4       0x40 ./Core/Src/usart.o
 .text.LL_DMA_EnableIT_HT
                0x080020e4       0x40 ./Core/Src/usart.o
 .text.LL_DMA_EnableIT_TE
                0x08002124       0x40 ./Core/Src/usart.o
 .text.LL_USART_Enable
                0x08002164       0x20 ./Core/Src/usart.o
 .text.LL_USART_ConfigAsyncMode
                0x08002184       0x2c ./Core/Src/usart.o
 .text.LL_USART_EnableIT_IDLE
                0x080021b0       0x42 ./Core/Src/usart.o
 .text.LL_USART_DisableIT_CTS
                0x080021f2       0x46 ./Core/Src/usart.o
 .text.LL_USART_EnableDMAReq_RX
                0x08002238       0x46 ./Core/Src/usart.o
 .text.LL_USART_EnableDMAReq_TX
                0x0800227e       0x46 ./Core/Src/usart.o
 .text.LL_USART_DMA_GetRegAddr
                0x080022c4       0x2c ./Core/Src/usart.o
 .text.MX_USART2_UART_Init
                0x080022f0      0x1c4 ./Core/Src/usart.o
                0x080022f0                MX_USART2_UART_Init
 .text.USART2_PutBuffer
                0x080024b4       0x40 ./Core/Src/usart.o
                0x080024b4                USART2_PutBuffer
 .text.Reset_Handler
                0x080024f4       0x50 ./Core/Startup/startup_stm32f303k8tx.o
                0x080024f4                Reset_Handler
 .text.Default_Handler
                0x08002544        0x2 ./Core/Startup/startup_stm32f303k8tx.o
                0x08002544                RTC_Alarm_IRQHandler
                0x08002544                TIM1_CC_IRQHandler
                0x08002544                PVD_IRQHandler
                0x08002544                TAMP_STAMP_IRQHandler
                0x08002544                EXTI3_IRQHandler
                0x08002544                EXTI0_IRQHandler
                0x08002544                FPU_IRQHandler
                0x08002544                CAN_TX_IRQHandler
                0x08002544                TIM1_UP_TIM16_IRQHandler
                0x08002544                ADC1_2_IRQHandler
                0x08002544                SPI1_IRQHandler
                0x08002544                CAN_SCE_IRQHandler
                0x08002544                DMA1_Channel4_IRQHandler
                0x08002544                USART3_IRQHandler
                0x08002544                TIM7_DAC2_IRQHandler
                0x08002544                CAN_RX1_IRQHandler
                0x08002544                TIM3_IRQHandler
                0x08002544                RCC_IRQHandler
                0x08002544                DMA1_Channel1_IRQHandler
                0x08002544                Default_Handler
                0x08002544                EXTI15_10_IRQHandler
                0x08002544                COMP2_IRQHandler
                0x08002544                TIM6_DAC1_IRQHandler
                0x08002544                EXTI9_5_IRQHandler
                0x08002544                RTC_WKUP_IRQHandler
                0x08002544                DMA1_Channel5_IRQHandler
                0x08002544                EXTI4_IRQHandler
                0x08002544                TIM1_TRG_COM_TIM17_IRQHandler
                0x08002544                DMA1_Channel3_IRQHandler
                0x08002544                WWDG_IRQHandler
                0x08002544                TIM2_IRQHandler
                0x08002544                EXTI1_IRQHandler
                0x08002544                COMP4_6_IRQHandler
                0x08002544                DMA1_Channel2_IRQHandler
                0x08002544                FLASH_IRQHandler
                0x08002544                USART1_IRQHandler
                0x08002544                CAN_RX0_IRQHandler
                0x08002544                I2C1_ER_IRQHandler
                0x08002544                EXTI2_TSC_IRQHandler
                0x08002544                TIM1_BRK_TIM15_IRQHandler
 .text.LL_GPIO_SetPinMode
                0x08002546       0x5e ./Drivers/STM32F3xx_HAL_Driver/Src/stm32f3xx_ll_gpio.o
 .text.LL_GPIO_SetPinOutputType
                0x080025a4       0x30 ./Drivers/STM32F3xx_HAL_Driver/Src/stm32f3xx_ll_gpio.o
 .text.LL_GPIO_SetPinSpeed
                0x080025d4       0x5e ./Drivers/STM32F3xx_HAL_Driver/Src/stm32f3xx_ll_gpio.o
 .text.LL_GPIO_SetPinPull
                0x08002632       0x5e ./Drivers/STM32F3xx_HAL_Driver/Src/stm32f3xx_ll_gpio.o
 .text.LL_GPIO_SetAFPin_0_7
                0x08002690       0x5e ./Drivers/STM32F3xx_HAL_Driver/Src/stm32f3xx_ll_gpio.o
 .text.LL_GPIO_SetAFPin_8_15
                0x080026ee       0x62 ./Drivers/STM32F3xx_HAL_Driver/Src/stm32f3xx_ll_gpio.o
 .text.LL_GPIO_Init
                0x08002750       0xe0 ./Drivers/STM32F3xx_HAL_Driver/Src/stm32f3xx_ll_gpio.o
                0x08002750                LL_GPIO_Init
 .text.LL_I2C_Enable
                0x08002830       0x20 ./Drivers/STM32F3xx_HAL_Driver/Src/stm32f3xx_ll_i2c.o
 .text.LL_I2C_Disable
                0x08002850       0x20 ./Drivers/STM32F3xx_HAL_Driver/Src/stm32f3xx_ll_i2c.o
 .text.LL_I2C_ConfigFilters
                0x08002870       0x2e ./Drivers/STM32F3xx_HAL_Driver/Src/stm32f3xx_ll_i2c.o
 .text.LL_I2C_SetOwnAddress1
                0x0800289e       0x30 ./Drivers/STM32F3xx_HAL_Driver/Src/stm32f3xx_ll_i2c.o
 .text.LL_I2C_EnableOwnAddress1
                0x080028ce       0x20 ./Drivers/STM32F3xx_HAL_Driver/Src/stm32f3xx_ll_i2c.o
 .text.LL_I2C_DisableOwnAddress1
                0x080028ee       0x20 ./Drivers/STM32F3xx_HAL_Driver/Src/stm32f3xx_ll_i2c.o
 .text.LL_I2C_SetTiming
                0x0800290e       0x1c ./Drivers/STM32F3xx_HAL_Driver/Src/stm32f3xx_ll_i2c.o
 .text.LL_I2C_SetMode
                0x0800292a       0x26 ./Drivers/STM32F3xx_HAL_Driver/Src/stm32f3xx_ll_i2c.o
 .text.LL_I2C_AcknowledgeNextData
                0x08002950       0x26 ./Drivers/STM32F3xx_HAL_Driver/Src/stm32f3xx_ll_i2c.o
 .text.LL_I2C_Init
                0x08002976       0x78 ./Drivers/STM32F3xx_HAL_Driver/Src/stm32f3xx_ll_i2c.o
                0x08002976                LL_I2C_Init
 *fill*         0x080029ee        0x2 
 .text.LL_RCC_HSI_IsReady
                0x080029f0       0x24 ./Drivers/STM32F3xx_HAL_Driver/Src/stm32f3xx_ll_rcc.o
 .text.LL_RCC_LSE_IsReady
                0x08002a14       0x24 ./Drivers/STM32F3xx_HAL_Driver/Src/stm32f3xx_ll_rcc.o
 .text.LL_RCC_GetSysClkSource
                0x08002a38       0x1c ./Drivers/STM32F3xx_HAL_Driver/Src/stm32f3xx_ll_rcc.o
 .text.LL_RCC_GetAHBPrescaler
                0x08002a54       0x1c ./Drivers/STM32F3xx_HAL_Driver/Src/stm32f3xx_ll_rcc.o
 .text.LL_RCC_GetAPB1Prescaler
                0x08002a70       0x1c ./Drivers/STM32F3xx_HAL_Driver/Src/stm32f3xx_ll_rcc.o
 .text.LL_RCC_GetAPB2Prescaler
                0x08002a8c       0x1c ./Drivers/STM32F3xx_HAL_Driver/Src/stm32f3xx_ll_rcc.o
 .text.LL_RCC_GetUSARTClockSource
                0x08002aa8       0x2c ./Drivers/STM32F3xx_HAL_Driver/Src/stm32f3xx_ll_rcc.o
 .text.LL_RCC_PLL_GetMainSource
                0x08002ad4       0x1c ./Drivers/STM32F3xx_HAL_Driver/Src/stm32f3xx_ll_rcc.o
 .text.LL_RCC_PLL_GetMultiplicator
                0x08002af0       0x1c ./Drivers/STM32F3xx_HAL_Driver/Src/stm32f3xx_ll_rcc.o
 .text.LL_RCC_PLL_GetPrediv
                0x08002b0c       0x1c ./Drivers/STM32F3xx_HAL_Driver/Src/stm32f3xx_ll_rcc.o
 .text.LL_RCC_GetSystemClocksFreq
                0x08002b28       0x4a ./Drivers/STM32F3xx_HAL_Driver/Src/stm32f3xx_ll_rcc.o
                0x08002b28                LL_RCC_GetSystemClocksFreq
 *fill*         0x08002b72        0x2 
 .text.LL_RCC_GetUSARTClockFreq
                0x08002b74       0x84 ./Drivers/STM32F3xx_HAL_Driver/Src/stm32f3xx_ll_rcc.o
                0x08002b74                LL_RCC_GetUSARTClockFreq
 .text.RCC_GetSystemClockFreq
                0x08002bf8       0x4c ./Drivers/STM32F3xx_HAL_Driver/Src/stm32f3xx_ll_rcc.o
                0x08002bf8                RCC_GetSystemClockFreq
 .text.RCC_GetHCLKClockFreq
                0x08002c44       0x2c ./Drivers/STM32F3xx_HAL_Driver/Src/stm32f3xx_ll_rcc.o
                0x08002c44                RCC_GetHCLKClockFreq
 .text.RCC_GetPCLK1ClockFreq
                0x08002c70       0x28 ./Drivers/STM32F3xx_HAL_Driver/Src/stm32f3xx_ll_rcc.o
                0x08002c70                RCC_GetPCLK1ClockFreq
 .text.RCC_GetPCLK2ClockFreq
                0x08002c98       0x28 ./Drivers/STM32F3xx_HAL_Driver/Src/stm32f3xx_ll_rcc.o
                0x08002c98                RCC_GetPCLK2ClockFreq
 .text.RCC_PLL_GetFreqDomain_SYS
                0x08002cc0       0x7c ./Drivers/STM32F3xx_HAL_Driver/Src/stm32f3xx_ll_rcc.o
                0x08002cc0                RCC_PLL_GetFreqDomain_SYS
 .text.LL_USART_IsEnabled
                0x08002d3c       0x26 ./Drivers/STM32F3xx_HAL_Driver/Src/stm32f3xx_ll_usart.o
 .text.LL_USART_SetStopBitsLength
                0x08002d62       0x26 ./Drivers/STM32F3xx_HAL_Driver/Src/stm32f3xx_ll_usart.o
 .text.LL_USART_SetHWFlowCtrl
                0x08002d88       0x26 ./Drivers/STM32F3xx_HAL_Driver/Src/stm32f3xx_ll_usart.o
 .text.LL_USART_SetBaudRate
                0x08002dae       0x6e ./Drivers/STM32F3xx_HAL_Driver/Src/stm32f3xx_ll_usart.o
 .text.LL_USART_Init
                0x08002e1c       0xd8 ./Drivers/STM32F3xx_HAL_Driver/Src/stm32f3xx_ll_usart.o
                0x08002e1c                LL_USART_Init
 .text.LL_InitTick
                0x08002ef4       0x34 ./Drivers/STM32F3xx_HAL_Driver/Src/stm32f3xx_ll_utils.o
 .text.LL_Init1msTick
                0x08002f28       0x1a ./Drivers/STM32F3xx_HAL_Driver/Src/stm32f3xx_ll_utils.o
                0x08002f28                LL_Init1msTick
 *fill*         0x08002f42        0x2 
 .text.LL_mDelay
                0x08002f44       0x4c ./Drivers/STM32F3xx_HAL_Driver/Src/stm32f3xx_ll_utils.o
                0x08002f44                LL_mDelay
 .text.LL_SetSystemCoreClock
                0x08002f90       0x20 ./Drivers/STM32F3xx_HAL_Driver/Src/stm32f3xx_ll_utils.o
                0x08002f90                LL_SetSystemCoreClock
 .text.HTS221_read_bytes
                0x08002fb0       0x30 ./Sensors_i2c/HTS221.o
                0x08002fb0                HTS221_read_bytes
 .text.HTS221_write_bytes
                0x08002fe0       0x30 ./Sensors_i2c/HTS221.o
                0x08002fe0                HTS221_write_bytes
 .text.HTS221_init
                0x08003010       0x50 ./Sensors_i2c/HTS221.o
                0x08003010                HTS221_init
 .text.HTS221_get_humidity_calibration
                0x08003060       0xb8 ./Sensors_i2c/HTS221.o
                0x08003060                HTS221_get_humidity_calibration
 .text.HTS221_get_humidity
                0x08003118       0x5c ./Sensors_i2c/HTS221.o
                0x08003118                HTS221_get_humidity
 .text.HTS221_get_temperature_calibration
                0x08003174      0x13c ./Sensors_i2c/HTS221.o
                0x08003174                HTS221_get_temperature_calibration
 .text.HTS221_get_temperature
                0x080032b0       0x60 ./Sensors_i2c/HTS221.o
                0x080032b0                HTS221_get_temperature
 .text.LPS25HB_read_bytes
                0x08003310       0x30 ./Sensors_i2c/LPS25HB.o
                0x08003310                LPS25HB_read_bytes
 .text.LPS25HB_write_bytes
                0x08003340       0x30 ./Sensors_i2c/LPS25HB.o
                0x08003340                LPS25HB_write_bytes
 .text.LPS25HB_init
                0x08003370       0x54 ./Sensors_i2c/LPS25HB.o
                0x08003370                LPS25HB_init
 .text.LPS25HB_get_pressure_calibration
                0x080033c4       0x34 ./Sensors_i2c/LPS25HB.o
                0x080033c4                LPS25HB_get_pressure_calibration
 .text.LPS25HB_get_pressure
                0x080033f8       0x4c ./Sensors_i2c/LPS25HB.o
                0x080033f8                LPS25HB_get_pressure
 .text.sprintf  0x08003444       0x40 C:/MyFiles/Study/Soft/STM32Cube/STM32CubeIDE_1.16.1/STM32CubeIDE/plugins/com.st.stm32cube.ide.mcu.externaltools.gnu-tools-for-stm32.12.3.rel1.win32_1.0.200.202406191623/tools/bin/../lib/gcc/arm-none-eabi/12.3.1/../../../../arm-none-eabi/lib/thumb/v7e-m+fp/hard\libc_nano.a(libc_a-sprintf.o)
                0x08003444                siprintf
                0x08003444                sprintf
 .text.__errno  0x08003484        0xc C:/MyFiles/Study/Soft/STM32Cube/STM32CubeIDE_1.16.1/STM32CubeIDE/plugins/com.st.stm32cube.ide.mcu.externaltools.gnu-tools-for-stm32.12.3.rel1.win32_1.0.200.202406191623/tools/bin/../lib/gcc/arm-none-eabi/12.3.1/../../../../arm-none-eabi/lib/thumb/v7e-m+fp/hard\libc_nano.a(libc_a-errno.o)
                0x08003484                __errno
 .text.__libc_init_array
                0x08003490       0x48 C:/MyFiles/Study/Soft/STM32Cube/STM32CubeIDE_1.16.1/STM32CubeIDE/plugins/com.st.stm32cube.ide.mcu.externaltools.gnu-tools-for-stm32.12.3.rel1.win32_1.0.200.202406191623/tools/bin/../lib/gcc/arm-none-eabi/12.3.1/../../../../arm-none-eabi/lib/thumb/v7e-m+fp/hard\libc_nano.a(libc_a-init.o)
                0x08003490                __libc_init_array
 .text.__retarget_lock_acquire_recursive
                0x080034d8        0x2 C:/MyFiles/Study/Soft/STM32Cube/STM32CubeIDE_1.16.1/STM32CubeIDE/plugins/com.st.stm32cube.ide.mcu.externaltools.gnu-tools-for-stm32.12.3.rel1.win32_1.0.200.202406191623/tools/bin/../lib/gcc/arm-none-eabi/12.3.1/../../../../arm-none-eabi/lib/thumb/v7e-m+fp/hard\libc_nano.a(libc_a-lock.o)
                0x080034d8                __retarget_lock_acquire_recursive
 .text.__retarget_lock_release_recursive
                0x080034da        0x2 C:/MyFiles/Study/Soft/STM32Cube/STM32CubeIDE_1.16.1/STM32CubeIDE/plugins/com.st.stm32cube.ide.mcu.externaltools.gnu-tools-for-stm32.12.3.rel1.win32_1.0.200.202406191623/tools/bin/../lib/gcc/arm-none-eabi/12.3.1/../../../../arm-none-eabi/lib/thumb/v7e-m+fp/hard\libc_nano.a(libc_a-lock.o)
                0x080034da                __retarget_lock_release_recursive
 .text._free_r  0x080034dc       0x94 C:/MyFiles/Study/Soft/STM32Cube/STM32CubeIDE_1.16.1/STM32CubeIDE/plugins/com.st.stm32cube.ide.mcu.externaltools.gnu-tools-for-stm32.12.3.rel1.win32_1.0.200.202406191623/tools/bin/../lib/gcc/arm-none-eabi/12.3.1/../../../../arm-none-eabi/lib/thumb/v7e-m+fp/hard\libc_nano.a(libc_a-freer.o)
                0x080034dc                _free_r
 .text.sbrk_aligned
                0x08003570       0x44 C:/MyFiles/Study/Soft/STM32Cube/STM32CubeIDE_1.16.1/STM32CubeIDE/plugins/com.st.stm32cube.ide.mcu.externaltools.gnu-tools-for-stm32.12.3.rel1.win32_1.0.200.202406191623/tools/bin/../lib/gcc/arm-none-eabi/12.3.1/../../../../arm-none-eabi/lib/thumb/v7e-m+fp/hard\libc_nano.a(libc_a-mallocr.o)
 .text._malloc_r
                0x080035b4      0x100 C:/MyFiles/Study/Soft/STM32Cube/STM32CubeIDE_1.16.1/STM32CubeIDE/plugins/com.st.stm32cube.ide.mcu.externaltools.gnu-tools-for-stm32.12.3.rel1.win32_1.0.200.202406191623/tools/bin/../lib/gcc/arm-none-eabi/12.3.1/../../../../arm-none-eabi/lib/thumb/v7e-m+fp/hard\libc_nano.a(libc_a-mallocr.o)
                0x080035b4                _malloc_r
 .text.__malloc_lock
                0x080036b4        0xc C:/MyFiles/Study/Soft/STM32Cube/STM32CubeIDE_1.16.1/STM32CubeIDE/plugins/com.st.stm32cube.ide.mcu.externaltools.gnu-tools-for-stm32.12.3.rel1.win32_1.0.200.202406191623/tools/bin/../lib/gcc/arm-none-eabi/12.3.1/../../../../arm-none-eabi/lib/thumb/v7e-m+fp/hard\libc_nano.a(libc_a-mlock.o)
                0x080036b4                __malloc_lock
 .text.__malloc_unlock
                0x080036c0        0xc C:/MyFiles/Study/Soft/STM32Cube/STM32CubeIDE_1.16.1/STM32CubeIDE/plugins/com.st.stm32cube.ide.mcu.externaltools.gnu-tools-for-stm32.12.3.rel1.win32_1.0.200.202406191623/tools/bin/../lib/gcc/arm-none-eabi/12.3.1/../../../../arm-none-eabi/lib/thumb/v7e-m+fp/hard\libc_nano.a(libc_a-mlock.o)
                0x080036c0                __malloc_unlock
 .text.__ssputs_r
                0x080036cc       0xb6 C:/MyFiles/Study/Soft/STM32Cube/STM32CubeIDE_1.16.1/STM32CubeIDE/plugins/com.st.stm32cube.ide.mcu.externaltools.gnu-tools-for-stm32.12.3.rel1.win32_1.0.200.202406191623/tools/bin/../lib/gcc/arm-none-eabi/12.3.1/../../../../arm-none-eabi/lib/thumb/v7e-m+fp/hard\libc_nano.a(libc_a-nano-svfprintf.o)
                0x080036cc                __ssputs_r
 *fill*         0x08003782        0x2 
 .text._svfprintf_r
                0x08003784      0x1f8 C:/MyFiles/Study/Soft/STM32Cube/STM32CubeIDE_1.16.1/STM32CubeIDE/plugins/com.st.stm32cube.ide.mcu.externaltools.gnu-tools-for-stm32.12.3.rel1.win32_1.0.200.202406191623/tools/bin/../lib/gcc/arm-none-eabi/12.3.1/../../../../arm-none-eabi/lib/thumb/v7e-m+fp/hard\libc_nano.a(libc_a-nano-svfprintf.o)
                0x08003784                _svfiprintf_r
                0x08003784                _svfprintf_r
 .text._printf_common
                0x0800397c       0xda C:/MyFiles/Study/Soft/STM32Cube/STM32CubeIDE_1.16.1/STM32CubeIDE/plugins/com.st.stm32cube.ide.mcu.externaltools.gnu-tools-for-stm32.12.3.rel1.win32_1.0.200.202406191623/tools/bin/../lib/gcc/arm-none-eabi/12.3.1/../../../../arm-none-eabi/lib/thumb/v7e-m+fp/hard\libc_nano.a(libc_a-nano-vfprintf_i.o)
                0x0800397c                _printf_common
 *fill*         0x08003a56        0x2 
 .text._printf_i
                0x08003a58      0x240 C:/MyFiles/Study/Soft/STM32Cube/STM32CubeIDE_1.16.1/STM32CubeIDE/plugins/com.st.stm32cube.ide.mcu.externaltools.gnu-tools-for-stm32.12.3.rel1.win32_1.0.200.202406191623/tools/bin/../lib/gcc/arm-none-eabi/12.3.1/../../../../arm-none-eabi/lib/thumb/v7e-m+fp/hard\libc_nano.a(libc_a-nano-vfprintf_i.o)
                0x08003a58                _printf_i
 .text.memmove  0x08003c98       0x34 C:/MyFiles/Study/Soft/STM32Cube/STM32CubeIDE_1.16.1/STM32CubeIDE/plugins/com.st.stm32cube.ide.mcu.externaltools.gnu-tools-for-stm32.12.3.rel1.win32_1.0.200.202406191623/tools/bin/../lib/gcc/arm-none-eabi/12.3.1/../../../../arm-none-eabi/lib/thumb/v7e-m+fp/hard\libc_nano.a(libc_a-memmove.o)
                0x08003c98                memmove
 .text._sbrk_r  0x08003ccc       0x20 C:/MyFiles/Study/Soft/STM32Cube/STM32CubeIDE_1.16.1/STM32CubeIDE/plugins/com.st.stm32cube.ide.mcu.externaltools.gnu-tools-for-stm32.12.3.rel1.win32_1.0.200.202406191623/tools/bin/../lib/gcc/arm-none-eabi/12.3.1/../../../../arm-none-eabi/lib/thumb/v7e-m+fp/hard\libc_nano.a(libc_a-sbrkr.o)
                0x08003ccc                _sbrk_r
 .text.memcpy   0x08003cec       0x1c C:/MyFiles/Study/Soft/STM32Cube/STM32CubeIDE_1.16.1/STM32CubeIDE/plugins/com.st.stm32cube.ide.mcu.externaltools.gnu-tools-for-stm32.12.3.rel1.win32_1.0.200.202406191623/tools/bin/../lib/gcc/arm-none-eabi/12.3.1/../../../../arm-none-eabi/lib/thumb/v7e-m+fp/hard\libc_nano.a(libc_a-memcpy-stub.o)
                0x08003cec                memcpy
 .text._realloc_r
                0x08003d08       0x5c C:/MyFiles/Study/Soft/STM32Cube/STM32CubeIDE_1.16.1/STM32CubeIDE/plugins/com.st.stm32cube.ide.mcu.externaltools.gnu-tools-for-stm32.12.3.rel1.win32_1.0.200.202406191623/tools/bin/../lib/gcc/arm-none-eabi/12.3.1/../../../../arm-none-eabi/lib/thumb/v7e-m+fp/hard\libc_nano.a(libc_a-reallocr.o)
                0x08003d08                _realloc_r
 .text._malloc_usable_size_r
                0x08003d64       0x10 C:/MyFiles/Study/Soft/STM32Cube/STM32CubeIDE_1.16.1/STM32CubeIDE/plugins/com.st.stm32cube.ide.mcu.externaltools.gnu-tools-for-stm32.12.3.rel1.win32_1.0.200.202406191623/tools/bin/../lib/gcc/arm-none-eabi/12.3.1/../../../../arm-none-eabi/lib/thumb/v7e-m+fp/hard\libc_nano.a(libc_a-msizer.o)
                0x08003d64                _malloc_usable_size_r
 .text.pow      0x08003d74       0xe0 C:/MyFiles/Study/Soft/STM32Cube/STM32CubeIDE_1.16.1/STM32CubeIDE/plugins/com.st.stm32cube.ide.mcu.externaltools.gnu-tools-for-stm32.12.3.rel1.win32_1.0.200.202406191623/tools/bin/../lib/gcc/arm-none-eabi/12.3.1/../../../../arm-none-eabi/lib/thumb/v7e-m+fp/hard\libm.a(libm_a-w_pow.o)
                0x08003d74                pow
 .text.finite   0x08003e54       0x16 C:/MyFiles/Study/Soft/STM32Cube/STM32CubeIDE_1.16.1/STM32CubeIDE/plugins/com.st.stm32cube.ide.mcu.externaltools.gnu-tools-for-stm32.12.3.rel1.win32_1.0.200.202406191623/tools/bin/../lib/gcc/arm-none-eabi/12.3.1/../../../../arm-none-eabi/lib/thumb/v7e-m+fp/hard\libm.a(libm_a-s_finite.o)
                0x08003e54                finite
 *fill*         0x08003e6a        0x6 
 .text.__ieee754_pow
                0x08003e70      0xa88 C:/MyFiles/Study/Soft/STM32Cube/STM32CubeIDE_1.16.1/STM32CubeIDE/plugins/com.st.stm32cube.ide.mcu.externaltools.gnu-tools-for-stm32.12.3.rel1.win32_1.0.200.202406191623/tools/bin/../lib/gcc/arm-none-eabi/12.3.1/../../../../arm-none-eabi/lib/thumb/v7e-m+fp/hard\libm.a(libm_a-e_pow.o)
                0x08003e70                __ieee754_pow
 .text.fabs     0x080048f8       0x10 C:/MyFiles/Study/Soft/STM32Cube/STM32CubeIDE_1.16.1/STM32CubeIDE/plugins/com.st.stm32cube.ide.mcu.externaltools.gnu-tools-for-stm32.12.3.rel1.win32_1.0.200.202406191623/tools/bin/../lib/gcc/arm-none-eabi/12.3.1/../../../../arm-none-eabi/lib/thumb/v7e-m+fp/hard\libm.a(libm_a-s_fabs.o)
                0x080048f8                fabs
 .text.scalbn   0x08004908       0xfc C:/MyFiles/Study/Soft/STM32Cube/STM32CubeIDE_1.16.1/STM32CubeIDE/plugins/com.st.stm32cube.ide.mcu.externaltools.gnu-tools-for-stm32.12.3.rel1.win32_1.0.200.202406191623/tools/bin/../lib/gcc/arm-none-eabi/12.3.1/../../../../arm-none-eabi/lib/thumb/v7e-m+fp/hard\libm.a(libm_a-s_scalbn.o)
                0x08004908                scalbn
 .text.with_errno
                0x08004a04       0x24 C:/MyFiles/Study/Soft/STM32Cube/STM32CubeIDE_1.16.1/STM32CubeIDE/plugins/com.st.stm32cube.ide.mcu.externaltools.gnu-tools-for-stm32.12.3.rel1.win32_1.0.200.202406191623/tools/bin/../lib/gcc/arm-none-eabi/12.3.1/../../../../arm-none-eabi/lib/thumb/v7e-m+fp/hard\libm.a(libm_a-math_err.o)
 .text.xflow    0x08004a28       0x32 C:/MyFiles/Study/Soft/STM32Cube/STM32CubeIDE_1.16.1/STM32CubeIDE/plugins/com.st.stm32cube.ide.mcu.externaltools.gnu-tools-for-stm32.12.3.rel1.win32_1.0.200.202406191623/tools/bin/../lib/gcc/arm-none-eabi/12.3.1/../../../../arm-none-eabi/lib/thumb/v7e-m+fp/hard\libm.a(libm_a-math_err.o)
 *fill*         0x08004a5a        0x6 
 .text.__math_uflow
                0x08004a60       0x10 C:/MyFiles/Study/Soft/STM32Cube/STM32CubeIDE_1.16.1/STM32CubeIDE/plugins/com.st.stm32cube.ide.mcu.externaltools.gnu-tools-for-stm32.12.3.rel1.win32_1.0.200.202406191623/tools/bin/../lib/gcc/arm-none-eabi/12.3.1/../../../../arm-none-eabi/lib/thumb/v7e-m+fp/hard\libm.a(libm_a-math_err.o)
                0x08004a60                __math_uflow
 .text.__math_oflow
                0x08004a70       0x10 C:/MyFiles/Study/Soft/STM32Cube/STM32CubeIDE_1.16.1/STM32CubeIDE/plugins/com.st.stm32cube.ide.mcu.externaltools.gnu-tools-for-stm32.12.3.rel1.win32_1.0.200.202406191623/tools/bin/../lib/gcc/arm-none-eabi/12.3.1/../../../../arm-none-eabi/lib/thumb/v7e-m+fp/hard\libm.a(libm_a-math_err.o)
                0x08004a70                __math_oflow
 .text.__ieee754_sqrt
                0x08004a80      0x1b4 C:/MyFiles/Study/Soft/STM32Cube/STM32CubeIDE_1.16.1/STM32CubeIDE/plugins/com.st.stm32cube.ide.mcu.externaltools.gnu-tools-for-stm32.12.3.rel1.win32_1.0.200.202406191623/tools/bin/../lib/gcc/arm-none-eabi/12.3.1/../../../../arm-none-eabi/lib/thumb/v7e-m+fp/hard\libm.a(libm_a-e_sqrt.o)
                0x08004a80                __ieee754_sqrt
 *(.glue_7)
 .glue_7        0x08004c34        0x0 linker stubs
 *(.glue_7t)
 .glue_7t       0x08004c34        0x0 linker stubs
 *(.eh_frame)
 .eh_frame      0x08004c34        0x0 C:/MyFiles/Study/Soft/STM32Cube/STM32CubeIDE_1.16.1/STM32CubeIDE/plugins/com.st.stm32cube.ide.mcu.externaltools.gnu-tools-for-stm32.12.3.rel1.win32_1.0.200.202406191623/tools/bin/../lib/gcc/arm-none-eabi/12.3.1/thumb/v7e-m+fp/hard/crtbegin.o
 *(.init)
 .init          0x08004c34        0x4 C:/MyFiles/Study/Soft/STM32Cube/STM32CubeIDE_1.16.1/STM32CubeIDE/plugins/com.st.stm32cube.ide.mcu.externaltools.gnu-tools-for-stm32.12.3.rel1.win32_1.0.200.202406191623/tools/bin/../lib/gcc/arm-none-eabi/12.3.1/thumb/v7e-m+fp/hard/crti.o
                0x08004c34                _init
 .init          0x08004c38        0x8 C:/MyFiles/Study/Soft/STM32Cube/STM32CubeIDE_1.16.1/STM32CubeIDE/plugins/com.st.stm32cube.ide.mcu.externaltools.gnu-tools-for-stm32.12.3.rel1.win32_1.0.200.202406191623/tools/bin/../lib/gcc/arm-none-eabi/12.3.1/thumb/v7e-m+fp/hard/crtn.o
 *(.fini)
 .fini          0x08004c40        0x4 C:/MyFiles/Study/Soft/STM32Cube/STM32CubeIDE_1.16.1/STM32CubeIDE/plugins/com.st.stm32cube.ide.mcu.externaltools.gnu-tools-for-stm32.12.3.rel1.win32_1.0.200.202406191623/tools/bin/../lib/gcc/arm-none-eabi/12.3.1/thumb/v7e-m+fp/hard/crti.o
                0x08004c40                _fini
 .fini          0x08004c44        0x8 C:/MyFiles/Study/Soft/STM32Cube/STM32CubeIDE_1.16.1/STM32CubeIDE/plugins/com.st.stm32cube.ide.mcu.externaltools.gnu-tools-for-stm32.12.3.rel1.win32_1.0.200.202406191623/tools/bin/../lib/gcc/arm-none-eabi/12.3.1/thumb/v7e-m+fp/hard/crtn.o
                0x08004c4c                        . = ALIGN (0x4)
                0x08004c4c                        _etext = .

.vfp11_veneer   0x08004c4c        0x0
 .vfp11_veneer  0x08004c4c        0x0 linker stubs

.v4_bx          0x08004c4c        0x0
 .v4_bx         0x08004c4c        0x0 linker stubs

.iplt           0x08004c4c        0x0
 .iplt          0x08004c4c        0x0 C:/MyFiles/Study/Soft/STM32Cube/STM32CubeIDE_1.16.1/STM32CubeIDE/plugins/com.st.stm32cube.ide.mcu.externaltools.gnu-tools-for-stm32.12.3.rel1.win32_1.0.200.202406191623/tools/bin/../lib/gcc/arm-none-eabi/12.3.1/thumb/v7e-m+fp/hard/crtbegin.o

.rodata         0x08004c50       0xa8
                0x08004c50                        . = ALIGN (0x4)
 *(.rodata)
 .rodata        0x08004c50       0x1b ./Core/Src/main.o
 *(.rodata*)
 *fill*         0x08004c6b        0x1 
 .rodata.CHANNEL_OFFSET_TAB
                0x08004c6c        0x7 ./Core/Src/stm32f3xx_it.o
 *fill*         0x08004c73        0x1 
 .rodata.AHBPrescTable
                0x08004c74       0x10 ./Core/Src/system_stm32f3xx.o
                0x08004c74                AHBPrescTable
 .rodata.APBPrescTable
                0x08004c84        0x8 ./Core/Src/system_stm32f3xx.o
                0x08004c84                APBPrescTable
 .rodata.CHANNEL_OFFSET_TAB
                0x08004c8c        0x7 ./Core/Src/usart.o
 .rodata._svfprintf_r.str1.1
                0x08004c93       0x11 C:/MyFiles/Study/Soft/STM32Cube/STM32CubeIDE_1.16.1/STM32CubeIDE/plugins/com.st.stm32cube.ide.mcu.externaltools.gnu-tools-for-stm32.12.3.rel1.win32_1.0.200.202406191623/tools/bin/../lib/gcc/arm-none-eabi/12.3.1/../../../../arm-none-eabi/lib/thumb/v7e-m+fp/hard\libc_nano.a(libc_a-nano-svfprintf.o)
 .rodata._printf_i.str1.1
                0x08004ca4       0x22 C:/MyFiles/Study/Soft/STM32Cube/STM32CubeIDE_1.16.1/STM32CubeIDE/plugins/com.st.stm32cube.ide.mcu.externaltools.gnu-tools-for-stm32.12.3.rel1.win32_1.0.200.202406191623/tools/bin/../lib/gcc/arm-none-eabi/12.3.1/../../../../arm-none-eabi/lib/thumb/v7e-m+fp/hard\libc_nano.a(libc_a-nano-vfprintf_i.o)
 *fill*         0x08004cc6        0x2 
 .rodata.dp_l   0x08004cc8       0x10 C:/MyFiles/Study/Soft/STM32Cube/STM32CubeIDE_1.16.1/STM32CubeIDE/plugins/com.st.stm32cube.ide.mcu.externaltools.gnu-tools-for-stm32.12.3.rel1.win32_1.0.200.202406191623/tools/bin/../lib/gcc/arm-none-eabi/12.3.1/../../../../arm-none-eabi/lib/thumb/v7e-m+fp/hard\libm.a(libm_a-e_pow.o)
 .rodata.dp_h   0x08004cd8       0x10 C:/MyFiles/Study/Soft/STM32Cube/STM32CubeIDE_1.16.1/STM32CubeIDE/plugins/com.st.stm32cube.ide.mcu.externaltools.gnu-tools-for-stm32.12.3.rel1.win32_1.0.200.202406191623/tools/bin/../lib/gcc/arm-none-eabi/12.3.1/../../../../arm-none-eabi/lib/thumb/v7e-m+fp/hard\libm.a(libm_a-e_pow.o)
 .rodata.bp     0x08004ce8       0x10 C:/MyFiles/Study/Soft/STM32Cube/STM32CubeIDE_1.16.1/STM32CubeIDE/plugins/com.st.stm32cube.ide.mcu.externaltools.gnu-tools-for-stm32.12.3.rel1.win32_1.0.200.202406191623/tools/bin/../lib/gcc/arm-none-eabi/12.3.1/../../../../arm-none-eabi/lib/thumb/v7e-m+fp/hard\libm.a(libm_a-e_pow.o)
                0x08004cf8                        . = ALIGN (0x4)

.ARM.extab      0x08004cf8        0x0
                0x08004cf8                        . = ALIGN (0x4)
 *(.ARM.extab* .gnu.linkonce.armextab.*)
                0x08004cf8                        . = ALIGN (0x4)

.ARM            0x08004cf8        0x8
                0x08004cf8                        . = ALIGN (0x4)
                0x08004cf8                        __exidx_start = .
 *(.ARM.exidx*)
 .ARM.exidx     0x08004cf8        0x8 C:/MyFiles/Study/Soft/STM32Cube/STM32CubeIDE_1.16.1/STM32CubeIDE/plugins/com.st.stm32cube.ide.mcu.externaltools.gnu-tools-for-stm32.12.3.rel1.win32_1.0.200.202406191623/tools/bin/../lib/gcc/arm-none-eabi/12.3.1/../../../../arm-none-eabi/lib/thumb/v7e-m+fp/hard\libc_nano.a(libc_a-memchr.o)
                0x08004d00                        __exidx_end = .
                0x08004d00                        . = ALIGN (0x4)

.preinit_array  0x08004d00        0x0
                0x08004d00                        . = ALIGN (0x4)
                0x08004d00                        PROVIDE (__preinit_array_start = .)
 *(.preinit_array*)
                0x08004d00                        PROVIDE (__preinit_array_end = .)
                0x08004d00                        . = ALIGN (0x4)

.init_array     0x08004d00        0x4
                0x08004d00                        . = ALIGN (0x4)
                0x08004d00                        PROVIDE (__init_array_start = .)
 *(SORT_BY_NAME(.init_array.*))
 *(.init_array*)
 .init_array    0x08004d00        0x4 C:/MyFiles/Study/Soft/STM32Cube/STM32CubeIDE_1.16.1/STM32CubeIDE/plugins/com.st.stm32cube.ide.mcu.externaltools.gnu-tools-for-stm32.12.3.rel1.win32_1.0.200.202406191623/tools/bin/../lib/gcc/arm-none-eabi/12.3.1/thumb/v7e-m+fp/hard/crtbegin.o
                0x08004d04                        PROVIDE (__init_array_end = .)
                0x08004d04                        . = ALIGN (0x4)

.fini_array     0x08004d04        0x4
                0x08004d04                        . = ALIGN (0x4)
                [!provide]                        PROVIDE (__fini_array_start = .)
 *(SORT_BY_NAME(.fini_array.*))
 *(.fini_array*)
 .fini_array    0x08004d04        0x4 C:/MyFiles/Study/Soft/STM32Cube/STM32CubeIDE_1.16.1/STM32CubeIDE/plugins/com.st.stm32cube.ide.mcu.externaltools.gnu-tools-for-stm32.12.3.rel1.win32_1.0.200.202406191623/tools/bin/../lib/gcc/arm-none-eabi/12.3.1/thumb/v7e-m+fp/hard/crtbegin.o
                [!provide]                        PROVIDE (__fini_array_end = .)
                0x08004d08                        . = ALIGN (0x4)
                0x08004d08                        _sidata = LOADADDR (.data)

.rel.dyn        0x08004d08        0x0
 .rel.iplt      0x08004d08        0x0 C:/MyFiles/Study/Soft/STM32Cube/STM32CubeIDE_1.16.1/STM32CubeIDE/plugins/com.st.stm32cube.ide.mcu.externaltools.gnu-tools-for-stm32.12.3.rel1.win32_1.0.200.202406191623/tools/bin/../lib/gcc/arm-none-eabi/12.3.1/thumb/v7e-m+fp/hard/crtbegin.o

.data           0x20000000       0x68 load address 0x08004d08
                0x20000000                        . = ALIGN (0x4)
                0x20000000                        _sdata = .
 *(.data)
 *(.data*)
 .data.SystemCoreClock
                0x20000000        0x4 ./Core/Src/system_stm32f3xx.o
                0x20000000                SystemCoreClock
 .data.HTS221_address
                0x20000004        0x1 ./Sensors_i2c/HTS221.o
                0x20000004                HTS221_address
 .data.LPS25HB_address
                0x20000005        0x1 ./Sensors_i2c/LPS25HB.o
                0x20000005                LPS25HB_address
 *fill*         0x20000006        0x2 
 .data._impure_ptr
                0x20000008        0x4 C:/MyFiles/Study/Soft/STM32Cube/STM32CubeIDE_1.16.1/STM32CubeIDE/plugins/com.st.stm32cube.ide.mcu.externaltools.gnu-tools-for-stm32.12.3.rel1.win32_1.0.200.202406191623/tools/bin/../lib/gcc/arm-none-eabi/12.3.1/../../../../arm-none-eabi/lib/thumb/v7e-m+fp/hard\libc_nano.a(libc_a-impure.o)
                0x20000008                _impure_ptr
 .data._impure_data
                0x2000000c       0x4c C:/MyFiles/Study/Soft/STM32Cube/STM32CubeIDE_1.16.1/STM32CubeIDE/plugins/com.st.stm32cube.ide.mcu.externaltools.gnu-tools-for-stm32.12.3.rel1.win32_1.0.200.202406191623/tools/bin/../lib/gcc/arm-none-eabi/12.3.1/../../../../arm-none-eabi/lib/thumb/v7e-m+fp/hard\libc_nano.a(libc_a-impure.o)
                0x2000000c                _impure_data
 .data.tiny     0x20000058        0x8 C:/MyFiles/Study/Soft/STM32Cube/STM32CubeIDE_1.16.1/STM32CubeIDE/plugins/com.st.stm32cube.ide.mcu.externaltools.gnu-tools-for-stm32.12.3.rel1.win32_1.0.200.202406191623/tools/bin/../lib/gcc/arm-none-eabi/12.3.1/../../../../arm-none-eabi/lib/thumb/v7e-m+fp/hard\libm.a(libm_a-e_sqrt.o)
 .data.one      0x20000060        0x8 C:/MyFiles/Study/Soft/STM32Cube/STM32CubeIDE_1.16.1/STM32CubeIDE/plugins/com.st.stm32cube.ide.mcu.externaltools.gnu-tools-for-stm32.12.3.rel1.win32_1.0.200.202406191623/tools/bin/../lib/gcc/arm-none-eabi/12.3.1/../../../../arm-none-eabi/lib/thumb/v7e-m+fp/hard\libm.a(libm_a-e_sqrt.o)
 *(.RamFunc)
 *(.RamFunc*)
                0x20000068                        . = ALIGN (0x4)
                0x20000068                        _edata = .
                0x08004d70                        _siccmram = LOADADDR (.ccmram)

.igot.plt       0x20000068        0x0 load address 0x08004d70
 .igot.plt      0x20000068        0x0 C:/MyFiles/Study/Soft/STM32Cube/STM32CubeIDE_1.16.1/STM32CubeIDE/plugins/com.st.stm32cube.ide.mcu.externaltools.gnu-tools-for-stm32.12.3.rel1.win32_1.0.200.202406191623/tools/bin/../lib/gcc/arm-none-eabi/12.3.1/thumb/v7e-m+fp/hard/crtbegin.o

.ccmram         0x10000000        0x0 load address 0x08004d70
                0x10000000                        . = ALIGN (0x4)
                0x10000000                        _sccmram = .
 *(.ccmram)
 *(.ccmram*)
                0x10000000                        . = ALIGN (0x4)
                0x10000000                        _eccmram = .
                0x10000000                        . = ALIGN (0x4)

.bss            0x20000068      0x214
                0x20000068                        _sbss = .
                0x20000068                        __bss_start__ = _sbss
 *(.bss)
 .bss           0x20000068       0x1c C:/MyFiles/Study/Soft/STM32Cube/STM32CubeIDE_1.16.1/STM32CubeIDE/plugins/com.st.stm32cube.ide.mcu.externaltools.gnu-tools-for-stm32.12.3.rel1.win32_1.0.200.202406191623/tools/bin/../lib/gcc/arm-none-eabi/12.3.1/thumb/v7e-m+fp/hard/crtbegin.o
 *(.bss*)
 .bss.aReceiveBuffer_read
                0x20000084        0x4 ./Core/Src/i2c.o
                0x20000084                aReceiveBuffer_read
 .bss.end_of_read_flag
                0x20000088        0x1 ./Core/Src/i2c.o
                0x20000088                end_of_read_flag
 .bss.ubReceiveIndex
                0x20000089        0x1 ./Core/Src/i2c.o
                0x20000089                ubReceiveIndex
 *fill*         0x2000008a        0x2 
 .bss.temperature
                0x2000008c        0x4 ./Core/Src/main.o
                0x2000008c                temperature
 .bss.humidity  0x20000090        0x4 ./Core/Src/main.o
                0x20000090                humidity
 .bss.pressure  0x20000094        0x4 ./Core/Src/main.o
                0x20000094                pressure
 .bss.refference_pressure
                0x20000098        0x4 ./Core/Src/main.o
                0x20000098                refference_pressure
 .bss.__sbrk_heap_end
                0x2000009c        0x4 ./Core/Src/sysmem.o
 .bss.bufferUSART2dma
                0x200000a0       0x80 ./Core/Src/usart.o
                0x200000a0                bufferUSART2dma
 .bss.HTS221_HumiditySlope
                0x20000120        0x4 ./Sensors_i2c/HTS221.o
                0x20000120                HTS221_HumiditySlope
 .bss.HTS221_HumidityZero
                0x20000124        0x4 ./Sensors_i2c/HTS221.o
                0x20000124                HTS221_HumidityZero
 .bss.HTS221_TemperatureSlope
                0x20000128        0x4 ./Sensors_i2c/HTS221.o
                0x20000128                HTS221_TemperatureSlope
 .bss.HTS221_TemperatureZero
                0x2000012c        0x4 ./Sensors_i2c/HTS221.o
                0x2000012c                HTS221_TemperatureZero
 .bss.LPS25HB_PressureOffset
                0x20000130        0x2 ./Sensors_i2c/LPS25HB.o
                0x20000130                LPS25HB_PressureOffset
 *fill*         0x20000132        0x2 
 .bss.__sf      0x20000134      0x138 C:/MyFiles/Study/Soft/STM32Cube/STM32CubeIDE_1.16.1/STM32CubeIDE/plugins/com.st.stm32cube.ide.mcu.externaltools.gnu-tools-for-stm32.12.3.rel1.win32_1.0.200.202406191623/tools/bin/../lib/gcc/arm-none-eabi/12.3.1/../../../../arm-none-eabi/lib/thumb/v7e-m+fp/hard\libc_nano.a(libc_a-findfp.o)
                0x20000134                __sf
 .bss.errno     0x2000026c        0x4 C:/MyFiles/Study/Soft/STM32Cube/STM32CubeIDE_1.16.1/STM32CubeIDE/plugins/com.st.stm32cube.ide.mcu.externaltools.gnu-tools-for-stm32.12.3.rel1.win32_1.0.200.202406191623/tools/bin/../lib/gcc/arm-none-eabi/12.3.1/../../../../arm-none-eabi/lib/thumb/v7e-m+fp/hard\libc_nano.a(libc_a-reent.o)
                0x2000026c                errno
 .bss.__lock___malloc_recursive_mutex
                0x20000270        0x1 C:/MyFiles/Study/Soft/STM32Cube/STM32CubeIDE_1.16.1/STM32CubeIDE/plugins/com.st.stm32cube.ide.mcu.externaltools.gnu-tools-for-stm32.12.3.rel1.win32_1.0.200.202406191623/tools/bin/../lib/gcc/arm-none-eabi/12.3.1/../../../../arm-none-eabi/lib/thumb/v7e-m+fp/hard\libc_nano.a(libc_a-lock.o)
                0x20000270                __lock___malloc_recursive_mutex
 *fill*         0x20000271        0x3 
 .bss.__malloc_sbrk_start
                0x20000274        0x4 C:/MyFiles/Study/Soft/STM32Cube/STM32CubeIDE_1.16.1/STM32CubeIDE/plugins/com.st.stm32cube.ide.mcu.externaltools.gnu-tools-for-stm32.12.3.rel1.win32_1.0.200.202406191623/tools/bin/../lib/gcc/arm-none-eabi/12.3.1/../../../../arm-none-eabi/lib/thumb/v7e-m+fp/hard\libc_nano.a(libc_a-mallocr.o)
                0x20000274                __malloc_sbrk_start
 .bss.__malloc_free_list
                0x20000278        0x4 C:/MyFiles/Study/Soft/STM32Cube/STM32CubeIDE_1.16.1/STM32CubeIDE/plugins/com.st.stm32cube.ide.mcu.externaltools.gnu-tools-for-stm32.12.3.rel1.win32_1.0.200.202406191623/tools/bin/../lib/gcc/arm-none-eabi/12.3.1/../../../../arm-none-eabi/lib/thumb/v7e-m+fp/hard\libc_nano.a(libc_a-mallocr.o)
                0x20000278                __malloc_free_list
 *(COMMON)
                0x2000027c                        . = ALIGN (0x4)
                0x2000027c                        _ebss = .
                0x2000027c                        __bss_end__ = _ebss

._user_heap_stack
                0x2000027c      0x604
                0x20000280                        . = ALIGN (0x8)
 *fill*         0x2000027c        0x4 
                [!provide]                        PROVIDE (end = .)
                0x20000280                        PROVIDE (_end = .)
                0x20000480                        . = (. + _Min_Heap_Size)
 *fill*         0x20000280      0x200 
                0x20000880                        . = (. + _Min_Stack_Size)
 *fill*         0x20000480      0x400 
                0x20000880                        . = ALIGN (0x8)

/DISCARD/
 libc.a(*)
 libm.a(*)
 libgcc.a(*)

.ARM.attributes
                0x00000000       0x30
 *(.ARM.attributes)
 .ARM.attributes
                0x00000000       0x22 C:/MyFiles/Study/Soft/STM32Cube/STM32CubeIDE_1.16.1/STM32CubeIDE/plugins/com.st.stm32cube.ide.mcu.externaltools.gnu-tools-for-stm32.12.3.rel1.win32_1.0.200.202406191623/tools/bin/../lib/gcc/arm-none-eabi/12.3.1/thumb/v7e-m+fp/hard/crti.o
 .ARM.attributes
                0x00000022       0x34 C:/MyFiles/Study/Soft/STM32Cube/STM32CubeIDE_1.16.1/STM32CubeIDE/plugins/com.st.stm32cube.ide.mcu.externaltools.gnu-tools-for-stm32.12.3.rel1.win32_1.0.200.202406191623/tools/bin/../lib/gcc/arm-none-eabi/12.3.1/thumb/v7e-m+fp/hard/crtbegin.o
 .ARM.attributes
                0x00000056       0x34 ./Core/Src/dma.o
 .ARM.attributes
                0x0000008a       0x34 ./Core/Src/gpio.o
 .ARM.attributes
                0x000000be       0x34 ./Core/Src/i2c.o
 .ARM.attributes
                0x000000f2       0x34 ./Core/Src/main.o
 .ARM.attributes
                0x00000126       0x34 ./Core/Src/stm32f3xx_it.o
 .ARM.attributes
                0x0000015a       0x34 ./Core/Src/sysmem.o
 .ARM.attributes
                0x0000018e       0x34 ./Core/Src/system_stm32f3xx.o
 .ARM.attributes
                0x000001c2       0x34 ./Core/Src/usart.o
 .ARM.attributes
                0x000001f6       0x21 ./Core/Startup/startup_stm32f303k8tx.o
 .ARM.attributes
                0x00000217       0x34 ./Drivers/STM32F3xx_HAL_Driver/Src/stm32f3xx_ll_gpio.o
 .ARM.attributes
                0x0000024b       0x34 ./Drivers/STM32F3xx_HAL_Driver/Src/stm32f3xx_ll_i2c.o
 .ARM.attributes
                0x0000027f       0x34 ./Drivers/STM32F3xx_HAL_Driver/Src/stm32f3xx_ll_rcc.o
 .ARM.attributes
                0x000002b3       0x34 ./Drivers/STM32F3xx_HAL_Driver/Src/stm32f3xx_ll_usart.o
 .ARM.attributes
                0x000002e7       0x34 ./Drivers/STM32F3xx_HAL_Driver/Src/stm32f3xx_ll_utils.o
 .ARM.attributes
                0x0000031b       0x34 ./Sensors_i2c/HTS221.o
 .ARM.attributes
                0x0000034f       0x34 ./Sensors_i2c/LPS25HB.o
 .ARM.attributes
                0x00000383       0x34 C:/MyFiles/Study/Soft/STM32Cube/STM32CubeIDE_1.16.1/STM32CubeIDE/plugins/com.st.stm32cube.ide.mcu.externaltools.gnu-tools-for-stm32.12.3.rel1.win32_1.0.200.202406191623/tools/bin/../lib/gcc/arm-none-eabi/12.3.1/../../../../arm-none-eabi/lib/thumb/v7e-m+fp/hard\libc_nano.a(libc_a-findfp.o)
 .ARM.attributes
                0x000003b7       0x34 C:/MyFiles/Study/Soft/STM32Cube/STM32CubeIDE_1.16.1/STM32CubeIDE/plugins/com.st.stm32cube.ide.mcu.externaltools.gnu-tools-for-stm32.12.3.rel1.win32_1.0.200.202406191623/tools/bin/../lib/gcc/arm-none-eabi/12.3.1/../../../../arm-none-eabi/lib/thumb/v7e-m+fp/hard\libc_nano.a(libc_a-sprintf.o)
 .ARM.attributes
                0x000003eb       0x34 C:/MyFiles/Study/Soft/STM32Cube/STM32CubeIDE_1.16.1/STM32CubeIDE/plugins/com.st.stm32cube.ide.mcu.externaltools.gnu-tools-for-stm32.12.3.rel1.win32_1.0.200.202406191623/tools/bin/../lib/gcc/arm-none-eabi/12.3.1/../../../../arm-none-eabi/lib/thumb/v7e-m+fp/hard\libc_nano.a(libc_a-reent.o)
 .ARM.attributes
                0x0000041f       0x34 C:/MyFiles/Study/Soft/STM32Cube/STM32CubeIDE_1.16.1/STM32CubeIDE/plugins/com.st.stm32cube.ide.mcu.externaltools.gnu-tools-for-stm32.12.3.rel1.win32_1.0.200.202406191623/tools/bin/../lib/gcc/arm-none-eabi/12.3.1/../../../../arm-none-eabi/lib/thumb/v7e-m+fp/hard\libc_nano.a(libc_a-impure.o)
 .ARM.attributes
                0x00000453       0x34 C:/MyFiles/Study/Soft/STM32Cube/STM32CubeIDE_1.16.1/STM32CubeIDE/plugins/com.st.stm32cube.ide.mcu.externaltools.gnu-tools-for-stm32.12.3.rel1.win32_1.0.200.202406191623/tools/bin/../lib/gcc/arm-none-eabi/12.3.1/../../../../arm-none-eabi/lib/thumb/v7e-m+fp/hard\libc_nano.a(libc_a-errno.o)
 .ARM.attributes
                0x00000487       0x34 C:/MyFiles/Study/Soft/STM32Cube/STM32CubeIDE_1.16.1/STM32CubeIDE/plugins/com.st.stm32cube.ide.mcu.externaltools.gnu-tools-for-stm32.12.3.rel1.win32_1.0.200.202406191623/tools/bin/../lib/gcc/arm-none-eabi/12.3.1/../../../../arm-none-eabi/lib/thumb/v7e-m+fp/hard\libc_nano.a(libc_a-init.o)
 .ARM.attributes
                0x000004bb       0x34 C:/MyFiles/Study/Soft/STM32Cube/STM32CubeIDE_1.16.1/STM32CubeIDE/plugins/com.st.stm32cube.ide.mcu.externaltools.gnu-tools-for-stm32.12.3.rel1.win32_1.0.200.202406191623/tools/bin/../lib/gcc/arm-none-eabi/12.3.1/../../../../arm-none-eabi/lib/thumb/v7e-m+fp/hard\libc_nano.a(libc_a-lock.o)
 .ARM.attributes
                0x000004ef       0x34 C:/MyFiles/Study/Soft/STM32Cube/STM32CubeIDE_1.16.1/STM32CubeIDE/plugins/com.st.stm32cube.ide.mcu.externaltools.gnu-tools-for-stm32.12.3.rel1.win32_1.0.200.202406191623/tools/bin/../lib/gcc/arm-none-eabi/12.3.1/../../../../arm-none-eabi/lib/thumb/v7e-m+fp/hard\libc_nano.a(libc_a-freer.o)
 .ARM.attributes
                0x00000523       0x34 C:/MyFiles/Study/Soft/STM32Cube/STM32CubeIDE_1.16.1/STM32CubeIDE/plugins/com.st.stm32cube.ide.mcu.externaltools.gnu-tools-for-stm32.12.3.rel1.win32_1.0.200.202406191623/tools/bin/../lib/gcc/arm-none-eabi/12.3.1/../../../../arm-none-eabi/lib/thumb/v7e-m+fp/hard\libc_nano.a(libc_a-mallocr.o)
 .ARM.attributes
                0x00000557       0x34 C:/MyFiles/Study/Soft/STM32Cube/STM32CubeIDE_1.16.1/STM32CubeIDE/plugins/com.st.stm32cube.ide.mcu.externaltools.gnu-tools-for-stm32.12.3.rel1.win32_1.0.200.202406191623/tools/bin/../lib/gcc/arm-none-eabi/12.3.1/../../../../arm-none-eabi/lib/thumb/v7e-m+fp/hard\libc_nano.a(libc_a-mlock.o)
 .ARM.attributes
                0x0000058b       0x34 C:/MyFiles/Study/Soft/STM32Cube/STM32CubeIDE_1.16.1/STM32CubeIDE/plugins/com.st.stm32cube.ide.mcu.externaltools.gnu-tools-for-stm32.12.3.rel1.win32_1.0.200.202406191623/tools/bin/../lib/gcc/arm-none-eabi/12.3.1/../../../../arm-none-eabi/lib/thumb/v7e-m+fp/hard\libc_nano.a(libc_a-nano-svfprintf.o)
 .ARM.attributes
                0x000005bf       0x34 C:/MyFiles/Study/Soft/STM32Cube/STM32CubeIDE_1.16.1/STM32CubeIDE/plugins/com.st.stm32cube.ide.mcu.externaltools.gnu-tools-for-stm32.12.3.rel1.win32_1.0.200.202406191623/tools/bin/../lib/gcc/arm-none-eabi/12.3.1/../../../../arm-none-eabi/lib/thumb/v7e-m+fp/hard\libc_nano.a(libc_a-nano-vfprintf_i.o)
 .ARM.attributes
                0x000005f3       0x34 C:/MyFiles/Study/Soft/STM32Cube/STM32CubeIDE_1.16.1/STM32CubeIDE/plugins/com.st.stm32cube.ide.mcu.externaltools.gnu-tools-for-stm32.12.3.rel1.win32_1.0.200.202406191623/tools/bin/../lib/gcc/arm-none-eabi/12.3.1/../../../../arm-none-eabi/lib/thumb/v7e-m+fp/hard\libc_nano.a(libc_a-memmove.o)
 .ARM.attributes
                0x00000627       0x34 C:/MyFiles/Study/Soft/STM32Cube/STM32CubeIDE_1.16.1/STM32CubeIDE/plugins/com.st.stm32cube.ide.mcu.externaltools.gnu-tools-for-stm32.12.3.rel1.win32_1.0.200.202406191623/tools/bin/../lib/gcc/arm-none-eabi/12.3.1/../../../../arm-none-eabi/lib/thumb/v7e-m+fp/hard\libc_nano.a(libc_a-sbrkr.o)
 .ARM.attributes
                0x0000065b       0x1c C:/MyFiles/Study/Soft/STM32Cube/STM32CubeIDE_1.16.1/STM32CubeIDE/plugins/com.st.stm32cube.ide.mcu.externaltools.gnu-tools-for-stm32.12.3.rel1.win32_1.0.200.202406191623/tools/bin/../lib/gcc/arm-none-eabi/12.3.1/../../../../arm-none-eabi/lib/thumb/v7e-m+fp/hard\libc_nano.a(libc_a-memchr.o)
 .ARM.attributes
                0x00000677       0x34 C:/MyFiles/Study/Soft/STM32Cube/STM32CubeIDE_1.16.1/STM32CubeIDE/plugins/com.st.stm32cube.ide.mcu.externaltools.gnu-tools-for-stm32.12.3.rel1.win32_1.0.200.202406191623/tools/bin/../lib/gcc/arm-none-eabi/12.3.1/../../../../arm-none-eabi/lib/thumb/v7e-m+fp/hard\libc_nano.a(libc_a-memcpy-stub.o)
 .ARM.attributes
                0x000006ab       0x34 C:/MyFiles/Study/Soft/STM32Cube/STM32CubeIDE_1.16.1/STM32CubeIDE/plugins/com.st.stm32cube.ide.mcu.externaltools.gnu-tools-for-stm32.12.3.rel1.win32_1.0.200.202406191623/tools/bin/../lib/gcc/arm-none-eabi/12.3.1/../../../../arm-none-eabi/lib/thumb/v7e-m+fp/hard\libc_nano.a(libc_a-reallocr.o)
 .ARM.attributes
                0x000006df       0x34 C:/MyFiles/Study/Soft/STM32Cube/STM32CubeIDE_1.16.1/STM32CubeIDE/plugins/com.st.stm32cube.ide.mcu.externaltools.gnu-tools-for-stm32.12.3.rel1.win32_1.0.200.202406191623/tools/bin/../lib/gcc/arm-none-eabi/12.3.1/../../../../arm-none-eabi/lib/thumb/v7e-m+fp/hard\libc_nano.a(libc_a-msizer.o)
 .ARM.attributes
                0x00000713       0x34 C:/MyFiles/Study/Soft/STM32Cube/STM32CubeIDE_1.16.1/STM32CubeIDE/plugins/com.st.stm32cube.ide.mcu.externaltools.gnu-tools-for-stm32.12.3.rel1.win32_1.0.200.202406191623/tools/bin/../lib/gcc/arm-none-eabi/12.3.1/../../../../arm-none-eabi/lib/thumb/v7e-m+fp/hard\libm.a(libm_a-w_pow.o)
 .ARM.attributes
                0x00000747       0x34 C:/MyFiles/Study/Soft/STM32Cube/STM32CubeIDE_1.16.1/STM32CubeIDE/plugins/com.st.stm32cube.ide.mcu.externaltools.gnu-tools-for-stm32.12.3.rel1.win32_1.0.200.202406191623/tools/bin/../lib/gcc/arm-none-eabi/12.3.1/../../../../arm-none-eabi/lib/thumb/v7e-m+fp/hard\libm.a(libm_a-s_finite.o)
 .ARM.attributes
                0x0000077b       0x34 C:/MyFiles/Study/Soft/STM32Cube/STM32CubeIDE_1.16.1/STM32CubeIDE/plugins/com.st.stm32cube.ide.mcu.externaltools.gnu-tools-for-stm32.12.3.rel1.win32_1.0.200.202406191623/tools/bin/../lib/gcc/arm-none-eabi/12.3.1/../../../../arm-none-eabi/lib/thumb/v7e-m+fp/hard\libm.a(libm_a-e_pow.o)
 .ARM.attributes
                0x000007af       0x34 C:/MyFiles/Study/Soft/STM32Cube/STM32CubeIDE_1.16.1/STM32CubeIDE/plugins/com.st.stm32cube.ide.mcu.externaltools.gnu-tools-for-stm32.12.3.rel1.win32_1.0.200.202406191623/tools/bin/../lib/gcc/arm-none-eabi/12.3.1/../../../../arm-none-eabi/lib/thumb/v7e-m+fp/hard\libm.a(libm_a-s_fabs.o)
 .ARM.attributes
                0x000007e3       0x34 C:/MyFiles/Study/Soft/STM32Cube/STM32CubeIDE_1.16.1/STM32CubeIDE/plugins/com.st.stm32cube.ide.mcu.externaltools.gnu-tools-for-stm32.12.3.rel1.win32_1.0.200.202406191623/tools/bin/../lib/gcc/arm-none-eabi/12.3.1/../../../../arm-none-eabi/lib/thumb/v7e-m+fp/hard\libm.a(libm_a-s_scalbn.o)
 .ARM.attributes
                0x00000817       0x34 C:/MyFiles/Study/Soft/STM32Cube/STM32CubeIDE_1.16.1/STM32CubeIDE/plugins/com.st.stm32cube.ide.mcu.externaltools.gnu-tools-for-stm32.12.3.rel1.win32_1.0.200.202406191623/tools/bin/../lib/gcc/arm-none-eabi/12.3.1/../../../../arm-none-eabi/lib/thumb/v7e-m+fp/hard\libm.a(libm_a-math_err.o)
 .ARM.attributes
                0x0000084b       0x34 C:/MyFiles/Study/Soft/STM32Cube/STM32CubeIDE_1.16.1/STM32CubeIDE/plugins/com.st.stm32cube.ide.mcu.externaltools.gnu-tools-for-stm32.12.3.rel1.win32_1.0.200.202406191623/tools/bin/../lib/gcc/arm-none-eabi/12.3.1/../../../../arm-none-eabi/lib/thumb/v7e-m+fp/hard\libm.a(libm_a-e_sqrt.o)
 .ARM.attributes
                0x0000087f       0x22 C:/MyFiles/Study/Soft/STM32Cube/STM32CubeIDE_1.16.1/STM32CubeIDE/plugins/com.st.stm32cube.ide.mcu.externaltools.gnu-tools-for-stm32.12.3.rel1.win32_1.0.200.202406191623/tools/bin/../lib/gcc/arm-none-eabi/12.3.1/thumb/v7e-m+fp/hard\libgcc.a(_arm_addsubdf3.o)
 .ARM.attributes
                0x000008a1       0x22 C:/MyFiles/Study/Soft/STM32Cube/STM32CubeIDE_1.16.1/STM32CubeIDE/plugins/com.st.stm32cube.ide.mcu.externaltools.gnu-tools-for-stm32.12.3.rel1.win32_1.0.200.202406191623/tools/bin/../lib/gcc/arm-none-eabi/12.3.1/thumb/v7e-m+fp/hard\libgcc.a(_arm_muldivdf3.o)
 .ARM.attributes
                0x000008c3       0x22 C:/MyFiles/Study/Soft/STM32Cube/STM32CubeIDE_1.16.1/STM32CubeIDE/plugins/com.st.stm32cube.ide.mcu.externaltools.gnu-tools-for-stm32.12.3.rel1.win32_1.0.200.202406191623/tools/bin/../lib/gcc/arm-none-eabi/12.3.1/thumb/v7e-m+fp/hard\libgcc.a(_arm_cmpdf2.o)
 .ARM.attributes
                0x000008e5       0x22 C:/MyFiles/Study/Soft/STM32Cube/STM32CubeIDE_1.16.1/STM32CubeIDE/plugins/com.st.stm32cube.ide.mcu.externaltools.gnu-tools-for-stm32.12.3.rel1.win32_1.0.200.202406191623/tools/bin/../lib/gcc/arm-none-eabi/12.3.1/thumb/v7e-m+fp/hard\libgcc.a(_arm_unorddf2.o)
 .ARM.attributes
                0x00000907       0x22 C:/MyFiles/Study/Soft/STM32Cube/STM32CubeIDE_1.16.1/STM32CubeIDE/plugins/com.st.stm32cube.ide.mcu.externaltools.gnu-tools-for-stm32.12.3.rel1.win32_1.0.200.202406191623/tools/bin/../lib/gcc/arm-none-eabi/12.3.1/thumb/v7e-m+fp/hard\libgcc.a(_arm_truncdfsf2.o)
 .ARM.attributes
                0x00000929       0x22 C:/MyFiles/Study/Soft/STM32Cube/STM32CubeIDE_1.16.1/STM32CubeIDE/plugins/com.st.stm32cube.ide.mcu.externaltools.gnu-tools-for-stm32.12.3.rel1.win32_1.0.200.202406191623/tools/bin/../lib/gcc/arm-none-eabi/12.3.1/thumb/v7e-m+fp/hard/crtn.o
OUTPUT(sensores-climate.elf elf32-littlearm)
LOAD linker stubs
LOAD C:/MyFiles/Study/Soft/STM32Cube/STM32CubeIDE_1.16.1/STM32CubeIDE/plugins/com.st.stm32cube.ide.mcu.externaltools.gnu-tools-for-stm32.12.3.rel1.win32_1.0.200.202406191623/tools/bin/../lib/gcc/arm-none-eabi/12.3.1/../../../../arm-none-eabi/lib/thumb/v7e-m+fp/hard\libc.a
LOAD C:/MyFiles/Study/Soft/STM32Cube/STM32CubeIDE_1.16.1/STM32CubeIDE/plugins/com.st.stm32cube.ide.mcu.externaltools.gnu-tools-for-stm32.12.3.rel1.win32_1.0.200.202406191623/tools/bin/../lib/gcc/arm-none-eabi/12.3.1/../../../../arm-none-eabi/lib/thumb/v7e-m+fp/hard\libm.a
LOAD C:/MyFiles/Study/Soft/STM32Cube/STM32CubeIDE_1.16.1/STM32CubeIDE/plugins/com.st.stm32cube.ide.mcu.externaltools.gnu-tools-for-stm32.12.3.rel1.win32_1.0.200.202406191623/tools/bin/../lib/gcc/arm-none-eabi/12.3.1/thumb/v7e-m+fp/hard\libgcc.a

.debug_info     0x00000000     0x68d6
 .debug_info    0x00000000      0x72d ./Core/Src/dma.o
 .debug_info    0x0000072d      0x1d9 ./Core/Src/gpio.o
 .debug_info    0x00000906      0xdec ./Core/Src/i2c.o
 .debug_info    0x000016f2      0xb85 ./Core/Src/main.o
 .debug_info    0x00002277      0x5d7 ./Core/Src/stm32f3xx_it.o
 .debug_info    0x0000284e      0x168 ./Core/Src/sysmem.o
 .debug_info    0x000029b6      0x400 ./Core/Src/system_stm32f3xx.o
 .debug_info    0x00002db6     0x12cb ./Core/Src/usart.o
 .debug_info    0x00004081       0x30 ./Core/Startup/startup_stm32f303k8tx.o
 .debug_info    0x000040b1      0x6e7 ./Drivers/STM32F3xx_HAL_Driver/Src/stm32f3xx_ll_gpio.o
 .debug_info    0x00004798      0x529 ./Drivers/STM32F3xx_HAL_Driver/Src/stm32f3xx_ll_i2c.o
 .debug_info    0x00004cc1      0x6b1 ./Drivers/STM32F3xx_HAL_Driver/Src/stm32f3xx_ll_rcc.o
 .debug_info    0x00005372      0x68a ./Drivers/STM32F3xx_HAL_Driver/Src/stm32f3xx_ll_usart.o
 .debug_info    0x000059fc      0x803 ./Drivers/STM32F3xx_HAL_Driver/Src/stm32f3xx_ll_utils.o
 .debug_info    0x000061ff      0x417 ./Sensors_i2c/HTS221.o
 .debug_info    0x00006616      0x2c0 ./Sensors_i2c/LPS25HB.o

.debug_abbrev   0x00000000     0x1afc
 .debug_abbrev  0x00000000      0x197 ./Core/Src/dma.o
 .debug_abbrev  0x00000197      0x102 ./Core/Src/gpio.o
 .debug_abbrev  0x00000299      0x266 ./Core/Src/i2c.o
 .debug_abbrev  0x000004ff      0x2ba ./Core/Src/main.o
 .debug_abbrev  0x000007b9      0x1af ./Core/Src/stm32f3xx_it.o
 .debug_abbrev  0x00000968       0xbc ./Core/Src/sysmem.o
 .debug_abbrev  0x00000a24      0x11a ./Core/Src/system_stm32f3xx.o
 .debug_abbrev  0x00000b3e      0x2f9 ./Core/Src/usart.o
 .debug_abbrev  0x00000e37       0x24 ./Core/Startup/startup_stm32f303k8tx.o
 .debug_abbrev  0x00000e5b      0x21e ./Drivers/STM32F3xx_HAL_Driver/Src/stm32f3xx_ll_gpio.o
 .debug_abbrev  0x00001079      0x177 ./Drivers/STM32F3xx_HAL_Driver/Src/stm32f3xx_ll_i2c.o
 .debug_abbrev  0x000011f0      0x246 ./Drivers/STM32F3xx_HAL_Driver/Src/stm32f3xx_ll_rcc.o
 .debug_abbrev  0x00001436      0x1dd ./Drivers/STM32F3xx_HAL_Driver/Src/stm32f3xx_ll_usart.o
 .debug_abbrev  0x00001613      0x2b9 ./Drivers/STM32F3xx_HAL_Driver/Src/stm32f3xx_ll_utils.o
 .debug_abbrev  0x000018cc      0x12b ./Sensors_i2c/HTS221.o
 .debug_abbrev  0x000019f7      0x105 ./Sensors_i2c/LPS25HB.o

.debug_aranges  0x00000000      0x858
 .debug_aranges
                0x00000000       0x48 ./Core/Src/dma.o
 .debug_aranges
                0x00000048       0x28 ./Core/Src/gpio.o
 .debug_aranges
                0x00000070       0xd0 ./Core/Src/i2c.o
 .debug_aranges
                0x00000140       0xb8 ./Core/Src/main.o
 .debug_aranges
                0x000001f8       0xd8 ./Core/Src/stm32f3xx_it.o
 .debug_aranges
                0x000002d0       0x20 ./Core/Src/sysmem.o
 .debug_aranges
                0x000002f0       0x28 ./Core/Src/system_stm32f3xx.o
 .debug_aranges
                0x00000318      0x118 ./Core/Src/usart.o
 .debug_aranges
                0x00000430       0x28 ./Core/Startup/startup_stm32f303k8tx.o
 .debug_aranges
                0x00000458       0x70 ./Drivers/STM32F3xx_HAL_Driver/Src/stm32f3xx_ll_gpio.o
 .debug_aranges
                0x000004c8       0x88 ./Drivers/STM32F3xx_HAL_Driver/Src/stm32f3xx_ll_i2c.o
 .debug_aranges
                0x00000550      0x100 ./Drivers/STM32F3xx_HAL_Driver/Src/stm32f3xx_ll_rcc.o
 .debug_aranges
                0x00000650       0x88 ./Drivers/STM32F3xx_HAL_Driver/Src/stm32f3xx_ll_usart.o
 .debug_aranges
                0x000006d8       0xf0 ./Drivers/STM32F3xx_HAL_Driver/Src/stm32f3xx_ll_utils.o
 .debug_aranges
                0x000007c8       0x50 ./Sensors_i2c/HTS221.o
 .debug_aranges
                0x00000818       0x40 ./Sensors_i2c/LPS25HB.o

.debug_rnglists
                0x00000000      0x602
 .debug_rnglists
                0x00000000       0x31 ./Core/Src/dma.o
 .debug_rnglists
                0x00000031       0x19 ./Core/Src/gpio.o
 .debug_rnglists
                0x0000004a       0x9a ./Core/Src/i2c.o
 .debug_rnglists
                0x000000e4       0x86 ./Core/Src/main.o
 .debug_rnglists
                0x0000016a       0x9d ./Core/Src/stm32f3xx_it.o
 .debug_rnglists
                0x00000207       0x13 ./Core/Src/sysmem.o
 .debug_rnglists
                0x0000021a       0x1a ./Core/Src/system_stm32f3xx.o
 .debug_rnglists
                0x00000234       0xce ./Core/Src/usart.o
 .debug_rnglists
                0x00000302       0x19 ./Core/Startup/startup_stm32f303k8tx.o
 .debug_rnglists
                0x0000031b       0x51 ./Drivers/STM32F3xx_HAL_Driver/Src/stm32f3xx_ll_gpio.o
 .debug_rnglists
                0x0000036c       0x61 ./Drivers/STM32F3xx_HAL_Driver/Src/stm32f3xx_ll_i2c.o
 .debug_rnglists
                0x000003cd       0xbe ./Drivers/STM32F3xx_HAL_Driver/Src/stm32f3xx_ll_rcc.o
 .debug_rnglists
                0x0000048b       0x62 ./Drivers/STM32F3xx_HAL_Driver/Src/stm32f3xx_ll_usart.o
 .debug_rnglists
                0x000004ed       0xb1 ./Drivers/STM32F3xx_HAL_Driver/Src/stm32f3xx_ll_utils.o
 .debug_rnglists
                0x0000059e       0x39 ./Sensors_i2c/HTS221.o
 .debug_rnglists
                0x000005d7       0x2b ./Sensors_i2c/LPS25HB.o

.debug_macro    0x00000000    0x16ffb
 .debug_macro   0x00000000      0x245 ./Core/Src/dma.o
 .debug_macro   0x00000245      0xaea ./Core/Src/dma.o
 .debug_macro   0x00000d2f       0x2e ./Core/Src/dma.o
 .debug_macro   0x00000d5d       0x28 ./Core/Src/dma.o
 .debug_macro   0x00000d85       0x22 ./Core/Src/dma.o
 .debug_macro   0x00000da7       0x8e ./Core/Src/dma.o
 .debug_macro   0x00000e35       0x51 ./Core/Src/dma.o
 .debug_macro   0x00000e86      0x103 ./Core/Src/dma.o
 .debug_macro   0x00000f89       0x6a ./Core/Src/dma.o
 .debug_macro   0x00000ff3      0x1df ./Core/Src/dma.o
 .debug_macro   0x000011d2       0x1c ./Core/Src/dma.o
 .debug_macro   0x000011ee       0x22 ./Core/Src/dma.o
 .debug_macro   0x00001210       0xd9 ./Core/Src/dma.o
 .debug_macro   0x000012e9      0xf07 ./Core/Src/dma.o
 .debug_macro   0x000021f0    0x10be0 ./Core/Src/dma.o
 .debug_macro   0x00012dd0       0x6d ./Core/Src/dma.o
 .debug_macro   0x00012e3d      0x247 ./Core/Src/dma.o
 .debug_macro   0x00013084      0x4c2 ./Core/Src/dma.o
 .debug_macro   0x00013546       0xe0 ./Core/Src/dma.o
 .debug_macro   0x00013626      0x29f ./Core/Src/dma.o
 .debug_macro   0x000138c5       0xfe ./Core/Src/dma.o
 .debug_macro   0x000139c3       0x28 ./Core/Src/dma.o
 .debug_macro   0x000139eb       0x30 ./Core/Src/dma.o
 .debug_macro   0x00013a1b       0xa8 ./Core/Src/dma.o
 .debug_macro   0x00013ac3      0x287 ./Core/Src/dma.o
 .debug_macro   0x00013d4a      0x2f7 ./Core/Src/dma.o
 .debug_macro   0x00014041      0x142 ./Core/Src/dma.o
 .debug_macro   0x00014183       0x61 ./Core/Src/dma.o
 .debug_macro   0x000141e4       0x2a ./Core/Src/dma.o
 .debug_macro   0x0001420e       0x43 ./Core/Src/dma.o
 .debug_macro   0x00014251       0x34 ./Core/Src/dma.o
 .debug_macro   0x00014285      0x189 ./Core/Src/dma.o
 .debug_macro   0x0001440e       0x16 ./Core/Src/dma.o
 .debug_macro   0x00014424       0x43 ./Core/Src/dma.o
 .debug_macro   0x00014467       0x34 ./Core/Src/dma.o
 .debug_macro   0x0001449b       0x10 ./Core/Src/dma.o
 .debug_macro   0x000144ab       0x58 ./Core/Src/dma.o
 .debug_macro   0x00014503       0x8e ./Core/Src/dma.o
 .debug_macro   0x00014591       0x1c ./Core/Src/dma.o
 .debug_macro   0x000145ad      0x177 ./Core/Src/dma.o
 .debug_macro   0x00014724      0x369 ./Core/Src/dma.o
 .debug_macro   0x00014a8d       0x10 ./Core/Src/dma.o
 .debug_macro   0x00014a9d       0x35 ./Core/Src/dma.o
 .debug_macro   0x00014ad2       0x20 ./Core/Src/dma.o
 .debug_macro   0x00014af2       0x1c ./Core/Src/dma.o
 .debug_macro   0x00014b0e       0x10 ./Core/Src/dma.o
 .debug_macro   0x00014b1e       0x1c ./Core/Src/dma.o
 .debug_macro   0x00014b3a       0x16 ./Core/Src/dma.o
 .debug_macro   0x00014b50      0x146 ./Core/Src/dma.o
 .debug_macro   0x00014c96       0x22 ./Core/Src/dma.o
 .debug_macro   0x00014cb8      0x245 ./Core/Src/gpio.o
 .debug_macro   0x00014efd      0x245 ./Core/Src/i2c.o
 .debug_macro   0x00015142      0x278 ./Core/Src/main.o
 .debug_macro   0x000153ba       0x10 ./Core/Src/main.o
 .debug_macro   0x000153ca       0x8e ./Core/Src/main.o
 .debug_macro   0x00015458       0x46 ./Core/Src/main.o
 .debug_macro   0x0001549e      0x245 ./Core/Src/stm32f3xx_it.o
 .debug_macro   0x000156e3       0xff ./Core/Src/sysmem.o
 .debug_macro   0x000157e2      0x23c ./Core/Src/sysmem.o
 .debug_macro   0x00015a1e       0xbc ./Core/Src/system_stm32f3xx.o
 .debug_macro   0x00015ada      0x24b ./Core/Src/usart.o
 .debug_macro   0x00015d25       0xfe ./Drivers/STM32F3xx_HAL_Driver/Src/stm32f3xx_ll_gpio.o
 .debug_macro   0x00015e23      0x13c ./Drivers/STM32F3xx_HAL_Driver/Src/stm32f3xx_ll_gpio.o
 .debug_macro   0x00015f5f       0xfe ./Drivers/STM32F3xx_HAL_Driver/Src/stm32f3xx_ll_i2c.o
 .debug_macro   0x0001605d       0xf0 ./Drivers/STM32F3xx_HAL_Driver/Src/stm32f3xx_ll_rcc.o
 .debug_macro   0x0001614d      0x4bc ./Drivers/STM32F3xx_HAL_Driver/Src/stm32f3xx_ll_rcc.o
 .debug_macro   0x00016609      0x131 ./Drivers/STM32F3xx_HAL_Driver/Src/stm32f3xx_ll_usart.o
 .debug_macro   0x0001673a      0x2f1 ./Drivers/STM32F3xx_HAL_Driver/Src/stm32f3xx_ll_usart.o
 .debug_macro   0x00016a2b      0x13a ./Drivers/STM32F3xx_HAL_Driver/Src/stm32f3xx_ll_utils.o
 .debug_macro   0x00016b65      0x252 ./Sensors_i2c/HTS221.o
 .debug_macro   0x00016db7      0x244 ./Sensors_i2c/LPS25HB.o

.debug_line     0x00000000     0x8307
 .debug_line    0x00000000      0x89b ./Core/Src/dma.o
 .debug_line    0x0000089b      0x7ba ./Core/Src/gpio.o
 .debug_line    0x00001055      0xb77 ./Core/Src/i2c.o
 .debug_line    0x00001bcc      0xb5a ./Core/Src/main.o
 .debug_line    0x00002726      0xa4b ./Core/Src/stm32f3xx_it.o
 .debug_line    0x00003171      0x575 ./Core/Src/sysmem.o
 .debug_line    0x000036e6      0x53b ./Core/Src/system_stm32f3xx.o
 .debug_line    0x00003c21      0xc8e ./Core/Src/usart.o
 .debug_line    0x000048af       0x7a ./Core/Startup/startup_stm32f303k8tx.o
 .debug_line    0x00004929      0x7a0 ./Drivers/STM32F3xx_HAL_Driver/Src/stm32f3xx_ll_gpio.o
 .debug_line    0x000050c9      0x6b5 ./Drivers/STM32F3xx_HAL_Driver/Src/stm32f3xx_ll_i2c.o
 .debug_line    0x0000577e      0x95d ./Drivers/STM32F3xx_HAL_Driver/Src/stm32f3xx_ll_rcc.o
 .debug_line    0x000060db      0x74b ./Drivers/STM32F3xx_HAL_Driver/Src/stm32f3xx_ll_usart.o
 .debug_line    0x00006826      0x97b ./Drivers/STM32F3xx_HAL_Driver/Src/stm32f3xx_ll_utils.o
 .debug_line    0x000071a1      0x925 ./Sensors_i2c/HTS221.o
 .debug_line    0x00007ac6      0x841 ./Sensors_i2c/LPS25HB.o

.debug_str      0x00000000    0x757b1
 .debug_str     0x00000000    0x71bf5 ./Core/Src/dma.o
                              0x71edb (size before relaxing)
 .debug_str     0x00071bf5       0x2c ./Core/Src/gpio.o
                              0x71a67 (size before relaxing)
 .debug_str     0x00071c21      0x384 ./Core/Src/i2c.o
                              0x7229a (size before relaxing)
 .debug_str     0x00071fa5      0x5f4 ./Core/Src/main.o
                              0x72541 (size before relaxing)
 .debug_str     0x00072599      0x28a ./Core/Src/stm32f3xx_it.o
                              0x71cbf (size before relaxing)
 .debug_str     0x00072823      0x4dc ./Core/Src/sysmem.o
                               0x6186 (size before relaxing)
 .debug_str     0x00072cff       0x7b ./Core/Src/system_stm32f3xx.o
                              0x65720 (size before relaxing)
 .debug_str     0x00072d7a      0x390 ./Core/Src/usart.o
                              0x723b4 (size before relaxing)
 .debug_str     0x0007310a       0x44 ./Core/Startup/startup_stm32f303k8tx.o
                                 0x82 (size before relaxing)
 .debug_str     0x0007314e      0x653 ./Drivers/STM32F3xx_HAL_Driver/Src/stm32f3xx_ll_gpio.o
                              0x66a57 (size before relaxing)
 .debug_str     0x000737a1      0x3ef ./Drivers/STM32F3xx_HAL_Driver/Src/stm32f3xx_ll_i2c.o
                              0x670a7 (size before relaxing)
 .debug_str     0x00073b90      0x4f2 ./Drivers/STM32F3xx_HAL_Driver/Src/stm32f3xx_ll_rcc.o
                              0x67ec5 (size before relaxing)
 .debug_str     0x00074082      0x850 ./Drivers/STM32F3xx_HAL_Driver/Src/stm32f3xx_ll_usart.o
                              0x699c3 (size before relaxing)
 .debug_str     0x000748d2      0xc91 ./Drivers/STM32F3xx_HAL_Driver/Src/stm32f3xx_ll_utils.o
                              0x6a747 (size before relaxing)
 .debug_str     0x00075563      0x1ba ./Sensors_i2c/HTS221.o
                              0x71e42 (size before relaxing)
 .debug_str     0x0007571d       0x94 ./Sensors_i2c/LPS25HB.o
                              0x71c37 (size before relaxing)

.comment        0x00000000       0x43
 .comment       0x00000000       0x43 ./Core/Src/dma.o
                                 0x44 (size before relaxing)
 .comment       0x00000043       0x44 ./Core/Src/gpio.o
 .comment       0x00000043       0x44 ./Core/Src/i2c.o
 .comment       0x00000043       0x44 ./Core/Src/main.o
 .comment       0x00000043       0x44 ./Core/Src/stm32f3xx_it.o
 .comment       0x00000043       0x44 ./Core/Src/sysmem.o
 .comment       0x00000043       0x44 ./Core/Src/system_stm32f3xx.o
 .comment       0x00000043       0x44 ./Core/Src/usart.o
 .comment       0x00000043       0x44 ./Drivers/STM32F3xx_HAL_Driver/Src/stm32f3xx_ll_gpio.o
 .comment       0x00000043       0x44 ./Drivers/STM32F3xx_HAL_Driver/Src/stm32f3xx_ll_i2c.o
 .comment       0x00000043       0x44 ./Drivers/STM32F3xx_HAL_Driver/Src/stm32f3xx_ll_rcc.o
 .comment       0x00000043       0x44 ./Drivers/STM32F3xx_HAL_Driver/Src/stm32f3xx_ll_usart.o
 .comment       0x00000043       0x44 ./Drivers/STM32F3xx_HAL_Driver/Src/stm32f3xx_ll_utils.o
 .comment       0x00000043       0x44 ./Sensors_i2c/HTS221.o
 .comment       0x00000043       0x44 ./Sensors_i2c/LPS25HB.o

.debug_frame    0x00000000     0x2a94
 .debug_frame   0x00000000       0xec ./Core/Src/dma.o
 .debug_frame   0x000000ec       0x54 ./Core/Src/gpio.o
 .debug_frame   0x00000140      0x394 ./Core/Src/i2c.o
 .debug_frame   0x000004d4      0x2f0 ./Core/Src/main.o
 .debug_frame   0x000007c4      0x330 ./Core/Src/stm32f3xx_it.o
 .debug_frame   0x00000af4       0x34 ./Core/Src/sysmem.o
 .debug_frame   0x00000b28       0x58 ./Core/Src/system_stm32f3xx.o
 .debug_frame   0x00000b80      0x504 ./Core/Src/usart.o
 .debug_frame   0x00001084      0x1c0 ./Drivers/STM32F3xx_HAL_Driver/Src/stm32f3xx_ll_gpio.o
 .debug_frame   0x00001244      0x238 ./Drivers/STM32F3xx_HAL_Driver/Src/stm32f3xx_ll_i2c.o
 .debug_frame   0x0000147c      0x408 ./Drivers/STM32F3xx_HAL_Driver/Src/stm32f3xx_ll_rcc.o
 .debug_frame   0x00001884      0x234 ./Drivers/STM32F3xx_HAL_Driver/Src/stm32f3xx_ll_usart.o
 .debug_frame   0x00001ab8      0x3dc ./Drivers/STM32F3xx_HAL_Driver/Src/stm32f3xx_ll_utils.o
 .debug_frame   0x00001e94      0x114 ./Sensors_i2c/HTS221.o
 .debug_frame   0x00001fa8       0xc4 ./Sensors_i2c/LPS25HB.o
 .debug_frame   0x0000206c      0x144 C:/MyFiles/Study/Soft/STM32Cube/STM32CubeIDE_1.16.1/STM32CubeIDE/plugins/com.st.stm32cube.ide.mcu.externaltools.gnu-tools-for-stm32.12.3.rel1.win32_1.0.200.202406191623/tools/bin/../lib/gcc/arm-none-eabi/12.3.1/../../../../arm-none-eabi/lib/thumb/v7e-m+fp/hard\libc_nano.a(libc_a-findfp.o)
 .debug_frame   0x000021b0       0x6c C:/MyFiles/Study/Soft/STM32Cube/STM32CubeIDE_1.16.1/STM32CubeIDE/plugins/com.st.stm32cube.ide.mcu.externaltools.gnu-tools-for-stm32.12.3.rel1.win32_1.0.200.202406191623/tools/bin/../lib/gcc/arm-none-eabi/12.3.1/../../../../arm-none-eabi/lib/thumb/v7e-m+fp/hard\libc_nano.a(libc_a-sprintf.o)
 .debug_frame   0x0000221c       0x38 C:/MyFiles/Study/Soft/STM32Cube/STM32CubeIDE_1.16.1/STM32CubeIDE/plugins/com.st.stm32cube.ide.mcu.externaltools.gnu-tools-for-stm32.12.3.rel1.win32_1.0.200.202406191623/tools/bin/../lib/gcc/arm-none-eabi/12.3.1/../../../../arm-none-eabi/lib/thumb/v7e-m+fp/hard\libc_nano.a(libc_a-reent.o)
 .debug_frame   0x00002254       0x20 C:/MyFiles/Study/Soft/STM32Cube/STM32CubeIDE_1.16.1/STM32CubeIDE/plugins/com.st.stm32cube.ide.mcu.externaltools.gnu-tools-for-stm32.12.3.rel1.win32_1.0.200.202406191623/tools/bin/../lib/gcc/arm-none-eabi/12.3.1/../../../../arm-none-eabi/lib/thumb/v7e-m+fp/hard\libc_nano.a(libc_a-errno.o)
 .debug_frame   0x00002274       0x2c C:/MyFiles/Study/Soft/STM32Cube/STM32CubeIDE_1.16.1/STM32CubeIDE/plugins/com.st.stm32cube.ide.mcu.externaltools.gnu-tools-for-stm32.12.3.rel1.win32_1.0.200.202406191623/tools/bin/../lib/gcc/arm-none-eabi/12.3.1/../../../../arm-none-eabi/lib/thumb/v7e-m+fp/hard\libc_nano.a(libc_a-init.o)
 .debug_frame   0x000022a0       0xb0 C:/MyFiles/Study/Soft/STM32Cube/STM32CubeIDE_1.16.1/STM32CubeIDE/plugins/com.st.stm32cube.ide.mcu.externaltools.gnu-tools-for-stm32.12.3.rel1.win32_1.0.200.202406191623/tools/bin/../lib/gcc/arm-none-eabi/12.3.1/../../../../arm-none-eabi/lib/thumb/v7e-m+fp/hard\libc_nano.a(libc_a-lock.o)
 .debug_frame   0x00002350       0x38 C:/MyFiles/Study/Soft/STM32Cube/STM32CubeIDE_1.16.1/STM32CubeIDE/plugins/com.st.stm32cube.ide.mcu.externaltools.gnu-tools-for-stm32.12.3.rel1.win32_1.0.200.202406191623/tools/bin/../lib/gcc/arm-none-eabi/12.3.1/../../../../arm-none-eabi/lib/thumb/v7e-m+fp/hard\libc_nano.a(libc_a-freer.o)
 .debug_frame   0x00002388       0x50 C:/MyFiles/Study/Soft/STM32Cube/STM32CubeIDE_1.16.1/STM32CubeIDE/plugins/com.st.stm32cube.ide.mcu.externaltools.gnu-tools-for-stm32.12.3.rel1.win32_1.0.200.202406191623/tools/bin/../lib/gcc/arm-none-eabi/12.3.1/../../../../arm-none-eabi/lib/thumb/v7e-m+fp/hard\libc_nano.a(libc_a-mallocr.o)
 .debug_frame   0x000023d8       0x30 C:/MyFiles/Study/Soft/STM32Cube/STM32CubeIDE_1.16.1/STM32CubeIDE/plugins/com.st.stm32cube.ide.mcu.externaltools.gnu-tools-for-stm32.12.3.rel1.win32_1.0.200.202406191623/tools/bin/../lib/gcc/arm-none-eabi/12.3.1/../../../../arm-none-eabi/lib/thumb/v7e-m+fp/hard\libc_nano.a(libc_a-mlock.o)
 .debug_frame   0x00002408       0x90 C:/MyFiles/Study/Soft/STM32Cube/STM32CubeIDE_1.16.1/STM32CubeIDE/plugins/com.st.stm32cube.ide.mcu.externaltools.gnu-tools-for-stm32.12.3.rel1.win32_1.0.200.202406191623/tools/bin/../lib/gcc/arm-none-eabi/12.3.1/../../../../arm-none-eabi/lib/thumb/v7e-m+fp/hard\libc_nano.a(libc_a-nano-svfprintf.o)
 .debug_frame   0x00002498       0x60 C:/MyFiles/Study/Soft/STM32Cube/STM32CubeIDE_1.16.1/STM32CubeIDE/plugins/com.st.stm32cube.ide.mcu.externaltools.gnu-tools-for-stm32.12.3.rel1.win32_1.0.200.202406191623/tools/bin/../lib/gcc/arm-none-eabi/12.3.1/../../../../arm-none-eabi/lib/thumb/v7e-m+fp/hard\libc_nano.a(libc_a-nano-vfprintf_i.o)
 .debug_frame   0x000024f8       0x28 C:/MyFiles/Study/Soft/STM32Cube/STM32CubeIDE_1.16.1/STM32CubeIDE/plugins/com.st.stm32cube.ide.mcu.externaltools.gnu-tools-for-stm32.12.3.rel1.win32_1.0.200.202406191623/tools/bin/../lib/gcc/arm-none-eabi/12.3.1/../../../../arm-none-eabi/lib/thumb/v7e-m+fp/hard\libc_nano.a(libc_a-memmove.o)
 .debug_frame   0x00002520       0x2c C:/MyFiles/Study/Soft/STM32Cube/STM32CubeIDE_1.16.1/STM32CubeIDE/plugins/com.st.stm32cube.ide.mcu.externaltools.gnu-tools-for-stm32.12.3.rel1.win32_1.0.200.202406191623/tools/bin/../lib/gcc/arm-none-eabi/12.3.1/../../../../arm-none-eabi/lib/thumb/v7e-m+fp/hard\libc_nano.a(libc_a-sbrkr.o)
 .debug_frame   0x0000254c       0x28 C:/MyFiles/Study/Soft/STM32Cube/STM32CubeIDE_1.16.1/STM32CubeIDE/plugins/com.st.stm32cube.ide.mcu.externaltools.gnu-tools-for-stm32.12.3.rel1.win32_1.0.200.202406191623/tools/bin/../lib/gcc/arm-none-eabi/12.3.1/../../../../arm-none-eabi/lib/thumb/v7e-m+fp/hard\libc_nano.a(libc_a-memcpy-stub.o)
 .debug_frame   0x00002574       0x3c C:/MyFiles/Study/Soft/STM32Cube/STM32CubeIDE_1.16.1/STM32CubeIDE/plugins/com.st.stm32cube.ide.mcu.externaltools.gnu-tools-for-stm32.12.3.rel1.win32_1.0.200.202406191623/tools/bin/../lib/gcc/arm-none-eabi/12.3.1/../../../../arm-none-eabi/lib/thumb/v7e-m+fp/hard\libc_nano.a(libc_a-reallocr.o)
 .debug_frame   0x000025b0       0x20 C:/MyFiles/Study/Soft/STM32Cube/STM32CubeIDE_1.16.1/STM32CubeIDE/plugins/com.st.stm32cube.ide.mcu.externaltools.gnu-tools-for-stm32.12.3.rel1.win32_1.0.200.202406191623/tools/bin/../lib/gcc/arm-none-eabi/12.3.1/../../../../arm-none-eabi/lib/thumb/v7e-m+fp/hard\libc_nano.a(libc_a-msizer.o)
 .debug_frame   0x000025d0       0x44 C:/MyFiles/Study/Soft/STM32Cube/STM32CubeIDE_1.16.1/STM32CubeIDE/plugins/com.st.stm32cube.ide.mcu.externaltools.gnu-tools-for-stm32.12.3.rel1.win32_1.0.200.202406191623/tools/bin/../lib/gcc/arm-none-eabi/12.3.1/../../../../arm-none-eabi/lib/thumb/v7e-m+fp/hard\libm.a(libm_a-w_pow.o)
 .debug_frame   0x00002614       0x28 C:/MyFiles/Study/Soft/STM32Cube/STM32CubeIDE_1.16.1/STM32CubeIDE/plugins/com.st.stm32cube.ide.mcu.externaltools.gnu-tools-for-stm32.12.3.rel1.win32_1.0.200.202406191623/tools/bin/../lib/gcc/arm-none-eabi/12.3.1/../../../../arm-none-eabi/lib/thumb/v7e-m+fp/hard\libm.a(libm_a-s_finite.o)
 .debug_frame   0x0000263c       0x78 C:/MyFiles/Study/Soft/STM32Cube/STM32CubeIDE_1.16.1/STM32CubeIDE/plugins/com.st.stm32cube.ide.mcu.externaltools.gnu-tools-for-stm32.12.3.rel1.win32_1.0.200.202406191623/tools/bin/../lib/gcc/arm-none-eabi/12.3.1/../../../../arm-none-eabi/lib/thumb/v7e-m+fp/hard\libm.a(libm_a-e_pow.o)
 .debug_frame   0x000026b4       0x20 C:/MyFiles/Study/Soft/STM32Cube/STM32CubeIDE_1.16.1/STM32CubeIDE/plugins/com.st.stm32cube.ide.mcu.externaltools.gnu-tools-for-stm32.12.3.rel1.win32_1.0.200.202406191623/tools/bin/../lib/gcc/arm-none-eabi/12.3.1/../../../../arm-none-eabi/lib/thumb/v7e-m+fp/hard\libm.a(libm_a-s_fabs.o)
 .debug_frame   0x000026d4       0x2c C:/MyFiles/Study/Soft/STM32Cube/STM32CubeIDE_1.16.1/STM32CubeIDE/plugins/com.st.stm32cube.ide.mcu.externaltools.gnu-tools-for-stm32.12.3.rel1.win32_1.0.200.202406191623/tools/bin/../lib/gcc/arm-none-eabi/12.3.1/../../../../arm-none-eabi/lib/thumb/v7e-m+fp/hard\libm.a(libm_a-s_scalbn.o)
 .debug_frame   0x00002700      0x158 C:/MyFiles/Study/Soft/STM32Cube/STM32CubeIDE_1.16.1/STM32CubeIDE/plugins/com.st.stm32cube.ide.mcu.externaltools.gnu-tools-for-stm32.12.3.rel1.win32_1.0.200.202406191623/tools/bin/../lib/gcc/arm-none-eabi/12.3.1/../../../../arm-none-eabi/lib/thumb/v7e-m+fp/hard\libm.a(libm_a-math_err.o)