Archive member included to satisfy reference by file (symbol)

C:/MyFiles/Study/Soft/STM32Cube/STM32CubeIDE_1.16.1/STM32CubeIDE/plugins/com.st.stm32cube.ide.mcu.externaltools.gnu-tools-for-stm32.12.3.rel1.win32_1.0.200.202406191623/tools/bin/../lib/gcc/arm-none-eabi/12.3.1/../../../../arm-none-eabi/lib/thumb/v7e-m+fp/hard\libc_nano.a(libc_a-exit.o)
                              C:/MyFiles/Study/Soft/STM32Cube/STM32CubeIDE_1.16.1/STM32CubeIDE/plugins/com.st.stm32cube.ide.mcu.externaltools.gnu-tools-for-stm32.12.3.rel1.win32_1.0.200.202406191623/tools/bin/../lib/gcc/arm-none-eabi/12.3.1/../../../../arm-none-eabi/lib/thumb/v7e-m+fp/hard/crt0.o (exit)
C:/MyFiles/Study/Soft/STM32Cube/STM32CubeIDE_1.16.1/STM32CubeIDE/plugins/com.st.stm32cube.ide.mcu.externaltools.gnu-tools-for-stm32.12.3.rel1.win32_1.0.200.202406191623/tools/bin/../lib/gcc/arm-none-eabi/12.3.1/../../../../arm-none-eabi/lib/thumb/v7e-m+fp/hard\libc_nano.a(libc_a-findfp.o)
                              C:/MyFiles/Study/Soft/STM32Cube/STM32CubeIDE_1.16.1/STM32CubeIDE/plugins/com.st.stm32cube.ide.mcu.externaltools.gnu-tools-for-stm32.12.3.rel1.win32_1.0.200.202406191623/tools/bin/../lib/gcc/arm-none-eabi/12.3.1/../../../../arm-none-eabi/lib/thumb/v7e-m+fp/hard\libc_nano.a(libc_a-exit.o) (__stdio_exit_handler)
C:/MyFiles/Study/Soft/STM32Cube/STM32CubeIDE_1.16.1/STM32CubeIDE/plugins/com.st.stm32cube.ide.mcu.externaltools.gnu-tools-for-stm32.12.3.rel1.win32_1.0.200.202406191623/tools/bin/../lib/gcc/arm-none-eabi/12.3.1/../../../../arm-none-eabi/lib/thumb/v7e-m+fp/hard\libc_nano.a(libc_a-fwalk.o)
                              C:/MyFiles/Study/Soft/STM32Cube/STM32CubeIDE_1.16.1/STM32CubeIDE/plugins/com.st.stm32cube.ide.mcu.externaltools.gnu-tools-for-stm32.12.3.rel1.win32_1.0.200.202406191623/tools/bin/../lib/gcc/arm-none-eabi/12.3.1/../../../../arm-none-eabi/lib/thumb/v7e-m+fp/hard\libc_nano.a(libc_a-findfp.o) (_fwalk_sglue)
C:/MyFiles/Study/Soft/STM32Cube/STM32CubeIDE_1.16.1/STM32CubeIDE/plugins/com.st.stm32cube.ide.mcu.externaltools.gnu-tools-for-stm32.12.3.rel1.win32_1.0.200.202406191623/tools/bin/../lib/gcc/arm-none-eabi/12.3.1/../../../../arm-none-eabi/lib/thumb/v7e-m+fp/hard\libc_nano.a(libc_a-sprintf.o)
                              ./Core/Src/main.o (sprintf)
C:/MyFiles/Study/Soft/STM32Cube/STM32CubeIDE_1.16.1/STM32CubeIDE/plugins/com.st.stm32cube.ide.mcu.externaltools.gnu-tools-for-stm32.12.3.rel1.win32_1.0.200.202406191623/tools/bin/../lib/gcc/arm-none-eabi/12.3.1/../../../../arm-none-eabi/lib/thumb/v7e-m+fp/hard\libc_nano.a(libc_a-stdio.o)
                              C:/MyFiles/Study/Soft/STM32Cube/STM32CubeIDE_1.16.1/STM32CubeIDE/plugins/com.st.stm32cube.ide.mcu.externaltools.gnu-tools-for-stm32.12.3.rel1.win32_1.0.200.202406191623/tools/bin/../lib/gcc/arm-none-eabi/12.3.1/../../../../arm-none-eabi/lib/thumb/v7e-m+fp/hard\libc_nano.a(libc_a-findfp.o) (__sread)
C:/MyFiles/Study/Soft/STM32Cube/STM32CubeIDE_1.16.1/STM32CubeIDE/plugins/com.st.stm32cube.ide.mcu.externaltools.gnu-tools-for-stm32.12.3.rel1.win32_1.0.200.202406191623/tools/bin/../lib/gcc/arm-none-eabi/12.3.1/../../../../arm-none-eabi/lib/thumb/v7e-m+fp/hard\libc_nano.a(libc_a-memset.o)
                              C:/MyFiles/Study/Soft/STM32Cube/STM32CubeIDE_1.16.1/STM32CubeIDE/plugins/com.st.stm32cube.ide.mcu.externaltools.gnu-tools-for-stm32.12.3.rel1.win32_1.0.200.202406191623/tools/bin/../lib/gcc/arm-none-eabi/12.3.1/../../../../arm-none-eabi/lib/thumb/v7e-m+fp/hard/crt0.o (memset)
C:/MyFiles/Study/Soft/STM32Cube/STM32CubeIDE_1.16.1/STM32CubeIDE/plugins/com.st.stm32cube.ide.mcu.externaltools.gnu-tools-for-stm32.12.3.rel1.win32_1.0.200.202406191623/tools/bin/../lib/gcc/arm-none-eabi/12.3.1/../../../../arm-none-eabi/lib/thumb/v7e-m+fp/hard\libc_nano.a(libc_a-closer.o)
                              C:/MyFiles/Study/Soft/STM32Cube/STM32CubeIDE_1.16.1/STM32CubeIDE/plugins/com.st.stm32cube.ide.mcu.externaltools.gnu-tools-for-stm32.12.3.rel1.win32_1.0.200.202406191623/tools/bin/../lib/gcc/arm-none-eabi/12.3.1/../../../../arm-none-eabi/lib/thumb/v7e-m+fp/hard\libc_nano.a(libc_a-stdio.o) (_close_r)
C:/MyFiles/Study/Soft/STM32Cube/STM32CubeIDE_1.16.1/STM32CubeIDE/plugins/com.st.stm32cube.ide.mcu.externaltools.gnu-tools-for-stm32.12.3.rel1.win32_1.0.200.202406191623/tools/bin/../lib/gcc/arm-none-eabi/12.3.1/../../../../arm-none-eabi/lib/thumb/v7e-m+fp/hard\libc_nano.a(libc_a-reent.o)
                              C:/MyFiles/Study/Soft/STM32Cube/STM32CubeIDE_1.16.1/STM32CubeIDE/plugins/com.st.stm32cube.ide.mcu.externaltools.gnu-tools-for-stm32.12.3.rel1.win32_1.0.200.202406191623/tools/bin/../lib/gcc/arm-none-eabi/12.3.1/../../../../arm-none-eabi/lib/thumb/v7e-m+fp/hard\libc_nano.a(libc_a-closer.o) (errno)
[...]
Memory Configuration

Name             Origin             Length             Attributes
CCMRAM           0x10000000         0x00001000         xrw
RAM              0x20000000         0x00003000         xrw
FLASH            0x08000000         0x00010000         xr
*default*        0x00000000         0xffffffff

Linker script and memory map

LOAD C:/MyFiles/Study/Soft/STM32Cube/STM32CubeIDE_1.16.1/STM32CubeIDE/plugins/com.st.stm32cube.ide.mcu.externaltools.gnu-tools-for-stm32.12.3.rel1.win32_1.0.200.202406191623/tools/bin/../lib/gcc/arm-none-eabi/12.3.1/thumb/v7e-m+fp/hard/crti.o
LOAD C:/MyFiles/Study/Soft/STM32Cube/STM32CubeIDE_1.16.1/STM32CubeIDE/plugins/com.st.stm32cube.ide.mcu.externaltools.gnu-tools-for-stm32.12.3.rel1.win32_1.0.200.202406191623/tools/bin/../lib/gcc/arm-none-eabi/12.3.1/thumb/v7e-m+fp/hard/crtbegin.o
LOAD C:/MyFiles/Study/Soft/STM32Cube/STM32CubeIDE_1.16.1/STM32CubeIDE/plugins/com.st.stm32cube.ide.mcu.externaltools.gnu-tools-for-stm32.12.3.rel1.win32_1.0.200.202406191623/tools/bin/../lib/gcc/arm-none-eabi/12.3.1/../../../../arm-none-eabi/lib/thumb/v7e-m+fp/hard/crt0.o
LOAD ./Core/Src/dma.o
LOAD ./Core/Src/gpio.o
LOAD ./Core/Src/i2c.o
LOAD ./Core/Src/main.o
LOAD ./Core/Src/stm32f3xx_it.o
LOAD ./Core/Src/syscalls.o
LOAD ./Core/Src/sysmem.o
LOAD ./Core/Src/system_stm32f3xx.o
LOAD ./Core/Src/usart.o
LOAD ./Core/Startup/startup_stm32f303k8tx.o
LOAD ./Drivers/STM32F3xx_HAL_Driver/Src/stm32f3xx_ll_dma.o
LOAD ./Drivers/STM32F3xx_HAL_Driver/Src/stm32f3xx_ll_exti.o
LOAD ./Drivers/STM32F3xx_HAL_Driver/Src/stm32f3xx_ll_gpio.o
LOAD ./Drivers/STM32F3xx_HAL_Driver/Src/stm32f3xx_ll_i2c.o
LOAD ./Drivers/STM32F3xx_HAL_Driver/Src/stm32f3xx_ll_rcc.o
LOAD ./Drivers/STM32F3xx_HAL_Driver/Src/stm32f3xx_ll_usart.o
LOAD ./Drivers/STM32F3xx_HAL_Driver/Src/stm32f3xx_ll_utils.o
LOAD ./Sensors_i2c/HTS221.o
LOAD ./Sensors_i2c/LPS25HB.o
START GROUP
LOAD C:/MyFiles/Study/Soft/STM32Cube/STM32CubeIDE_1.16.1/STM32CubeIDE/plugins/com.st.stm32cube.ide.mcu.externaltools.gnu-tools-for-stm32.12.3.rel1.win32_1.0.200.202406191623/tools/bin/../lib/gcc/arm-none-eabi/12.3.1/../../../../arm-none-eabi/lib/thumb/v7e-m+fp/hard\libc_nano.a
LOAD C:/MyFiles/Study/Soft/STM32Cube/STM32CubeIDE_1.16.1/STM32CubeIDE/plugins/com.st.stm32cube.ide.mcu.externaltools.gnu-tools-for-stm32.12.3.rel1.win32_1.0.200.202406191623/tools/bin/../lib/gcc/arm-none-eabi/12.3.1/../../../../arm-none-eabi/lib/thumb/v7e-m+fp/hard\libm.a
END GROUP
START GROUP
LOAD C:/MyFiles/Study/Soft/STM32Cube/STM32CubeIDE_1.16.1/STM32CubeIDE/plugins/com.st.stm32cube.ide.mcu.externaltools.gnu-tools-for-stm32.12.3.rel1.win32_1.0.200.202406191623/tools/bin/../lib/gcc/arm-none-eabi/12.3.1/thumb/v7e-m+fp/hard\libgcc.a
LOAD C:/MyFiles/Study/Soft/STM32Cube/STM32CubeIDE_1.16.1/STM32CubeIDE/plugins/com.st.stm32cube.ide.mcu.externaltools.gnu-tools-for-stm32.12.3.rel1.win32_1.0.200.202406191623/tools/bin/../lib/gcc/arm-none-eabi/12.3.1/../../../../arm-none-eabi/lib/thumb/v7e-m+fp/hard\libc_nano.a
END GROUP
START GROUP
LOAD C:/MyFiles/Study/Soft/STM32Cube/STM32CubeIDE_1.16.1/STM32CubeIDE/plugins/com.st.stm32cube.ide.mcu.externaltools.gnu-tools-for-stm32.12.3.rel1.win32_1.0.200.202406191623/tools/bin/../lib/gcc/arm-none-eabi/12.3.1/thumb/v7e-m+fp/hard\libgcc.a
LOAD C:/MyFiles/Study/Soft/STM32Cube/STM32CubeIDE_1.16.1/STM32CubeIDE/plugins/com.st.stm32cube.ide.mcu.externaltools.gnu-tools-for-stm32.12.3.rel1.win32_1.0.200.202406191623/tools/bin/../lib/gcc/arm-none-eabi/12.3.1/../../../../arm-none-eabi/lib/thumb/v7e-m+fp/hard\libc_nano.a
LOAD C:/MyFiles/Study/Soft/STM32Cube/STM32CubeIDE_1.16.1/STM32CubeIDE/plugins/com.st.stm32cube.ide.mcu.externaltools.gnu-tools-for-stm32.12.3.rel1.win32_1.0.200.202406191623/tools/bin/../lib/gcc/arm-none-eabi/12.3.1/../../../../arm-none-eabi/lib/thumb/v7e-m+fp/hard\libnosys.a
END GROUP
START GROUP
LOAD C:/MyFiles/Study/Soft/STM32Cube/STM32CubeIDE_1.16.1/STM32CubeIDE/plugins/com.st.stm32cube.ide.mcu.externaltools.gnu-tools-for-stm32.12.3.rel1.win32_1.0.200.202406191623/tools/bin/../lib/gcc/arm-none-eabi/12.3.1/thumb/v7e-m+fp/hard\libgcc.a
LOAD C:/MyFiles/Study/Soft/STM32Cube/STM32CubeIDE_1.16.1/STM32CubeIDE/plugins/com.st.stm32cube.ide.mcu.externaltools.gnu-tools-for-stm32.12.3.rel1.win32_1.0.200.202406191623/tools/bin/../lib/gcc/arm-none-eabi/12.3.1/../../../../arm-none-eabi/lib/thumb/v7e-m+fp/hard\libc_nano.a
LOAD C:/MyFiles/Study/Soft/STM32Cube/STM32CubeIDE_1.16.1/STM32CubeIDE/plugins/com.st.stm32cube.ide.mcu.externaltools.gnu-tools-for-stm32.12.3.rel1.win32_1.0.200.202406191623/tools/bin/../lib/gcc/arm-none-eabi/12.3.1/../../../../arm-none-eabi/lib/thumb/v7e-m+fp/hard\libnosys.a
END GROUP
LOAD C:/MyFiles/Study/Soft/STM32Cube/STM32CubeIDE_1.16.1/STM32CubeIDE/plugins/com.st.stm32cube.ide.mcu.externaltools.gnu-tools-for-stm32.12.3.rel1.win32_1.0.200.202406191623/tools/bin/../lib/gcc/arm-none-eabi/12.3.1/thumb/v7e-m+fp/hard/crtend.o
LOAD C:/MyFiles/Study/Soft/STM32Cube/STM32CubeIDE_1.16.1/STM32CubeIDE/plugins/com.st.stm32cube.ide.mcu.externaltools.gnu-tools-for-stm32.12.3.rel1.win32_1.0.200.202406191623/tools/bin/../lib/gcc/arm-none-eabi/12.3.1/thumb/v7e-m+fp/hard/crtn.o
                0x20003000                        _estack = (ORIGIN (RAM) + LENGTH (RAM))
                0x00000200                        _Min_Heap_Size = 0x200
                0x00000400                        _Min_Stack_Size = 0x400

.isr_vector     0x08000000      0x188
                0x08000000                        . = ALIGN (0x4)
 *(.isr_vector)
 .isr_vector    0x08000000      0x188 ./Core/Startup/startup_stm32f303k8tx.o
                0x08000000                g_pfnVectors
                0x08000188                        . = ALIGN (0x4)

.text           0x08000190     0x4aac
                0x08000190                        . = ALIGN (0x4)
 *(.text)
 .text          0x08000190       0x40 C:/MyFiles/Study/Soft/STM32Cube/STM32CubeIDE_1.16.1/STM32CubeIDE/plugins/com.st.stm32cube.ide.mcu.externaltools.gnu-tools-for-stm32.12.3.rel1.win32_1.0.200.202406191623/tools/bin/../lib/gcc/arm-none-eabi/12.3.1/thumb/v7e-m+fp/hard/crtbegin.o
 .text          0x080001d0       0xa0 C:/MyFiles/Study/Soft/STM32Cube/STM32CubeIDE_1.16.1/STM32CubeIDE/plugins/com.st.stm32cube.ide.mcu.externaltools.gnu-tools-for-stm32.12.3.rel1.win32_1.0.200.202406191623/tools/bin/../lib/gcc/arm-none-eabi/12.3.1/../../../../arm-none-eabi/lib/thumb/v7e-m+fp/hard\libc_nano.a(libc_a-memchr.o)
                0x080001d0                memchr
 .text          0x08000270      0x378 C:/MyFiles/Study/Soft/STM32Cube/STM32CubeIDE_1.16.1/STM32CubeIDE/plugins/com.st.stm32cube.ide.mcu.externaltools.gnu-tools-for-stm32.12.3.rel1.win32_1.0.200.202406191623/tools/bin/../lib/gcc/arm-none-eabi/12.3.1/thumb/v7e-m+fp/hard\libgcc.a(_arm_addsubdf3.o)
                0x08000270                __aeabi_drsub
                0x08000278                __aeabi_dsub
                0x08000278                __subdf3
                0x0800027c                __aeabi_dadd
                0x0800027c                __adddf3
                0x080004f4                __floatunsidf
                0x080004f4                __aeabi_ui2d
                0x08000514                __floatsidf
                0x08000514                __aeabi_i2d
                0x08000538                __aeabi_f2d
                0x08000538                __extendsfdf2
                0x0800057c                __floatundidf
                0x0800057c                __aeabi_ul2d
                0x0800058c                __floatdidf
                0x0800058c                __aeabi_l2d
 .text          0x080005e8      0x424 C:/MyFiles/Study/Soft/STM32Cube/STM32CubeIDE_1.16.1/STM32CubeIDE/plugins/com.st.stm32cube.ide.mcu.externaltools.gnu-tools-for-stm32.12.3.rel1.win32_1.0.200.202406191623/tools/bin/../lib/gcc/arm-none-eabi/12.3.1/thumb/v7e-m+fp/hard\libgcc.a(_arm_muldivdf3.o)
                0x080005e8                __aeabi_dmul
                0x080005e8                __muldf3
                0x0800083c                __divdf3
                0x0800083c                __aeabi_ddiv
 .text          0x08000a0c      0x110 C:/MyFiles/Study/Soft/STM32Cube/STM32CubeIDE_1.16.1/STM32CubeIDE/plugins/com.st.stm32cube.ide.mcu.externaltools.gnu-tools-for-stm32.12.3.rel1.win32_1.0.200.202406191623/tools/bin/../lib/gcc/arm-none-eabi/12.3.1/thumb/v7e-m+fp/hard\libgcc.a(_arm_cmpdf2.o)
                0x08000a0c                __gtdf2
                0x08000a0c                __gedf2
                0x08000a14                __ltdf2
                0x08000a14                __ledf2
                0x08000a1c                __nedf2
                0x08000a1c                __eqdf2
                0x08000a1c                __cmpdf2
                0x08000a98                __aeabi_cdrcmple
                0x08000aa8                __aeabi_cdcmpeq
                0x08000aa8                __aeabi_cdcmple
                0x08000ab8                __aeabi_dcmpeq
                0x08000acc                __aeabi_dcmplt
                0x08000ae0                __aeabi_dcmple
                0x08000af4                __aeabi_dcmpge
                0x08000b08                __aeabi_dcmpgt
 .text          0x08000b1c       0x2c C:/MyFiles/Study/Soft/STM32Cube/STM32CubeIDE_1.16.1/STM32CubeIDE/plugins/com.st.stm32cube.ide.mcu.externaltools.gnu-tools-for-stm32.12.3.rel1.win32_1.0.200.202406191623/tools/bin/../lib/gcc/arm-none-eabi/12.3.1/thumb/v7e-m+fp/hard\libgcc.a(_arm_unorddf2.o)
                0x08000b1c                __unorddf2
                0x08000b1c                __aeabi_dcmpun
 .text          0x08000b48       0xa0 C:/MyFiles/Study/Soft/STM32Cube/STM32CubeIDE_1.16.1/STM32CubeIDE/plugins/com.st.stm32cube.ide.mcu.externaltools.gnu-tools-for-stm32.12.3.rel1.win32_1.0.200.202406191623/tools/bin/../lib/gcc/arm-none-eabi/12.3.1/thumb/v7e-m+fp/hard\libgcc.a(_arm_truncdfsf2.o)
                0x08000b48                __truncdfsf2
                0x08000b48                __aeabi_d2f
 *(.text*)
 .text.__NVIC_GetPriorityGrouping
                0x08000be8       0x1c ./Core/Src/dma.o
 .text.__NVIC_EnableIRQ
                0x08000c04       0x3c ./Core/Src/dma.o
 .text.__NVIC_SetPriority
                0x08000c40       0x54 ./Core/Src/dma.o
 .text.NVIC_EncodePriority
                0x08000c94       0x66 ./Core/Src/dma.o
 *fill*         0x08000cfa        0x2 
 .text.LL_AHB1_GRP1_EnableClock
                0x08000cfc       0x30 ./Core/Src/dma.o
 .text.MX_DMA_Init
                0x08000d2c       0x4e ./Core/Src/dma.o
                0x08000d2c                MX_DMA_Init
 *fill*         0x08000d7a        0x2 
 .text.LL_AHB1_GRP1_EnableClock
                0x08000d7c       0x30 ./Core/Src/gpio.o
 .text.MX_GPIO_Init
                0x08000dac       0x18 ./Core/Src/gpio.o
                0x08000dac                MX_GPIO_Init
 .text.__NVIC_GetPriorityGrouping
                0x08000dc4       0x1c ./Core/Src/i2c.o
 .text.__NVIC_EnableIRQ
                0x08000de0       0x3c ./Core/Src/i2c.o
 .text.__NVIC_SetPriority
                0x08000e1c       0x54 ./Core/Src/i2c.o
 .text.NVIC_EncodePriority
                0x08000e70       0x66 ./Core/Src/i2c.o
 .text.LL_I2C_EnableClockStretching
                0x08000ed6       0x20 ./Core/Src/i2c.o
 .text.LL_I2C_DisableGeneralCall
                0x08000ef6       0x20 ./Core/Src/i2c.o
 .text.LL_I2C_SetOwnAddress2
                0x08000f16       0x30 ./Core/Src/i2c.o
 .text.LL_I2C_DisableOwnAddress2
                0x08000f46       0x20 ./Core/Src/i2c.o
 .text.LL_I2C_EnableIT_RX
                0x08000f66       0x20 ./Core/Src/i2c.o
 .text.LL_I2C_DisableIT_RX
                0x08000f86       0x20 ./Core/Src/i2c.o
 .text.LL_I2C_IsActiveFlag_TXIS
                0x08000fa6       0x26 ./Core/Src/i2c.o
 .text.LL_I2C_IsActiveFlag_STOP
                0x08000fcc       0x26 ./Core/Src/i2c.o
 .text.LL_I2C_ClearFlag_STOP
                0x08000ff2       0x20 ./Core/Src/i2c.o
 .text.LL_I2C_EnableAutoEndMode
                0x08001012       0x20 ./Core/Src/i2c.o
 *fill*         0x08001032        0x2 
 .text.LL_I2C_HandleTransfer
                0x08001034       0x60 ./Core/Src/i2c.o
 .text.LL_I2C_ReceiveData8
                0x08001094       0x1a ./Core/Src/i2c.o
 .text.LL_I2C_TransmitData8
                0x080010ae       0x1e ./Core/Src/i2c.o
 .text.LL_AHB1_GRP1_EnableClock
                0x080010cc       0x30 ./Core/Src/i2c.o
 .text.LL_APB1_GRP1_EnableClock
                0x080010fc       0x30 ./Core/Src/i2c.o
 .text.MX_I2C1_Init
                0x0800112c       0xdc ./Core/Src/i2c.o
                0x0800112c                MX_I2C1_Init
 .text.i2c_master_write_multi
                0x08001208       0x98 ./Core/Src/i2c.o
                0x08001208                i2c_master_write_multi
 .text.i2c_master_read
                0x080012a0       0xf4 ./Core/Src/i2c.o
                0x080012a0                i2c_master_read
 .text.I2C1_Master_Reception_Callback
                0x08001394       0x54 ./Core/Src/i2c.o
                0x08001394                I2C1_Master_Reception_Callback
 .text.__NVIC_SetPriorityGrouping
                0x080013e8       0x48 ./Core/Src/main.o
 .text.__NVIC_GetPriorityGrouping
                0x08001430       0x1c ./Core/Src/main.o
 .text.__NVIC_SetPriority
                0x0800144c       0x54 ./Core/Src/main.o
 .text.NVIC_EncodePriority
                0x080014a0       0x66 ./Core/Src/main.o
 *fill*         0x08001506        0x2 
 .text.LL_RCC_HSI_Enable
                0x08001508       0x20 ./Core/Src/main.o
 .text.LL_RCC_HSI_IsReady
                0x08001528       0x24 ./Core/Src/main.o
 .text.LL_RCC_HSI_SetCalibTrimming
                0x0800154c       0x2c ./Core/Src/main.o
 .text.LL_RCC_SetSysClkSource
                0x08001578       0x28 ./Core/Src/main.o
 .text.LL_RCC_GetSysClkSource
                0x080015a0       0x1c ./Core/Src/main.o
 .text.LL_RCC_SetAHBPrescaler
                0x080015bc       0x28 ./Core/Src/main.o
 .text.LL_RCC_SetAPB1Prescaler
                0x080015e4       0x28 ./Core/Src/main.o
 .text.LL_RCC_SetAPB2Prescaler
                0x0800160c       0x28 ./Core/Src/main.o
 .text.LL_RCC_SetI2CClockSource
                0x08001634       0x30 ./Core/Src/main.o
 .text.LL_APB1_GRP1_EnableClock
                0x08001664       0x30 ./Core/Src/main.o
 .text.LL_APB2_GRP1_EnableClock
                0x08001694       0x30 ./Core/Src/main.o
 .text.LL_FLASH_SetLatency
                0x080016c4       0x28 ./Core/Src/main.o
 .text.LL_FLASH_GetLatency
                0x080016ec       0x1c ./Core/Src/main.o
 .text.main     0x08001708      0x178 ./Core/Src/main.o
                0x08001708                main
 .text.SystemClock_Config
                0x08001880       0x6c ./Core/Src/main.o
                0x08001880                SystemClock_Config
 .text.LL_DMA_DisableChannel
                0x080018ec       0x40 ./Core/Src/stm32f3xx_it.o
 .text.LL_DMA_IsActiveFlag_TC6
                0x0800192c       0x28 ./Core/Src/stm32f3xx_it.o
 .text.LL_DMA_IsActiveFlag_TC7
                0x08001954       0x28 ./Core/Src/stm32f3xx_it.o
 .text.LL_DMA_IsActiveFlag_HT6
                0x0800197c       0x28 ./Core/Src/stm32f3xx_it.o
 .text.LL_DMA_ClearFlag_TC6
                0x080019a4       0x1c ./Core/Src/stm32f3xx_it.o
 .text.LL_DMA_ClearFlag_TC7
                0x080019c0       0x1c ./Core/Src/stm32f3xx_it.o
 .text.LL_DMA_ClearFlag_HT6
                0x080019dc       0x1c ./Core/Src/stm32f3xx_it.o
 .text.LL_I2C_IsActiveFlag_RXNE
                0x080019f8       0x26 ./Core/Src/stm32f3xx_it.o
 .text.LL_USART_IsActiveFlag_IDLE
                0x08001a1e       0x26 ./Core/Src/stm32f3xx_it.o
 .text.LL_USART_IsActiveFlag_TC
                0x08001a44       0x26 ./Core/Src/stm32f3xx_it.o
 .text.LL_USART_ClearFlag_IDLE
                0x08001a6a       0x1a ./Core/Src/stm32f3xx_it.o
 .text.NMI_Handler
                0x08001a84        0x8 ./Core/Src/stm32f3xx_it.o
                0x08001a84                NMI_Handler
 .text.HardFault_Handler
                0x08001a8c        0x8 ./Core/Src/stm32f3xx_it.o
                0x08001a8c                HardFault_Handler
 .text.MemManage_Handler
                0x08001a94        0x8 ./Core/Src/stm32f3xx_it.o
                0x08001a94                MemManage_Handler
 .text.BusFault_Handler
                0x08001a9c        0x8 ./Core/Src/stm32f3xx_it.o
                0x08001a9c                BusFault_Handler
 .text.UsageFault_Handler
                0x08001aa4        0x8 ./Core/Src/stm32f3xx_it.o
                0x08001aa4                UsageFault_Handler
 .text.SVC_Handler
                0x08001aac        0xe ./Core/Src/stm32f3xx_it.o
                0x08001aac                SVC_Handler
 .text.DebugMon_Handler
                0x08001aba        0xe ./Core/Src/stm32f3xx_it.o
                0x08001aba                DebugMon_Handler
 .text.PendSV_Handler
                0x08001ac8        0xe ./Core/Src/stm32f3xx_it.o
                0x08001ac8                PendSV_Handler
 .text.SysTick_Handler
                0x08001ad6        0xe ./Core/Src/stm32f3xx_it.o
                0x08001ad6                SysTick_Handler
 .text.DMA1_Channel6_IRQHandler
                0x08001ae4       0x34 ./Core/Src/stm32f3xx_it.o
                0x08001ae4                DMA1_Channel6_IRQHandler
 .text.DMA1_Channel7_IRQHandler
                0x08001b18       0x38 ./Core/Src/stm32f3xx_it.o
                0x08001b18                DMA1_Channel7_IRQHandler
 .text.I2C1_EV_IRQHandler
                0x08001b50       0x1c ./Core/Src/stm32f3xx_it.o
                0x08001b50                I2C1_EV_IRQHandler
 .text.USART2_IRQHandler
                0x08001b6c       0x20 ./Core/Src/stm32f3xx_it.o
                0x08001b6c                USART2_IRQHandler
 .text._sbrk    0x08001b8c       0x6c ./Core/Src/sysmem.o
                0x08001b8c                _sbrk
 .text.SystemInit
                0x08001bf8       0x24 ./Core/Src/system_stm32f3xx.o
                0x08001bf8                SystemInit
 .text.__NVIC_EnableIRQ
                0x08001c1c       0x3c ./Core/Src/usart.o
 .text.__NVIC_SetPriority
                0x08001c58       0x54 ./Core/Src/usart.o
 .text.LL_DMA_EnableChannel
                0x08001cac       0x40 ./Core/Src/usart.o
 .text.LL_DMA_SetDataTransferDirection
                0x08001cec       0x4c ./Core/Src/usart.o
 .text.LL_DMA_GetDataTransferDirection
                0x08001d38       0x30 ./Core/Src/usart.o
 .text.LL_DMA_SetMode
                0x08001d68       0x48 ./Core/Src/usart.o
 .text.LL_DMA_SetPeriphIncMode
                0x08001db0       0x48 ./Core/Src/usart.o
 .text.LL_DMA_SetMemoryIncMode
                0x08001df8       0x48 ./Core/Src/usart.o
 .text.LL_DMA_SetPeriphSize
                0x08001e40       0x48 ./Core/Src/usart.o
 .text.LL_DMA_SetMemorySize
                0x08001e88       0x48 ./Core/Src/usart.o
 .text.LL_DMA_SetChannelPriorityLevel
                0x08001ed0       0x48 ./Core/Src/usart.o
 .text.LL_DMA_SetDataLength
                0x08001f18       0x48 ./Core/Src/usart.o
 .text.LL_DMA_ConfigAddresses
                0x08001f60       0x78 ./Core/Src/usart.o
 .text.LL_DMA_SetMemoryAddress
                0x08001fd8       0x30 ./Core/Src/usart.o
 .text.LL_DMA_SetPeriphAddress
                0x08002008       0x30 ./Core/Src/usart.o
 .text.LL_DMA_EnableIT_TC
                0x08002038       0x40 ./Core/Src/usart.o
 .text.LL_DMA_EnableIT_HT
                0x08002078       0x40 ./Core/Src/usart.o
 .text.LL_DMA_EnableIT_TE
                0x080020b8       0x40 ./Core/Src/usart.o
 .text.LL_AHB1_GRP1_EnableClock
                0x080020f8       0x30 ./Core/Src/usart.o
 .text.LL_APB1_GRP1_EnableClock
                0x08002128       0x30 ./Core/Src/usart.o
 .text.LL_USART_Enable
                0x08002158       0x20 ./Core/Src/usart.o
 .text.LL_USART_ConfigAsyncMode
                0x08002178       0x2c ./Core/Src/usart.o
 .text.LL_USART_EnableIT_IDLE
                0x080021a4       0x42 ./Core/Src/usart.o
 .text.LL_USART_DisableIT_CTS
                0x080021e6       0x46 ./Core/Src/usart.o
 .text.LL_USART_EnableDMAReq_RX
                0x0800222c       0x46 ./Core/Src/usart.o
 .text.LL_USART_EnableDMAReq_TX
                0x08002272       0x46 ./Core/Src/usart.o
 .text.LL_USART_DMA_GetRegAddr
                0x080022b8       0x2c ./Core/Src/usart.o
 .text.MX_USART2_UART_Init
                0x080022e4      0x1c4 ./Core/Src/usart.o
                0x080022e4                MX_USART2_UART_Init
 .text.USART2_PutBuffer
                0x080024a8       0x40 ./Core/Src/usart.o
                0x080024a8                USART2_PutBuffer
 .text.Reset_Handler
                0x080024e8       0x50 ./Core/Startup/startup_stm32f303k8tx.o
                0x080024e8                Reset_Handler
 .text.Default_Handler
                0x08002538        0x2 ./Core/Startup/startup_stm32f303k8tx.o
                0x08002538                RTC_Alarm_IRQHandler
                0x08002538                TIM1_CC_IRQHandler
                0x08002538                PVD_IRQHandler
                0x08002538                TAMP_STAMP_IRQHandler
                0x08002538                EXTI3_IRQHandler
                0x08002538                EXTI0_IRQHandler
                0x08002538                FPU_IRQHandler
                0x08002538                CAN_TX_IRQHandler
                0x08002538                TIM1_UP_TIM16_IRQHandler
                0x08002538                ADC1_2_IRQHandler
                0x08002538                SPI1_IRQHandler
                0x08002538                CAN_SCE_IRQHandler
                0x08002538                DMA1_Channel4_IRQHandler
                0x08002538                USART3_IRQHandler
                0x08002538                TIM7_DAC2_IRQHandler
                0x08002538                CAN_RX1_IRQHandler
                0x08002538                TIM3_IRQHandler
                0x08002538                RCC_IRQHandler
                0x08002538                DMA1_Channel1_IRQHandler
                0x08002538                Default_Handler
                0x08002538                EXTI15_10_IRQHandler
                0x08002538                COMP2_IRQHandler
                0x08002538                TIM6_DAC1_IRQHandler
                0x08002538                EXTI9_5_IRQHandler
                0x08002538                RTC_WKUP_IRQHandler
                0x08002538                DMA1_Channel5_IRQHandler
                0x08002538                EXTI4_IRQHandler
                0x08002538                TIM1_TRG_COM_TIM17_IRQHandler
                0x08002538                DMA1_Channel3_IRQHandler
                0x08002538                WWDG_IRQHandler
                0x08002538                TIM2_IRQHandler
                0x08002538                EXTI1_IRQHandler
                0x08002538                COMP4_6_IRQHandler
                0x08002538                DMA1_Channel2_IRQHandler
                0x08002538                FLASH_IRQHandler
                0x08002538                USART1_IRQHandler
                0x08002538                CAN_RX0_IRQHandler
                0x08002538                I2C1_ER_IRQHandler
                0x08002538                EXTI2_TSC_IRQHandler
                0x08002538                TIM1_BRK_TIM15_IRQHandler
 .text.LL_GPIO_SetPinMode
                0x0800253a       0x5e ./Drivers/STM32F3xx_HAL_Driver/Src/stm32f3xx_ll_gpio.o
 .text.LL_GPIO_SetPinOutputType
                0x08002598       0x30 ./Drivers/STM32F3xx_HAL_Driver/Src/stm32f3xx_ll_gpio.o
 .text.LL_GPIO_SetPinSpeed
                0x080025c8       0x5e ./Drivers/STM32F3xx_HAL_Driver/Src/stm32f3xx_ll_gpio.o
 .text.LL_GPIO_SetPinPull
                0x08002626       0x5e ./Drivers/STM32F3xx_HAL_Driver/Src/stm32f3xx_ll_gpio.o
 .text.LL_GPIO_SetAFPin_0_7
                0x08002684       0x5e ./Drivers/STM32F3xx_HAL_Driver/Src/stm32f3xx_ll_gpio.o
 .text.LL_GPIO_SetAFPin_8_15
                0x080026e2       0x62 ./Drivers/STM32F3xx_HAL_Driver/Src/stm32f3xx_ll_gpio.o
 .text.LL_GPIO_Init
                0x08002744       0xe0 ./Drivers/STM32F3xx_HAL_Driver/Src/stm32f3xx_ll_gpio.o
                0x08002744                LL_GPIO_Init
 .text.LL_I2C_Enable
                0x08002824       0x20 ./Drivers/STM32F3xx_HAL_Driver/Src/stm32f3xx_ll_i2c.o
 .text.LL_I2C_Disable
                0x08002844       0x20 ./Drivers/STM32F3xx_HAL_Driver/Src/stm32f3xx_ll_i2c.o
 .text.LL_I2C_ConfigFilters
                0x08002864       0x2e ./Drivers/STM32F3xx_HAL_Driver/Src/stm32f3xx_ll_i2c.o
 .text.LL_I2C_SetOwnAddress1
                0x08002892       0x30 ./Drivers/STM32F3xx_HAL_Driver/Src/stm32f3xx_ll_i2c.o
 .text.LL_I2C_EnableOwnAddress1
                0x080028c2       0x20 ./Drivers/STM32F3xx_HAL_Driver/Src/stm32f3xx_ll_i2c.o
 .text.LL_I2C_DisableOwnAddress1
                0x080028e2       0x20 ./Drivers/STM32F3xx_HAL_Driver/Src/stm32f3xx_ll_i2c.o
 .text.LL_I2C_SetTiming
                0x08002902       0x1c ./Drivers/STM32F3xx_HAL_Driver/Src/stm32f3xx_ll_i2c.o
 .text.LL_I2C_SetMode
                0x0800291e       0x26 ./Drivers/STM32F3xx_HAL_Driver/Src/stm32f3xx_ll_i2c.o
 .text.LL_I2C_AcknowledgeNextData
                0x08002944       0x26 ./Drivers/STM32F3xx_HAL_Driver/Src/stm32f3xx_ll_i2c.o
 .text.LL_I2C_Init
                0x0800296a       0x78 ./Drivers/STM32F3xx_HAL_Driver/Src/stm32f3xx_ll_i2c.o
                0x0800296a                LL_I2C_Init
 *fill*         0x080029e2        0x2 
 .text.LL_RCC_HSI_IsReady
                0x080029e4       0x24 ./Drivers/STM32F3xx_HAL_Driver/Src/stm32f3xx_ll_rcc.o
 .text.LL_RCC_LSE_IsReady
                0x08002a08       0x24 ./Drivers/STM32F3xx_HAL_Driver/Src/stm32f3xx_ll_rcc.o
 .text.LL_RCC_GetSysClkSource
                0x08002a2c       0x1c ./Drivers/STM32F3xx_HAL_Driver/Src/stm32f3xx_ll_rcc.o
 .text.LL_RCC_GetAHBPrescaler
                0x08002a48       0x1c ./Drivers/STM32F3xx_HAL_Driver/Src/stm32f3xx_ll_rcc.o
 .text.LL_RCC_GetAPB1Prescaler
                0x08002a64       0x1c ./Drivers/STM32F3xx_HAL_Driver/Src/stm32f3xx_ll_rcc.o
 .text.LL_RCC_GetAPB2Prescaler
                0x08002a80       0x1c ./Drivers/STM32F3xx_HAL_Driver/Src/stm32f3xx_ll_rcc.o
 .text.LL_RCC_GetUSARTClockSource
                0x08002a9c       0x2c ./Drivers/STM32F3xx_HAL_Driver/Src/stm32f3xx_ll_rcc.o
 .text.LL_RCC_PLL_GetMainSource
                0x08002ac8       0x1c ./Drivers/STM32F3xx_HAL_Driver/Src/stm32f3xx_ll_rcc.o
 .text.LL_RCC_PLL_GetMultiplicator
                0x08002ae4       0x1c ./Drivers/STM32F3xx_HAL_Driver/Src/stm32f3xx_ll_rcc.o
 .text.LL_RCC_PLL_GetPrediv
                0x08002b00       0x1c ./Drivers/STM32F3xx_HAL_Driver/Src/stm32f3xx_ll_rcc.o
 .text.LL_RCC_GetSystemClocksFreq
                0x08002b1c       0x4a ./Drivers/STM32F3xx_HAL_Driver/Src/stm32f3xx_ll_rcc.o
                0x08002b1c                LL_RCC_GetSystemClocksFreq
 *fill*         0x08002b66        0x2 
 .text.LL_RCC_GetUSARTClockFreq
                0x08002b68       0x84 ./Drivers/STM32F3xx_HAL_Driver/Src/stm32f3xx_ll_rcc.o
                0x08002b68                LL_RCC_GetUSARTClockFreq
 .text.RCC_GetSystemClockFreq
                0x08002bec       0x4c ./Drivers/STM32F3xx_HAL_Driver/Src/stm32f3xx_ll_rcc.o
                0x08002bec                RCC_GetSystemClockFreq
 .text.RCC_GetHCLKClockFreq
                0x08002c38       0x2c ./Drivers/STM32F3xx_HAL_Driver/Src/stm32f3xx_ll_rcc.o
                0x08002c38                RCC_GetHCLKClockFreq
 .text.RCC_GetPCLK1ClockFreq
                0x08002c64       0x28 ./Drivers/STM32F3xx_HAL_Driver/Src/stm32f3xx_ll_rcc.o
                0x08002c64                RCC_GetPCLK1ClockFreq
 .text.RCC_GetPCLK2ClockFreq
                0x08002c8c       0x28 ./Drivers/STM32F3xx_HAL_Driver/Src/stm32f3xx_ll_rcc.o
                0x08002c8c                RCC_GetPCLK2ClockFreq
 .text.RCC_PLL_GetFreqDomain_SYS
                0x08002cb4       0x7c ./Drivers/STM32F3xx_HAL_Driver/Src/stm32f3xx_ll_rcc.o
                0x08002cb4                RCC_PLL_GetFreqDomain_SYS
 .text.LL_USART_IsEnabled
                0x08002d30       0x26 ./Drivers/STM32F3xx_HAL_Driver/Src/stm32f3xx_ll_usart.o
 .text.LL_USART_SetStopBitsLength
                0x08002d56       0x26 ./Drivers/STM32F3xx_HAL_Driver/Src/stm32f3xx_ll_usart.o
 .text.LL_USART_SetHWFlowCtrl
                0x08002d7c       0x26 ./Drivers/STM32F3xx_HAL_Driver/Src/stm32f3xx_ll_usart.o
 .text.LL_USART_SetBaudRate
                0x08002da2       0x6e ./Drivers/STM32F3xx_HAL_Driver/Src/stm32f3xx_ll_usart.o
 .text.LL_USART_Init
                0x08002e10       0xd8 ./Drivers/STM32F3xx_HAL_Driver/Src/stm32f3xx_ll_usart.o
                0x08002e10                LL_USART_Init
 .text.LL_InitTick
                0x08002ee8       0x34 ./Drivers/STM32F3xx_HAL_Driver/Src/stm32f3xx_ll_utils.o
 .text.LL_Init1msTick
                0x08002f1c       0x1a ./Drivers/STM32F3xx_HAL_Driver/Src/stm32f3xx_ll_utils.o
                0x08002f1c                LL_Init1msTick
 *fill*         0x08002f36        0x2 
 .text.LL_mDelay
                0x08002f38       0x4c ./Drivers/STM32F3xx_HAL_Driver/Src/stm32f3xx_ll_utils.o
                0x08002f38                LL_mDelay
 .text.LL_SetSystemCoreClock
                0x08002f84       0x20 ./Drivers/STM32F3xx_HAL_Driver/Src/stm32f3xx_ll_utils.o
                0x08002f84                LL_SetSystemCoreClock
 .text.HTS221_read_bytes
                0x08002fa4       0x30 ./Sensors_i2c/HTS221.o
                0x08002fa4                HTS221_read_bytes
 .text.HTS221_write_bytes
                0x08002fd4       0x2c ./Sensors_i2c/HTS221.o
                0x08002fd4                HTS221_write_bytes
 .text.HTS221_init
                0x08003000       0x50 ./Sensors_i2c/HTS221.o
                0x08003000                HTS221_init
 .text.HTS221_get_humidity_calibration
                0x08003050       0xb8 ./Sensors_i2c/HTS221.o
                0x08003050                HTS221_get_humidity_calibration
 .text.HTS221_get_humidity
                0x08003108       0x5c ./Sensors_i2c/HTS221.o
                0x08003108                HTS221_get_humidity
 .text.HTS221_get_temperature_calibration
                0x08003164      0x13c ./Sensors_i2c/HTS221.o
                0x08003164                HTS221_get_temperature_calibration
 .text.HTS221_get_temperature
                0x080032a0       0x60 ./Sensors_i2c/HTS221.o
                0x080032a0                HTS221_get_temperature
 .text.LPS25HB_read_bytes
                0x08003300       0x34 ./Sensors_i2c/LPS25HB.o
                0x08003300                LPS25HB_read_bytes
 .text.LPS25HB_write_bytes
                0x08003334       0x2c ./Sensors_i2c/LPS25HB.o
                0x08003334                LPS25HB_write_bytes
 .text.LPS25HB_init
                0x08003360       0x54 ./Sensors_i2c/LPS25HB.o
                0x08003360                LPS25HB_init
 .text.LPS25HB_get_pressure_calibration
                0x080033b4       0x34 ./Sensors_i2c/LPS25HB.o
                0x080033b4                LPS25HB_get_pressure_calibration
 .text.LPS25HB_get_pressure
                0x080033e8       0x4c ./Sensors_i2c/LPS25HB.o
                0x080033e8                LPS25HB_get_pressure
 .text.sprintf  0x08003434       0x40 C:/MyFiles/Study/Soft/STM32Cube/STM32CubeIDE_1.16.1/STM32CubeIDE/plugins/com.st.stm32cube.ide.mcu.externaltools.gnu-tools-for-stm32.12.3.rel1.win32_1.0.200.202406191623/tools/bin/../lib/gcc/arm-none-eabi/12.3.1/../../../../arm-none-eabi/lib/thumb/v7e-m+fp/hard\libc_nano.a(libc_a-sprintf.o)
                0x08003434                siprintf
                0x08003434                sprintf
 .text.__errno  0x08003474        0xc C:/MyFiles/Study/Soft/STM32Cube/STM32CubeIDE_1.16.1/STM32CubeIDE/plugins/com.st.stm32cube.ide.mcu.externaltools.gnu-tools-for-stm32.12.3.rel1.win32_1.0.200.202406191623/tools/bin/../lib/gcc/arm-none-eabi/12.3.1/../../../../arm-none-eabi/lib/thumb/v7e-m+fp/hard\libc_nano.a(libc_a-errno.o)
                0x08003474                __errno
 .text.__libc_init_array
                0x08003480       0x48 C:/MyFiles/Study/Soft/STM32Cube/STM32CubeIDE_1.16.1/STM32CubeIDE/plugins/com.st.stm32cube.ide.mcu.externaltools.gnu-tools-for-stm32.12.3.rel1.win32_1.0.200.202406191623/tools/bin/../lib/gcc/arm-none-eabi/12.3.1/../../../../arm-none-eabi/lib/thumb/v7e-m+fp/hard\libc_nano.a(libc_a-init.o)
                0x08003480                __libc_init_array
 .text.__retarget_lock_acquire_recursive
                0x080034c8        0x2 C:/MyFiles/Study/Soft/STM32Cube/STM32CubeIDE_1.16.1/STM32CubeIDE/plugins/com.st.stm32cube.ide.mcu.externaltools.gnu-tools-for-stm32.12.3.rel1.win32_1.0.200.202406191623/tools/bin/../lib/gcc/arm-none-eabi/12.3.1/../../../../arm-none-eabi/lib/thumb/v7e-m+fp/hard\libc_nano.a(libc_a-lock.o)
                0x080034c8                __retarget_lock_acquire_recursive
 .text.__retarget_lock_release_recursive
                0x080034ca        0x2 C:/MyFiles/Study/Soft/STM32Cube/STM32CubeIDE_1.16.1/STM32CubeIDE/plugins/com.st.stm32cube.ide.mcu.externaltools.gnu-tools-for-stm32.12.3.rel1.win32_1.0.200.202406191623/tools/bin/../lib/gcc/arm-none-eabi/12.3.1/../../../../arm-none-eabi/lib/thumb/v7e-m+fp/hard\libc_nano.a(libc_a-lock.o)
                0x080034ca                __retarget_lock_release_recursive
 .text.memcpy   0x080034cc       0x1c C:/MyFiles/Study/Soft/STM32Cube/STM32CubeIDE_1.16.1/STM32CubeIDE/plugins/com.st.stm32cube.ide.mcu.externaltools.gnu-tools-for-stm32.12.3.rel1.win32_1.0.200.202406191623/tools/bin/../lib/gcc/arm-none-eabi/12.3.1/../../../../arm-none-eabi/lib/thumb/v7e-m+fp/hard\libc_nano.a(libc_a-memcpy-stub.o)
                0x080034cc                memcpy
 .text._free_r  0x080034e8       0x94 C:/MyFiles/Study/Soft/STM32Cube/STM32CubeIDE_1.16.1/STM32CubeIDE/plugins/com.st.stm32cube.ide.mcu.externaltools.gnu-tools-for-stm32.12.3.rel1.win32_1.0.200.202406191623/tools/bin/../lib/gcc/arm-none-eabi/12.3.1/../../../../arm-none-eabi/lib/thumb/v7e-m+fp/hard\libc_nano.a(libc_a-freer.o)
                0x080034e8                _free_r
 .text.sbrk_aligned
                0x0800357c       0x44 C:/MyFiles/Study/Soft/STM32Cube/STM32CubeIDE_1.16.1/STM32CubeIDE/plugins/com.st.stm32cube.ide.mcu.externaltools.gnu-tools-for-stm32.12.3.rel1.win32_1.0.200.202406191623/tools/bin/../lib/gcc/arm-none-eabi/12.3.1/../../../../arm-none-eabi/lib/thumb/v7e-m+fp/hard\libc_nano.a(libc_a-mallocr.o)
 .text._malloc_r
                0x080035c0      0x100 C:/MyFiles/Study/Soft/STM32Cube/STM32CubeIDE_1.16.1/STM32CubeIDE/plugins/com.st.stm32cube.ide.mcu.externaltools.gnu-tools-for-stm32.12.3.rel1.win32_1.0.200.202406191623/tools/bin/../lib/gcc/arm-none-eabi/12.3.1/../../../../arm-none-eabi/lib/thumb/v7e-m+fp/hard\libc_nano.a(libc_a-mallocr.o)
                0x080035c0                _malloc_r
 .text.__malloc_lock
                0x080036c0        0xc C:/MyFiles/Study/Soft/STM32Cube/STM32CubeIDE_1.16.1/STM32CubeIDE/plugins/com.st.stm32cube.ide.mcu.externaltools.gnu-tools-for-stm32.12.3.rel1.win32_1.0.200.202406191623/tools/bin/../lib/gcc/arm-none-eabi/12.3.1/../../../../arm-none-eabi/lib/thumb/v7e-m+fp/hard\libc_nano.a(libc_a-mlock.o)
                0x080036c0                __malloc_lock
 .text.__malloc_unlock
                0x080036cc        0xc C:/MyFiles/Study/Soft/STM32Cube/STM32CubeIDE_1.16.1/STM32CubeIDE/plugins/com.st.stm32cube.ide.mcu.externaltools.gnu-tools-for-stm32.12.3.rel1.win32_1.0.200.202406191623/tools/bin/../lib/gcc/arm-none-eabi/12.3.1/../../../../arm-none-eabi/lib/thumb/v7e-m+fp/hard\libc_nano.a(libc_a-mlock.o)
                0x080036cc                __malloc_unlock
 .text.__ssputs_r
                0x080036d8       0xb6 C:/MyFiles/Study/Soft/STM32Cube/STM32CubeIDE_1.16.1/STM32CubeIDE/plugins/com.st.stm32cube.ide.mcu.externaltools.gnu-tools-for-stm32.12.3.rel1.win32_1.0.200.202406191623/tools/bin/../lib/gcc/arm-none-eabi/12.3.1/../../../../arm-none-eabi/lib/thumb/v7e-m+fp/hard\libc_nano.a(libc_a-nano-svfprintf.o)
                0x080036d8                __ssputs_r
 *fill*         0x0800378e        0x2 
 .text._svfprintf_r
                0x08003790      0x1f8 C:/MyFiles/Study/Soft/STM32Cube/STM32CubeIDE_1.16.1/STM32CubeIDE/plugins/com.st.stm32cube.ide.mcu.externaltools.gnu-tools-for-stm32.12.3.rel1.win32_1.0.200.202406191623/tools/bin/../lib/gcc/arm-none-eabi/12.3.1/../../../../arm-none-eabi/lib/thumb/v7e-m+fp/hard\libc_nano.a(libc_a-nano-svfprintf.o)
                0x08003790                _svfiprintf_r
                0x08003790                _svfprintf_r
 .text._printf_common
                0x08003988       0xda C:/MyFiles/Study/Soft/STM32Cube/STM32CubeIDE_1.16.1/STM32CubeIDE/plugins/com.st.stm32cube.ide.mcu.externaltools.gnu-tools-for-stm32.12.3.rel1.win32_1.0.200.202406191623/tools/bin/../lib/gcc/arm-none-eabi/12.3.1/../../../../arm-none-eabi/lib/thumb/v7e-m+fp/hard\libc_nano.a(libc_a-nano-vfprintf_i.o)
                0x08003988                _printf_common
 *fill*         0x08003a62        0x2 
 .text._printf_i
                0x08003a64      0x240 C:/MyFiles/Study/Soft/STM32Cube/STM32CubeIDE_1.16.1/STM32CubeIDE/plugins/com.st.stm32cube.ide.mcu.externaltools.gnu-tools-for-stm32.12.3.rel1.win32_1.0.200.202406191623/tools/bin/../lib/gcc/arm-none-eabi/12.3.1/../../../../arm-none-eabi/lib/thumb/v7e-m+fp/hard\libc_nano.a(libc_a-nano-vfprintf_i.o)
                0x08003a64                _printf_i
 .text.memmove  0x08003ca4       0x34 C:/MyFiles/Study/Soft/STM32Cube/STM32CubeIDE_1.16.1/STM32CubeIDE/plugins/com.st.stm32cube.ide.mcu.externaltools.gnu-tools-for-stm32.12.3.rel1.win32_1.0.200.202406191623/tools/bin/../lib/gcc/arm-none-eabi/12.3.1/../../../../arm-none-eabi/lib/thumb/v7e-m+fp/hard\libc_nano.a(libc_a-memmove.o)
                0x08003ca4                memmove
 .text._sbrk_r  0x08003cd8       0x20 C:/MyFiles/Study/Soft/STM32Cube/STM32CubeIDE_1.16.1/STM32CubeIDE/plugins/com.st.stm32cube.ide.mcu.externaltools.gnu-tools-for-stm32.12.3.rel1.win32_1.0.200.202406191623/tools/bin/../lib/gcc/arm-none-eabi/12.3.1/../../../../arm-none-eabi/lib/thumb/v7e-m+fp/hard\libc_nano.a(libc_a-sbrkr.o)
                0x08003cd8                _sbrk_r
 .text._realloc_r
                0x08003cf8       0x5c C:/MyFiles/Study/Soft/STM32Cube/STM32CubeIDE_1.16.1/STM32CubeIDE/plugins/com.st.stm32cube.ide.mcu.externaltools.gnu-tools-for-stm32.12.3.rel1.win32_1.0.200.202406191623/tools/bin/../lib/gcc/arm-none-eabi/12.3.1/../../../../arm-none-eabi/lib/thumb/v7e-m+fp/hard\libc_nano.a(libc_a-reallocr.o)
                0x08003cf8                _realloc_r
 .text._malloc_usable_size_r
                0x08003d54       0x10 C:/MyFiles/Study/Soft/STM32Cube/STM32CubeIDE_1.16.1/STM32CubeIDE/plugins/com.st.stm32cube.ide.mcu.externaltools.gnu-tools-for-stm32.12.3.rel1.win32_1.0.200.202406191623/tools/bin/../lib/gcc/arm-none-eabi/12.3.1/../../../../arm-none-eabi/lib/thumb/v7e-m+fp/hard\libc_nano.a(libc_a-msizer.o)
                0x08003d54                _malloc_usable_size_r
 .text.pow      0x08003d64       0xe0 C:/MyFiles/Study/Soft/STM32Cube/STM32CubeIDE_1.16.1/STM32CubeIDE/plugins/com.st.stm32cube.ide.mcu.externaltools.gnu-tools-for-stm32.12.3.rel1.win32_1.0.200.202406191623/tools/bin/../lib/gcc/arm-none-eabi/12.3.1/../../../../arm-none-eabi/lib/thumb/v7e-m+fp/hard\libm.a(libm_a-w_pow.o)
                0x08003d64                pow
 .text.finite   0x08003e44       0x16 C:/MyFiles/Study/Soft/STM32Cube/STM32CubeIDE_1.16.1/STM32CubeIDE/plugins/com.st.stm32cube.ide.mcu.externaltools.gnu-tools-for-stm32.12.3.rel1.win32_1.0.200.202406191623/tools/bin/../lib/gcc/arm-none-eabi/12.3.1/../../../../arm-none-eabi/lib/thumb/v7e-m+fp/hard\libm.a(libm_a-s_finite.o)
                0x08003e44                finite
 *fill*         0x08003e5a        0x6 
 .text.__ieee754_pow
                0x08003e60      0xa88 C:/MyFiles/Study/Soft/STM32Cube/STM32CubeIDE_1.16.1/STM32CubeIDE/plugins/com.st.stm32cube.ide.mcu.externaltools.gnu-tools-for-stm32.12.3.rel1.win32_1.0.200.202406191623/tools/bin/../lib/gcc/arm-none-eabi/12.3.1/../../../../arm-none-eabi/lib/thumb/v7e-m+fp/hard\libm.a(libm_a-e_pow.o)
                0x08003e60                __ieee754_pow
 .text.fabs     0x080048e8       0x10 C:/MyFiles/Study/Soft/STM32Cube/STM32CubeIDE_1.16.1/STM32CubeIDE/plugins/com.st.stm32cube.ide.mcu.externaltools.gnu-tools-for-stm32.12.3.rel1.win32_1.0.200.202406191623/tools/bin/../lib/gcc/arm-none-eabi/12.3.1/../../../../arm-none-eabi/lib/thumb/v7e-m+fp/hard\libm.a(libm_a-s_fabs.o)
                0x080048e8                fabs
 .text.scalbn   0x080048f8       0xfc C:/MyFiles/Study/Soft/STM32Cube/STM32CubeIDE_1.16.1/STM32CubeIDE/plugins/com.st.stm32cube.ide.mcu.externaltools.gnu-tools-for-stm32.12.3.rel1.win32_1.0.200.202406191623/tools/bin/../lib/gcc/arm-none-eabi/12.3.1/../../../../arm-none-eabi/lib/thumb/v7e-m+fp/hard\libm.a(libm_a-s_scalbn.o)
                0x080048f8                scalbn
 .text.with_errno
                0x080049f4       0x24 C:/MyFiles/Study/Soft/STM32Cube/STM32CubeIDE_1.16.1/STM32CubeIDE/plugins/com.st.stm32cube.ide.mcu.externaltools.gnu-tools-for-stm32.12.3.rel1.win32_1.0.200.202406191623/tools/bin/../lib/gcc/arm-none-eabi/12.3.1/../../../../arm-none-eabi/lib/thumb/v7e-m+fp/hard\libm.a(libm_a-math_err.o)
 .text.xflow    0x08004a18       0x32 C:/MyFiles/Study/Soft/STM32Cube/STM32CubeIDE_1.16.1/STM32CubeIDE/plugins/com.st.stm32cube.ide.mcu.externaltools.gnu-tools-for-stm32.12.3.rel1.win32_1.0.200.202406191623/tools/bin/../lib/gcc/arm-none-eabi/12.3.1/../../../../arm-none-eabi/lib/thumb/v7e-m+fp/hard\libm.a(libm_a-math_err.o)
 *fill*         0x08004a4a        0x6 
 .text.__math_uflow
                0x08004a50       0x10 C:/MyFiles/Study/Soft/STM32Cube/STM32CubeIDE_1.16.1/STM32CubeIDE/plugins/com.st.stm32cube.ide.mcu.externaltools.gnu-tools-for-stm32.12.3.rel1.win32_1.0.200.202406191623/tools/bin/../lib/gcc/arm-none-eabi/12.3.1/../../../../arm-none-eabi/lib/thumb/v7e-m+fp/hard\libm.a(libm_a-math_err.o)
                0x08004a50                __math_uflow
 .text.__math_oflow
                0x08004a60       0x10 C:/MyFiles/Study/Soft/STM32Cube/STM32CubeIDE_1.16.1/STM32CubeIDE/plugins/com.st.stm32cube.ide.mcu.externaltools.gnu-tools-for-stm32.12.3.rel1.win32_1.0.200.202406191623/tools/bin/../lib/gcc/arm-none-eabi/12.3.1/../../../../arm-none-eabi/lib/thumb/v7e-m+fp/hard\libm.a(libm_a-math_err.o)
                0x08004a60                __math_oflow
 .text.__ieee754_sqrt
                0x08004a70      0x1b4 C:/MyFiles/Study/Soft/STM32Cube/STM32CubeIDE_1.16.1/STM32CubeIDE/plugins/com.st.stm32cube.ide.mcu.externaltools.gnu-tools-for-stm32.12.3.rel1.win32_1.0.200.202406191623/tools/bin/../lib/gcc/arm-none-eabi/12.3.1/../../../../arm-none-eabi/lib/thumb/v7e-m+fp/hard\libm.a(libm_a-e_sqrt.o)
                0x08004a70                __ieee754_sqrt
 *(.glue_7)
 .glue_7        0x08004c24        0x0 linker stubs
 *(.glue_7t)
 .glue_7t       0x08004c24        0x0 linker stubs
 *(.eh_frame)
 .eh_frame      0x08004c24        0x0 C:/MyFiles/Study/Soft/STM32Cube/STM32CubeIDE_1.16.1/STM32CubeIDE/plugins/com.st.stm32cube.ide.mcu.externaltools.gnu-tools-for-stm32.12.3.rel1.win32_1.0.200.202406191623/tools/bin/../lib/gcc/arm-none-eabi/12.3.1/thumb/v7e-m+fp/hard/crtbegin.o
 *(.init)
 .init          0x08004c24        0x4 C:/MyFiles/Study/Soft/STM32Cube/STM32CubeIDE_1.16.1/STM32CubeIDE/plugins/com.st.stm32cube.ide.mcu.externaltools.gnu-tools-for-stm32.12.3.rel1.win32_1.0.200.202406191623/tools/bin/../lib/gcc/arm-none-eabi/12.3.1/thumb/v7e-m+fp/hard/crti.o
                0x08004c24                _init
 .init          0x08004c28        0x8 C:/MyFiles/Study/Soft/STM32Cube/STM32CubeIDE_1.16.1/STM32CubeIDE/plugins/com.st.stm32cube.ide.mcu.externaltools.gnu-tools-for-stm32.12.3.rel1.win32_1.0.200.202406191623/tools/bin/../lib/gcc/arm-none-eabi/12.3.1/thumb/v7e-m+fp/hard/crtn.o
 *(.fini)
 .fini          0x08004c30        0x4 C:/MyFiles/Study/Soft/STM32Cube/STM32CubeIDE_1.16.1/STM32CubeIDE/plugins/com.st.stm32cube.ide.mcu.externaltools.gnu-tools-for-stm32.12.3.rel1.win32_1.0.200.202406191623/tools/bin/../lib/gcc/arm-none-eabi/12.3.1/thumb/v7e-m+fp/hard/crti.o
                0x08004c30                _fini
 .fini          0x08004c34        0x8 C:/MyFiles/Study/Soft/STM32Cube/STM32CubeIDE_1.16.1/STM32CubeIDE/plugins/com.st.stm32cube.ide.mcu.externaltools.gnu-tools-for-stm32.12.3.rel1.win32_1.0.200.202406191623/tools/bin/../lib/gcc/arm-none-eabi/12.3.1/thumb/v7e-m+fp/hard/crtn.o
                0x08004c3c                        . = ALIGN (0x4)
                0x08004c3c                        _etext = .

.vfp11_veneer   0x08004c3c        0x0
 .vfp11_veneer  0x08004c3c        0x0 linker stubs

.v4_bx          0x08004c3c        0x0
 .v4_bx         0x08004c3c        0x0 linker stubs

.iplt           0x08004c3c        0x0
 .iplt          0x08004c3c        0x0 C:/MyFiles/Study/Soft/STM32Cube/STM32CubeIDE_1.16.1/STM32CubeIDE/plugins/com.st.stm32cube.ide.mcu.externaltools.gnu-tools-for-stm32.12.3.rel1.win32_1.0.200.202406191623/tools/bin/../lib/gcc/arm-none-eabi/12.3.1/thumb/v7e-m+fp/hard/crtbegin.o

.rodata         0x08004c40       0xe0
                0x08004c40                        . = ALIGN (0x4)
 *(.rodata)
 .rodata        0x08004c40       0x4f ./Core/Src/main.o
 *(.rodata*)
 *fill*         0x08004c8f        0x1 
 .rodata.CHANNEL_OFFSET_TAB
                0x08004c90        0x7 ./Core/Src/stm32f3xx_it.o
 *fill*         0x08004c97        0x1 
 .rodata.AHBPrescTable
                0x08004c98       0x10 ./Core/Src/system_stm32f3xx.o
                0x08004c98                AHBPrescTable
 .rodata.APBPrescTable
                0x08004ca8        0x8 ./Core/Src/system_stm32f3xx.o
                0x08004ca8                APBPrescTable
 .rodata.CHANNEL_OFFSET_TAB
                0x08004cb0        0x7 ./Core/Src/usart.o
 .rodata._svfprintf_r.str1.1
                0x08004cb7       0x11 C:/MyFiles/Study/Soft/STM32Cube/STM32CubeIDE_1.16.1/STM32CubeIDE/plugins/com.st.stm32cube.ide.mcu.externaltools.gnu-tools-for-stm32.12.3.rel1.win32_1.0.200.202406191623/tools/bin/../lib/gcc/arm-none-eabi/12.3.1/../../../../arm-none-eabi/lib/thumb/v7e-m+fp/hard\libc_nano.a(libc_a-nano-svfprintf.o)
 .rodata._printf_i.str1.1
                0x08004cc8       0x22 C:/MyFiles/Study/Soft/STM32Cube/STM32CubeIDE_1.16.1/STM32CubeIDE/plugins/com.st.stm32cube.ide.mcu.externaltools.gnu-tools-for-stm32.12.3.rel1.win32_1.0.200.202406191623/tools/bin/../lib/gcc/arm-none-eabi/12.3.1/../../../../arm-none-eabi/lib/thumb/v7e-m+fp/hard\libc_nano.a(libc_a-nano-vfprintf_i.o)
 *fill*         0x08004cea        0x6 
 .rodata.dp_l   0x08004cf0       0x10 C:/MyFiles/Study/Soft/STM32Cube/STM32CubeIDE_1.16.1/STM32CubeIDE/plugins/com.st.stm32cube.ide.mcu.externaltools.gnu-tools-for-stm32.12.3.rel1.win32_1.0.200.202406191623/tools/bin/../lib/gcc/arm-none-eabi/12.3.1/../../../../arm-none-eabi/lib/thumb/v7e-m+fp/hard\libm.a(libm_a-e_pow.o)
 .rodata.dp_h   0x08004d00       0x10 C:/MyFiles/Study/Soft/STM32Cube/STM32CubeIDE_1.16.1/STM32CubeIDE/plugins/com.st.stm32cube.ide.mcu.externaltools.gnu-tools-for-stm32.12.3.rel1.win32_1.0.200.202406191623/tools/bin/../lib/gcc/arm-none-eabi/12.3.1/../../../../arm-none-eabi/lib/thumb/v7e-m+fp/hard\libm.a(libm_a-e_pow.o)
 .rodata.bp     0x08004d10       0x10 C:/MyFiles/Study/Soft/STM32Cube/STM32CubeIDE_1.16.1/STM32CubeIDE/plugins/com.st.stm32cube.ide.mcu.externaltools.gnu-tools-for-stm32.12.3.rel1.win32_1.0.200.202406191623/tools/bin/../lib/gcc/arm-none-eabi/12.3.1/../../../../arm-none-eabi/lib/thumb/v7e-m+fp/hard\libm.a(libm_a-e_pow.o)
                0x08004d20                        . = ALIGN (0x4)

.ARM.extab      0x08004d20        0x0
                0x08004d20                        . = ALIGN (0x4)
 *(.ARM.extab* .gnu.linkonce.armextab.*)
                0x08004d20                        . = ALIGN (0x4)

.ARM            0x08004d20        0x8
                0x08004d20                        . = ALIGN (0x4)
                0x08004d20                        __exidx_start = .
 *(.ARM.exidx*)
 .ARM.exidx     0x08004d20        0x8 C:/MyFiles/Study/Soft/STM32Cube/STM32CubeIDE_1.16.1/STM32CubeIDE/plugins/com.st.stm32cube.ide.mcu.externaltools.gnu-tools-for-stm32.12.3.rel1.win32_1.0.200.202406191623/tools/bin/../lib/gcc/arm-none-eabi/12.3.1/../../../../arm-none-eabi/lib/thumb/v7e-m+fp/hard\libc_nano.a(libc_a-memchr.o)
                0x08004d28                        __exidx_end = .
                0x08004d28                        . = ALIGN (0x4)

.preinit_array  0x08004d28        0x0
                0x08004d28                        . = ALIGN (0x4)
                0x08004d28                        PROVIDE (__preinit_array_start = .)
 *(.preinit_array*)
                0x08004d28                        PROVIDE (__preinit_array_end = .)
                0x08004d28                        . = ALIGN (0x4)

.init_array     0x08004d28        0x4
                0x08004d28                        . = ALIGN (0x4)
                0x08004d28                        PROVIDE (__init_array_start = .)
 *(SORT_BY_NAME(.init_array.*))
 *(.init_array*)
 .init_array    0x08004d28        0x4 C:/MyFiles/Study/Soft/STM32Cube/STM32CubeIDE_1.16.1/STM32CubeIDE/plugins/com.st.stm32cube.ide.mcu.externaltools.gnu-tools-for-stm32.12.3.rel1.win32_1.0.200.202406191623/tools/bin/../lib/gcc/arm-none-eabi/12.3.1/thumb/v7e-m+fp/hard/crtbegin.o
                0x08004d2c                        PROVIDE (__init_array_end = .)
                0x08004d2c                        . = ALIGN (0x4)

.fini_array     0x08004d2c        0x4
                0x08004d2c                        . = ALIGN (0x4)
                [!provide]                        PROVIDE (__fini_array_start = .)
 *(SORT_BY_NAME(.fini_array.*))
 *(.fini_array*)
 .fini_array    0x08004d2c        0x4 C:/MyFiles/Study/Soft/STM32Cube/STM32CubeIDE_1.16.1/STM32CubeIDE/plugins/com.st.stm32cube.ide.mcu.externaltools.gnu-tools-for-stm32.12.3.rel1.win32_1.0.200.202406191623/tools/bin/../lib/gcc/arm-none-eabi/12.3.1/thumb/v7e-m+fp/hard/crtbegin.o
                [!provide]                        PROVIDE (__fini_array_end = .)
                0x08004d30                        . = ALIGN (0x4)
                0x08004d30                        _sidata = LOADADDR (.data)

.rel.dyn        0x08004d30        0x0
 .rel.iplt      0x08004d30        0x0 C:/MyFiles/Study/Soft/STM32Cube/STM32CubeIDE_1.16.1/STM32CubeIDE/plugins/com.st.stm32cube.ide.mcu.externaltools.gnu-tools-for-stm32.12.3.rel1.win32_1.0.200.202406191623/tools/bin/../lib/gcc/arm-none-eabi/12.3.1/thumb/v7e-m+fp/hard/crtbegin.o

.data           0x20000000       0x68 load address 0x08004d30
                0x20000000                        . = ALIGN (0x4)
                0x20000000                        _sdata = .
 *(.data)
 *(.data*)
 .data.SystemCoreClock
                0x20000000        0x4 ./Core/Src/system_stm32f3xx.o
                0x20000000                SystemCoreClock
 .data.HTS221_address
                0x20000004        0x1 ./Sensors_i2c/HTS221.o
                0x20000004                HTS221_address
 .data.LPS25HB_address
                0x20000005        0x1 ./Sensors_i2c/LPS25HB.o
                0x20000005                LPS25HB_address
 *fill*         0x20000006        0x2 
 .data._impure_ptr
                0x20000008        0x4 C:/MyFiles/Study/Soft/STM32Cube/STM32CubeIDE_1.16.1/STM32CubeIDE/plugins/com.st.stm32cube.ide.mcu.externaltools.gnu-tools-for-stm32.12.3.rel1.win32_1.0.200.202406191623/tools/bin/../lib/gcc/arm-none-eabi/12.3.1/../../../../arm-none-eabi/lib/thumb/v7e-m+fp/hard\libc_nano.a(libc_a-impure.o)
                0x20000008                _impure_ptr
 .data._impure_data
                0x2000000c       0x4c C:/MyFiles/Study/Soft/STM32Cube/STM32CubeIDE_1.16.1/STM32CubeIDE/plugins/com.st.stm32cube.ide.mcu.externaltools.gnu-tools-for-stm32.12.3.rel1.win32_1.0.200.202406191623/tools/bin/../lib/gcc/arm-none-eabi/12.3.1/../../../../arm-none-eabi/lib/thumb/v7e-m+fp/hard\libc_nano.a(libc_a-impure.o)
                0x2000000c                _impure_data
 .data.tiny     0x20000058        0x8 C:/MyFiles/Study/Soft/STM32Cube/STM32CubeIDE_1.16.1/STM32CubeIDE/plugins/com.st.stm32cube.ide.mcu.externaltools.gnu-tools-for-stm32.12.3.rel1.win32_1.0.200.202406191623/tools/bin/../lib/gcc/arm-none-eabi/12.3.1/../../../../arm-none-eabi/lib/thumb/v7e-m+fp/hard\libm.a(libm_a-e_sqrt.o)
 .data.one      0x20000060        0x8 C:/MyFiles/Study/Soft/STM32Cube/STM32CubeIDE_1.16.1/STM32CubeIDE/plugins/com.st.stm32cube.ide.mcu.externaltools.gnu-tools-for-stm32.12.3.rel1.win32_1.0.200.202406191623/tools/bin/../lib/gcc/arm-none-eabi/12.3.1/../../../../arm-none-eabi/lib/thumb/v7e-m+fp/hard\libm.a(libm_a-e_sqrt.o)
 *(.RamFunc)
 *(.RamFunc*)
                0x20000068                        . = ALIGN (0x4)
                0x20000068                        _edata = .
                0x08004d98                        _siccmram = LOADADDR (.ccmram)

.igot.plt       0x20000068        0x0 load address 0x08004d98
 .igot.plt      0x20000068        0x0 C:/MyFiles/Study/Soft/STM32Cube/STM32CubeIDE_1.16.1/STM32CubeIDE/plugins/com.st.stm32cube.ide.mcu.externaltools.gnu-tools-for-stm32.12.3.rel1.win32_1.0.200.202406191623/tools/bin/../lib/gcc/arm-none-eabi/12.3.1/thumb/v7e-m+fp/hard/crtbegin.o

.ccmram         0x10000000        0x0 load address 0x08004d98
                0x10000000                        . = ALIGN (0x4)
                0x10000000                        _sccmram = .
 *(.ccmram)
 *(.ccmram*)
                0x10000000                        . = ALIGN (0x4)
                0x10000000                        _eccmram = .
                0x10000000                        . = ALIGN (0x4)

.bss            0x20000068      0x214
                0x20000068                        _sbss = .
                0x20000068                        __bss_start__ = _sbss
 *(.bss)
 .bss           0x20000068       0x1c C:/MyFiles/Study/Soft/STM32Cube/STM32CubeIDE_1.16.1/STM32CubeIDE/plugins/com.st.stm32cube.ide.mcu.externaltools.gnu-tools-for-stm32.12.3.rel1.win32_1.0.200.202406191623/tools/bin/../lib/gcc/arm-none-eabi/12.3.1/thumb/v7e-m+fp/hard/crtbegin.o
 *(.bss*)
 .bss.aReceiveBuffer_read
                0x20000084        0x4 ./Core/Src/i2c.o
                0x20000084                aReceiveBuffer_read
 .bss.end_of_read_flag
                0x20000088        0x1 ./Core/Src/i2c.o
                0x20000088                end_of_read_flag
 .bss.ubReceiveIndex
                0x20000089        0x1 ./Core/Src/i2c.o
                0x20000089                ubReceiveIndex
 *fill*         0x2000008a        0x2 
 .bss.temperature
                0x2000008c        0x4 ./Core/Src/main.o
                0x2000008c                temperature
 .bss.humidity  0x20000090        0x4 ./Core/Src/main.o
                0x20000090                humidity
 .bss.pressure  0x20000094        0x4 ./Core/Src/main.o
                0x20000094                pressure
 .bss.refference_pressure
                0x20000098        0x4 ./Core/Src/main.o
                0x20000098                refference_pressure
 .bss.__sbrk_heap_end
                0x2000009c        0x4 ./Core/Src/sysmem.o
 .bss.bufferUSART2dma
                0x200000a0       0x80 ./Core/Src/usart.o
                0x200000a0                bufferUSART2dma
 .bss.HTS221_HumiditySlope
                0x20000120        0x4 ./Sensors_i2c/HTS221.o
                0x20000120                HTS221_HumiditySlope
 .bss.HTS221_HumidityZero
                0x20000124        0x4 ./Sensors_i2c/HTS221.o
                0x20000124                HTS221_HumidityZero
 .bss.HTS221_TemperatureSlope
                0x20000128        0x4 ./Sensors_i2c/HTS221.o
                0x20000128                HTS221_TemperatureSlope
 .bss.HTS221_TemperatureZero
                0x2000012c        0x4 ./Sensors_i2c/HTS221.o
                0x2000012c                HTS221_TemperatureZero
 .bss.LPS25HB_PressureOffset
                0x20000130        0x2 ./Sensors_i2c/LPS25HB.o
                0x20000130                LPS25HB_PressureOffset
 *fill*         0x20000132        0x2 
 .bss.__sf      0x20000134      0x138 C:/MyFiles/Study/Soft/STM32Cube/STM32CubeIDE_1.16.1/STM32CubeIDE/plugins/com.st.stm32cube.ide.mcu.externaltools.gnu-tools-for-stm32.12.3.rel1.win32_1.0.200.202406191623/tools/bin/../lib/gcc/arm-none-eabi/12.3.1/../../../../arm-none-eabi/lib/thumb/v7e-m+fp/hard\libc_nano.a(libc_a-findfp.o)
                0x20000134                __sf
 .bss.errno     0x2000026c        0x4 C:/MyFiles/Study/Soft/STM32Cube/STM32CubeIDE_1.16.1/STM32CubeIDE/plugins/com.st.stm32cube.ide.mcu.externaltools.gnu-tools-for-stm32.12.3.rel1.win32_1.0.200.202406191623/tools/bin/../lib/gcc/arm-none-eabi/12.3.1/../../../../arm-none-eabi/lib/thumb/v7e-m+fp/hard\libc_nano.a(libc_a-reent.o)
                0x2000026c                errno
 .bss.__lock___malloc_recursive_mutex
                0x20000270        0x1 C:/MyFiles/Study/Soft/STM32Cube/STM32CubeIDE_1.16.1/STM32CubeIDE/plugins/com.st.stm32cube.ide.mcu.externaltools.gnu-tools-for-stm32.12.3.rel1.win32_1.0.200.202406191623/tools/bin/../lib/gcc/arm-none-eabi/12.3.1/../../../../arm-none-eabi/lib/thumb/v7e-m+fp/hard\libc_nano.a(libc_a-lock.o)
                0x20000270                __lock___malloc_recursive_mutex
 *fill*         0x20000271        0x3 
 .bss.__malloc_sbrk_start
                0x20000274        0x4 C:/MyFiles/Study/Soft/STM32Cube/STM32CubeIDE_1.16.1/STM32CubeIDE/plugins/com.st.stm32cube.ide.mcu.externaltools.gnu-tools-for-stm32.12.3.rel1.win32_1.0.200.202406191623/tools/bin/../lib/gcc/arm-none-eabi/12.3.1/../../../../arm-none-eabi/lib/thumb/v7e-m+fp/hard\libc_nano.a(libc_a-mallocr.o)
                0x20000274                __malloc_sbrk_start
 .bss.__malloc_free_list
                0x20000278        0x4 C:/MyFiles/Study/Soft/STM32Cube/STM32CubeIDE_1.16.1/STM32CubeIDE/plugins/com.st.stm32cube.ide.mcu.externaltools.gnu-tools-for-stm32.12.3.rel1.win32_1.0.200.202406191623/tools/bin/../lib/gcc/arm-none-eabi/12.3.1/../../../../arm-none-eabi/lib/thumb/v7e-m+fp/hard\libc_nano.a(libc_a-mallocr.o)
                0x20000278                __malloc_free_list
 *(COMMON)
                0x2000027c                        . = ALIGN (0x4)
                0x2000027c                        _ebss = .
                0x2000027c                        __bss_end__ = _ebss

._user_heap_stack
                0x2000027c      0x604
                0x20000280                        . = ALIGN (0x8)
 *fill*         0x2000027c        0x4 
                [!provide]                        PROVIDE (end = .)
                0x20000280                        PROVIDE (_end = .)
                0x20000480                        . = (. + _Min_Heap_Size)
 *fill*         0x20000280      0x200 
                0x20000880                        . = (. + _Min_Stack_Size)
 *fill*         0x20000480      0x400 
                0x20000880                        . = ALIGN (0x8)

/DISCARD/
 libc.a(*)
 libm.a(*)
 libgcc.a(*)

.ARM.attributes
                0x00000000       0x30
 *(.ARM.attributes)
 .ARM.attributes
                0x00000000       0x22 C:/MyFiles/Study/Soft/STM32Cube/STM32CubeIDE_1.16.1/STM32CubeIDE/plugins/com.st.stm32cube.ide.mcu.externaltools.gnu-tools-for-stm32.12.3.rel1.win32_1.0.200.202406191623/tools/bin/../lib/gcc/arm-none-eabi/12.3.1/thumb/v7e-m+fp/hard/crti.o
 .ARM.attributes
                0x00000022       0x34 C:/MyFiles/Study/Soft/STM32Cube/STM32CubeIDE_1.16.1/STM32CubeIDE/plugins/com.st.stm32cube.ide.mcu.externaltools.gnu-tools-for-stm32.12.3.rel1.win32_1.0.200.202406191623/tools/bin/../lib/gcc/arm-none-eabi/12.3.1/thumb/v7e-m+fp/hard/crtbegin.o
 .ARM.attributes
                0x00000056       0x34 ./Core/Src/dma.o
 .ARM.attributes
                0x0000008a       0x34 ./Core/Src/gpio.o
 .ARM.attributes
                0x000000be       0x34 ./Core/Src/i2c.o
 .ARM.attributes
                0x000000f2       0x34 ./Core/Src/main.o
 .ARM.attributes
                0x00000126       0x34 ./Core/Src/stm32f3xx_it.o
 .ARM.attributes
                0x0000015a       0x34 ./Core/Src/sysmem.o
 .ARM.attributes
                0x0000018e       0x34 ./Core/Src/system_stm32f3xx.o
 .ARM.attributes
                0x000001c2       0x34 ./Core/Src/usart.o
 .ARM.attributes
                0x000001f6       0x21 ./Core/Startup/startup_stm32f303k8tx.o
 .ARM.attributes
                0x00000217       0x34 ./Drivers/STM32F3xx_HAL_Driver/Src/stm32f3xx_ll_gpio.o
 .ARM.attributes
                0x0000024b       0x34 ./Drivers/STM32F3xx_HAL_Driver/Src/stm32f3xx_ll_i2c.o
 .ARM.attributes
                0x0000027f       0x34 ./Drivers/STM32F3xx_HAL_Driver/Src/stm32f3xx_ll_rcc.o
 .ARM.attributes
                0x000002b3       0x34 ./Drivers/STM32F3xx_HAL_Driver/Src/stm32f3xx_ll_usart.o
 .ARM.attributes
                0x000002e7       0x34 ./Drivers/STM32F3xx_HAL_Driver/Src/stm32f3xx_ll_utils.o
 .ARM.attributes
                0x0000031b       0x34 ./Sensors_i2c/HTS221.o
 .ARM.attributes
                0x0000034f       0x34 ./Sensors_i2c/LPS25HB.o
 .ARM.attributes
                0x00000383       0x34 C:/MyFiles/Study/Soft/STM32Cube/STM32CubeIDE_1.16.1/STM32CubeIDE/plugins/com.st.stm32cube.ide.mcu.externaltools.gnu-tools-for-stm32.12.3.rel1.win32_1.0.200.202406191623/tools/bin/../lib/gcc/arm-none-eabi/12.3.1/../../../../arm-none-eabi/lib/thumb/v7e-m+fp/hard\libc_nano.a(libc_a-findfp.o)
 .ARM.attributes
                0x000003b7       0x34 C:/MyFiles/Study/Soft/STM32Cube/STM32CubeIDE_1.16.1/STM32CubeIDE/plugins/com.st.stm32cube.ide.mcu.externaltools.gnu-tools-for-stm32.12.3.rel1.win32_1.0.200.202406191623/tools/bin/../lib/gcc/arm-none-eabi/12.3.1/../../../../arm-none-eabi/lib/thumb/v7e-m+fp/hard\libc_nano.a(libc_a-sprintf.o)
 .ARM.attributes
                0x000003eb       0x34 C:/MyFiles/Study/Soft/STM32Cube/STM32CubeIDE_1.16.1/STM32CubeIDE/plugins/com.st.stm32cube.ide.mcu.externaltools.gnu-tools-for-stm32.12.3.rel1.win32_1.0.200.202406191623/tools/bin/../lib/gcc/arm-none-eabi/12.3.1/../../../../arm-none-eabi/lib/thumb/v7e-m+fp/hard\libc_nano.a(libc_a-reent.o)
 .ARM.attributes
                0x0000041f       0x34 C:/MyFiles/Study/Soft/STM32Cube/STM32CubeIDE_1.16.1/STM32CubeIDE/plugins/com.st.stm32cube.ide.mcu.externaltools.gnu-tools-for-stm32.12.3.rel1.win32_1.0.200.202406191623/tools/bin/../lib/gcc/arm-none-eabi/12.3.1/../../../../arm-none-eabi/lib/thumb/v7e-m+fp/hard\libc_nano.a(libc_a-impure.o)
 .ARM.attributes
                0x00000453       0x34 C:/MyFiles/Study/Soft/STM32Cube/STM32CubeIDE_1.16.1/STM32CubeIDE/plugins/com.st.stm32cube.ide.mcu.externaltools.gnu-tools-for-stm32.12.3.rel1.win32_1.0.200.202406191623/tools/bin/../lib/gcc/arm-none-eabi/12.3.1/../../../../arm-none-eabi/lib/thumb/v7e-m+fp/hard\libc_nano.a(libc_a-errno.o)
 .ARM.attributes
                0x00000487       0x34 C:/MyFiles/Study/Soft/STM32Cube/STM32CubeIDE_1.16.1/STM32CubeIDE/plugins/com.st.stm32cube.ide.mcu.externaltools.gnu-tools-for-stm32.12.3.rel1.win32_1.0.200.202406191623/tools/bin/../lib/gcc/arm-none-eabi/12.3.1/../../../../arm-none-eabi/lib/thumb/v7e-m+fp/hard\libc_nano.a(libc_a-init.o)
 .ARM.attributes
                0x000004bb       0x34 C:/MyFiles/Study/Soft/STM32Cube/STM32CubeIDE_1.16.1/STM32CubeIDE/plugins/com.st.stm32cube.ide.mcu.externaltools.gnu-tools-for-stm32.12.3.rel1.win32_1.0.200.202406191623/tools/bin/../lib/gcc/arm-none-eabi/12.3.1/../../../../arm-none-eabi/lib/thumb/v7e-m+fp/hard\libc_nano.a(libc_a-lock.o)
 .ARM.attributes
                0x000004ef       0x34 C:/MyFiles/Study/Soft/STM32Cube/STM32CubeIDE_1.16.1/STM32CubeIDE/plugins/com.st.stm32cube.ide.mcu.externaltools.gnu-tools-for-stm32.12.3.rel1.win32_1.0.200.202406191623/tools/bin/../lib/gcc/arm-none-eabi/12.3.1/../../../../arm-none-eabi/lib/thumb/v7e-m+fp/hard\libc_nano.a(libc_a-memcpy-stub.o)
 .ARM.attributes
                0x00000523       0x34 C:/MyFiles/Study/Soft/STM32Cube/STM32CubeIDE_1.16.1/STM32CubeIDE/plugins/com.st.stm32cube.ide.mcu.externaltools.gnu-tools-for-stm32.12.3.rel1.win32_1.0.200.202406191623/tools/bin/../lib/gcc/arm-none-eabi/12.3.1/../../../../arm-none-eabi/lib/thumb/v7e-m+fp/hard\libc_nano.a(libc_a-freer.o)
 .ARM.attributes
                0x00000557       0x34 C:/MyFiles/Study/Soft/STM32Cube/STM32CubeIDE_1.16.1/STM32CubeIDE/plugins/com.st.stm32cube.ide.mcu.externaltools.gnu-tools-for-stm32.12.3.rel1.win32_1.0.200.202406191623/tools/bin/../lib/gcc/arm-none-eabi/12.3.1/../../../../arm-none-eabi/lib/thumb/v7e-m+fp/hard\libc_nano.a(libc_a-mallocr.o)
 .ARM.attributes
                0x0000058b       0x34 C:/MyFiles/Study/Soft/STM32Cube/STM32CubeIDE_1.16.1/STM32CubeIDE/plugins/com.st.stm32cube.ide.mcu.externaltools.gnu-tools-for-stm32.12.3.rel1.win32_1.0.200.202406191623/tools/bin/../lib/gcc/arm-none-eabi/12.3.1/../../../../arm-none-eabi/lib/thumb/v7e-m+fp/hard\libc_nano.a(libc_a-mlock.o)
 .ARM.attributes
                0x000005bf       0x34 C:/MyFiles/Study/Soft/STM32Cube/STM32CubeIDE_1.16.1/STM32CubeIDE/plugins/com.st.stm32cube.ide.mcu.externaltools.gnu-tools-for-stm32.12.3.rel1.win32_1.0.200.202406191623/tools/bin/../lib/gcc/arm-none-eabi/12.3.1/../../../../arm-none-eabi/lib/thumb/v7e-m+fp/hard\libc_nano.a(libc_a-nano-svfprintf.o)
 .ARM.attributes
                0x000005f3       0x34 C:/MyFiles/Study/Soft/STM32Cube/STM32CubeIDE_1.16.1/STM32CubeIDE/plugins/com.st.stm32cube.ide.mcu.externaltools.gnu-tools-for-stm32.12.3.rel1.win32_1.0.200.202406191623/tools/bin/../lib/gcc/arm-none-eabi/12.3.1/../../../../arm-none-eabi/lib/thumb/v7e-m+fp/hard\libc_nano.a(libc_a-nano-vfprintf_i.o)
 .ARM.attributes
                0x00000627       0x34 C:/MyFiles/Study/Soft/STM32Cube/STM32CubeIDE_1.16.1/STM32CubeIDE/plugins/com.st.stm32cube.ide.mcu.externaltools.gnu-tools-for-stm32.12.3.rel1.win32_1.0.200.202406191623/tools/bin/../lib/gcc/arm-none-eabi/12.3.1/../../../../arm-none-eabi/lib/thumb/v7e-m+fp/hard\libc_nano.a(libc_a-memmove.o)
 .ARM.attributes
                0x0000065b       0x34 C:/MyFiles/Study/Soft/STM32Cube/STM32CubeIDE_1.16.1/STM32CubeIDE/plugins/com.st.stm32cube.ide.mcu.externaltools.gnu-tools-for-stm32.12.3.rel1.win32_1.0.200.202406191623/tools/bin/../lib/gcc/arm-none-eabi/12.3.1/../../../../arm-none-eabi/lib/thumb/v7e-m+fp/hard\libc_nano.a(libc_a-sbrkr.o)
 .ARM.attributes
                0x0000068f       0x1c C:/MyFiles/Study/Soft/STM32Cube/STM32CubeIDE_1.16.1/STM32CubeIDE/plugins/com.st.stm32cube.ide.mcu.externaltools.gnu-tools-for-stm32.12.3.rel1.win32_1.0.200.202406191623/tools/bin/../lib/gcc/arm-none-eabi/12.3.1/../../../../arm-none-eabi/lib/thumb/v7e-m+fp/hard\libc_nano.a(libc_a-memchr.o)
 .ARM.attributes
                0x000006ab       0x34 C:/MyFiles/Study/Soft/STM32Cube/STM32CubeIDE_1.16.1/STM32CubeIDE/plugins/com.st.stm32cube.ide.mcu.externaltools.gnu-tools-for-stm32.12.3.rel1.win32_1.0.200.202406191623/tools/bin/../lib/gcc/arm-none-eabi/12.3.1/../../../../arm-none-eabi/lib/thumb/v7e-m+fp/hard\libc_nano.a(libc_a-reallocr.o)
 .ARM.attributes
                0x000006df       0x34 C:/MyFiles/Study/Soft/STM32Cube/STM32CubeIDE_1.16.1/STM32CubeIDE/plugins/com.st.stm32cube.ide.mcu.externaltools.gnu-tools-for-stm32.12.3.rel1.win32_1.0.200.202406191623/tools/bin/../lib/gcc/arm-none-eabi/12.3.1/../../../../arm-none-eabi/lib/thumb/v7e-m+fp/hard\libc_nano.a(libc_a-msizer.o)
 .ARM.attributes
                0x00000713       0x34 C:/MyFiles/Study/Soft/STM32Cube/STM32CubeIDE_1.16.1/STM32CubeIDE/plugins/com.st.stm32cube.ide.mcu.externaltools.gnu-tools-for-stm32.12.3.rel1.win32_1.0.200.202406191623/tools/bin/../lib/gcc/arm-none-eabi/12.3.1/../../../../arm-none-eabi/lib/thumb/v7e-m+fp/hard\libm.a(libm_a-w_pow.o)
 .ARM.attributes
                0x00000747       0x34 C:/MyFiles/Study/Soft/STM32Cube/STM32CubeIDE_1.16.1/STM32CubeIDE/plugins/com.st.stm32cube.ide.mcu.externaltools.gnu-tools-for-stm32.12.3.rel1.win32_1.0.200.202406191623/tools/bin/../lib/gcc/arm-none-eabi/12.3.1/../../../../arm-none-eabi/lib/thumb/v7e-m+fp/hard\libm.a(libm_a-s_finite.o)
 .ARM.attributes
                0x0000077b       0x34 C:/MyFiles/Study/Soft/STM32Cube/STM32CubeIDE_1.16.1/STM32CubeIDE/plugins/com.st.stm32cube.ide.mcu.externaltools.gnu-tools-for-stm32.12.3.rel1.win32_1.0.200.202406191623/tools/bin/../lib/gcc/arm-none-eabi/12.3.1/../../../../arm-none-eabi/lib/thumb/v7e-m+fp/hard\libm.a(libm_a-e_pow.o)
 .ARM.attributes
                0x000007af       0x34 C:/MyFiles/Study/Soft/STM32Cube/STM32CubeIDE_1.16.1/STM32CubeIDE/plugins/com.st.stm32cube.ide.mcu.externaltools.gnu-tools-for-stm32.12.3.rel1.win32_1.0.200.202406191623/tools/bin/../lib/gcc/arm-none-eabi/12.3.1/../../../../arm-none-eabi/lib/thumb/v7e-m+fp/hard\libm.a(libm_a-s_fabs.o)
 .ARM.attributes
                0x000007e3       0x34 C:/MyFiles/Study/Soft/STM32Cube/STM32CubeIDE_1.16.1/STM32CubeIDE/plugins/com.st.stm32cube.ide.mcu.externaltools.gnu-tools-for-stm32.12.3.rel1.win32_1.0.200.202406191623/tools/bin/../lib/gcc/arm-none-eabi/12.3.1/../../../../arm-none-eabi/lib/thumb/v7e-m+fp/hard\libm.a(libm_a-s_scalbn.o)
 .ARM.attributes
                0x00000817       0x34 C:/MyFiles/Study/Soft/STM32Cube/STM32CubeIDE_1.16.1/STM32CubeIDE/plugins/com.st.stm32cube.ide.mcu.externaltools.gnu-tools-for-stm32.12.3.rel1.win32_1.0.200.202406191623/tools/bin/../lib/gcc/arm-none-eabi/12.3.1/../../../../arm-none-eabi/lib/thumb/v7e-m+fp/hard\libm.a(libm_a-math_err.o)
 .ARM.attributes
                0x0000084b       0x34 C:/MyFiles/Study/Soft/STM32Cube/STM32CubeIDE_1.16.1/STM32CubeIDE/plugins/com.st.stm32cube.ide.mcu.externaltools.gnu-tools-for-stm32.12.3.rel1.win32_1.0.200.202406191623/tools/bin/../lib/gcc/arm-none-eabi/12.3.1/../../../../arm-none-eabi/lib/thumb/v7e-m+fp/hard\libm.a(libm_a-e_sqrt.o)
 .ARM.attributes
                0x0000087f       0x22 C:/MyFiles/Study/Soft/STM32Cube/STM32CubeIDE_1.16.1/STM32CubeIDE/plugins/com.st.stm32cube.ide.mcu.externaltools.gnu-tools-for-stm32.12.3.rel1.win32_1.0.200.202406191623/tools/bin/../lib/gcc/arm-none-eabi/12.3.1/thumb/v7e-m+fp/hard\libgcc.a(_arm_addsubdf3.o)
 .ARM.attributes
                0x000008a1       0x22 C:/MyFiles/Study/Soft/STM32Cube/STM32CubeIDE_1.16.1/STM32CubeIDE/plugins/com.st.stm32cube.ide.mcu.externaltools.gnu-tools-for-stm32.12.3.rel1.win32_1.0.200.202406191623/tools/bin/../lib/gcc/arm-none-eabi/12.3.1/thumb/v7e-m+fp/hard\libgcc.a(_arm_muldivdf3.o)
 .ARM.attributes
                0x000008c3       0x22 C:/MyFiles/Study/Soft/STM32Cube/STM32CubeIDE_1.16.1/STM32CubeIDE/plugins/com.st.stm32cube.ide.mcu.externaltools.gnu-tools-for-stm32.12.3.rel1.win32_1.0.200.202406191623/tools/bin/../lib/gcc/arm-none-eabi/12.3.1/thumb/v7e-m+fp/hard\libgcc.a(_arm_cmpdf2.o)
 .ARM.attributes
                0x000008e5       0x22 C:/MyFiles/Study/Soft/STM32Cube/STM32CubeIDE_1.16.1/STM32CubeIDE/plugins/com.st.stm32cube.ide.mcu.externaltools.gnu-tools-for-stm32.12.3.rel1.win32_1.0.200.202406191623/tools/bin/../lib/gcc/arm-none-eabi/12.3.1/thumb/v7e-m+fp/hard\libgcc.a(_arm_unorddf2.o)
 .ARM.attributes
                0x00000907       0x22 C:/MyFiles/Study/Soft/STM32Cube/STM32CubeIDE_1.16.1/STM32CubeIDE/plugins/com.st.stm32cube.ide.mcu.externaltools.gnu-tools-for-stm32.12.3.rel1.win32_1.0.200.202406191623/tools/bin/../lib/gcc/arm-none-eabi/12.3.1/thumb/v7e-m+fp/hard\libgcc.a(_arm_truncdfsf2.o)
 .ARM.attributes
                0x00000929       0x22 C:/MyFiles/Study/Soft/STM32Cube/STM32CubeIDE_1.16.1/STM32CubeIDE/plugins/com.st.stm32cube.ide.mcu.externaltools.gnu-tools-for-stm32.12.3.rel1.win32_1.0.200.202406191623/tools/bin/../lib/gcc/arm-none-eabi/12.3.1/thumb/v7e-m+fp/hard/crtn.o
OUTPUT(sensores-climate.elf elf32-littlearm)
LOAD linker stubs
LOAD C:/MyFiles/Study/Soft/STM32Cube/STM32CubeIDE_1.16.1/STM32CubeIDE/plugins/com.st.stm32cube.ide.mcu.externaltools.gnu-tools-for-stm32.12.3.rel1.win32_1.0.200.202406191623/tools/bin/../lib/gcc/arm-none-eabi/12.3.1/../../../../arm-none-eabi/lib/thumb/v7e-m+fp/hard\libc.a
LOAD C:/MyFiles/Study/Soft/STM32Cube/STM32CubeIDE_1.16.1/STM32CubeIDE/plugins/com.st.stm32cube.ide.mcu.externaltools.gnu-tools-for-stm32.12.3.rel1.win32_1.0.200.202406191623/tools/bin/../lib/gcc/arm-none-eabi/12.3.1/../../../../arm-none-eabi/lib/thumb/v7e-m+fp/hard\libm.a
LOAD C:/MyFiles/Study/Soft/STM32Cube/STM32CubeIDE_1.16.1/STM32CubeIDE/plugins/com.st.stm32cube.ide.mcu.externaltools.gnu-tools-for-stm32.12.3.rel1.win32_1.0.200.202406191623/tools/bin/../lib/gcc/arm-none-eabi/12.3.1/thumb/v7e-m+fp/hard\libgcc.a

.debug_info     0x00000000     0x691f
 .debug_info    0x00000000      0x72d ./Core/Src/dma.o
 .debug_info    0x0000072d      0x1d9 ./Core/Src/gpio.o
 .debug_info    0x00000906      0xdec ./Core/Src/i2c.o
 .debug_info    0x000016f2      0xba1 ./Core/Src/main.o
 .debug_info    0x00002293      0x5d4 ./Core/Src/stm32f3xx_it.o
 .debug_info    0x00002867      0x168 ./Core/Src/sysmem.o
 .debug_info    0x000029cf      0x400 ./Core/Src/system_stm32f3xx.o
 .debug_info    0x00002dcf     0x12cb ./Core/Src/usart.o
 .debug_info    0x0000409a       0x30 ./Core/Startup/startup_stm32f303k8tx.o
 .debug_info    0x000040ca      0x6e7 ./Drivers/STM32F3xx_HAL_Driver/Src/stm32f3xx_ll_gpio.o
 .debug_info    0x000047b1      0x529 ./Drivers/STM32F3xx_HAL_Driver/Src/stm32f3xx_ll_i2c.o
 .debug_info    0x00004cda      0x6b1 ./Drivers/STM32F3xx_HAL_Driver/Src/stm32f3xx_ll_rcc.o
 .debug_info    0x0000538b      0x68a ./Drivers/STM32F3xx_HAL_Driver/Src/stm32f3xx_ll_usart.o
 .debug_info    0x00005a15      0x803 ./Drivers/STM32F3xx_HAL_Driver/Src/stm32f3xx_ll_utils.o
 .debug_info    0x00006218      0x41d ./Sensors_i2c/HTS221.o
 .debug_info    0x00006635      0x2ea ./Sensors_i2c/LPS25HB.o

.debug_abbrev   0x00000000     0x1ad4
 .debug_abbrev  0x00000000      0x197 ./Core/Src/dma.o
 .debug_abbrev  0x00000197      0x102 ./Core/Src/gpio.o
 .debug_abbrev  0x00000299      0x266 ./Core/Src/i2c.o
 .debug_abbrev  0x000004ff      0x2a6 ./Core/Src/main.o
 .debug_abbrev  0x000007a5      0x1c6 ./Core/Src/stm32f3xx_it.o
 .debug_abbrev  0x0000096b       0xbc ./Core/Src/sysmem.o
 .debug_abbrev  0x00000a27      0x11a ./Core/Src/system_stm32f3xx.o
 .debug_abbrev  0x00000b41      0x2f9 ./Core/Src/usart.o
 .debug_abbrev  0x00000e3a       0x24 ./Core/Startup/startup_stm32f303k8tx.o
 .debug_abbrev  0x00000e5e      0x21e ./Drivers/STM32F3xx_HAL_Driver/Src/stm32f3xx_ll_gpio.o
 .debug_abbrev  0x0000107c      0x177 ./Drivers/STM32F3xx_HAL_Driver/Src/stm32f3xx_ll_i2c.o
 .debug_abbrev  0x000011f3      0x246 ./Drivers/STM32F3xx_HAL_Driver/Src/stm32f3xx_ll_rcc.o
 .debug_abbrev  0x00001439      0x1dd ./Drivers/STM32F3xx_HAL_Driver/Src/stm32f3xx_ll_usart.o
 .debug_abbrev  0x00001616      0x2b9 ./Drivers/STM32F3xx_HAL_Driver/Src/stm32f3xx_ll_utils.o
 .debug_abbrev  0x000018cf       0xfe ./Sensors_i2c/HTS221.o
 .debug_abbrev  0x000019cd      0x107 ./Sensors_i2c/LPS25HB.o

.debug_aranges  0x00000000      0x860
 .debug_aranges
                0x00000000       0x48 ./Core/Src/dma.o
 .debug_aranges
                0x00000048       0x28 ./Core/Src/gpio.o
 .debug_aranges
                0x00000070       0xd0 ./Core/Src/i2c.o
 .debug_aranges
                0x00000140       0xc0 ./Core/Src/main.o
 .debug_aranges
                0x00000200       0xd8 ./Core/Src/stm32f3xx_it.o
 .debug_aranges
                0x000002d8       0x20 ./Core/Src/sysmem.o
 .debug_aranges
                0x000002f8       0x28 ./Core/Src/system_stm32f3xx.o
 .debug_aranges
                0x00000320      0x118 ./Core/Src/usart.o
 .debug_aranges
                0x00000438       0x28 ./Core/Startup/startup_stm32f303k8tx.o
 .debug_aranges
                0x00000460       0x70 ./Drivers/STM32F3xx_HAL_Driver/Src/stm32f3xx_ll_gpio.o
 .debug_aranges
                0x000004d0       0x88 ./Drivers/STM32F3xx_HAL_Driver/Src/stm32f3xx_ll_i2c.o
 .debug_aranges
                0x00000558      0x100 ./Drivers/STM32F3xx_HAL_Driver/Src/stm32f3xx_ll_rcc.o
 .debug_aranges
                0x00000658       0x88 ./Drivers/STM32F3xx_HAL_Driver/Src/stm32f3xx_ll_usart.o
 .debug_aranges
                0x000006e0       0xf0 ./Drivers/STM32F3xx_HAL_Driver/Src/stm32f3xx_ll_utils.o
 .debug_aranges
                0x000007d0       0x50 ./Sensors_i2c/HTS221.o
 .debug_aranges
                0x00000820       0x40 ./Sensors_i2c/LPS25HB.o

.debug_rnglists
                0x00000000      0x609
 .debug_rnglists
                0x00000000       0x31 ./Core/Src/dma.o
 .debug_rnglists
                0x00000031       0x19 ./Core/Src/gpio.o
 .debug_rnglists
                0x0000004a       0x9a ./Core/Src/i2c.o
 .debug_rnglists
                0x000000e4       0x8d ./Core/Src/main.o
 .debug_rnglists
                0x00000171       0x9d ./Core/Src/stm32f3xx_it.o
 .debug_rnglists
                0x0000020e       0x13 ./Core/Src/sysmem.o
 .debug_rnglists
                0x00000221       0x1a ./Core/Src/system_stm32f3xx.o
 .debug_rnglists
                0x0000023b       0xce ./Core/Src/usart.o
 .debug_rnglists
                0x00000309       0x19 ./Core/Startup/startup_stm32f303k8tx.o
 .debug_rnglists
                0x00000322       0x51 ./Drivers/STM32F3xx_HAL_Driver/Src/stm32f3xx_ll_gpio.o
 .debug_rnglists
                0x00000373       0x61 ./Drivers/STM32F3xx_HAL_Driver/Src/stm32f3xx_ll_i2c.o
 .debug_rnglists
                0x000003d4       0xbe ./Drivers/STM32F3xx_HAL_Driver/Src/stm32f3xx_ll_rcc.o
 .debug_rnglists
                0x00000492       0x62 ./Drivers/STM32F3xx_HAL_Driver/Src/stm32f3xx_ll_usart.o
 .debug_rnglists
                0x000004f4       0xb1 ./Drivers/STM32F3xx_HAL_Driver/Src/stm32f3xx_ll_utils.o
 .debug_rnglists
                0x000005a5       0x39 ./Sensors_i2c/HTS221.o
 .debug_rnglists
                0x000005de       0x2b ./Sensors_i2c/LPS25HB.o

.debug_macro    0x00000000    0x17418
 .debug_macro   0x00000000      0x245 ./Core/Src/dma.o
 .debug_macro   0x00000245      0xaea ./Core/Src/dma.o
 .debug_macro   0x00000d2f       0x2e ./Core/Src/dma.o
 .debug_macro   0x00000d5d       0x28 ./Core/Src/dma.o
 .debug_macro   0x00000d85       0x22 ./Core/Src/dma.o
 .debug_macro   0x00000da7       0x8e ./Core/Src/dma.o
 .debug_macro   0x00000e35       0x51 ./Core/Src/dma.o
 .debug_macro   0x00000e86      0x103 ./Core/Src/dma.o
 .debug_macro   0x00000f89       0x6a ./Core/Src/dma.o
 .debug_macro   0x00000ff3      0x1df ./Core/Src/dma.o
 .debug_macro   0x000011d2       0x1c ./Core/Src/dma.o
 .debug_macro   0x000011ee       0x22 ./Core/Src/dma.o
 .debug_macro   0x00001210       0xd9 ./Core/Src/dma.o
 .debug_macro   0x000012e9      0xf07 ./Core/Src/dma.o
 .debug_macro   0x000021f0    0x10be0 ./Core/Src/dma.o
 .debug_macro   0x00012dd0       0x6d ./Core/Src/dma.o
 .debug_macro   0x00012e3d      0x281 ./Core/Src/dma.o
 .debug_macro   0x000130be      0x24d ./Core/Src/dma.o
 .debug_macro   0x0001330b      0x4c2 ./Core/Src/dma.o
 .debug_macro   0x000137cd       0xe0 ./Core/Src/dma.o
 .debug_macro   0x000138ad      0x29f ./Core/Src/dma.o
 .debug_macro   0x00013b4c       0xfe ./Core/Src/dma.o
 .debug_macro   0x00013c4a       0x28 ./Core/Src/dma.o
 .debug_macro   0x00013c72       0x30 ./Core/Src/dma.o
 .debug_macro   0x00013ca2       0xa8 ./Core/Src/dma.o
 .debug_macro   0x00013d4a      0x2f7 ./Core/Src/dma.o
 .debug_macro   0x00014041      0x142 ./Core/Src/dma.o
 .debug_macro   0x00014183       0x61 ./Core/Src/dma.o
 .debug_macro   0x000141e4       0x2a ./Core/Src/dma.o
 .debug_macro   0x0001420e       0x43 ./Core/Src/dma.o
 .debug_macro   0x00014251       0x34 ./Core/Src/dma.o
 .debug_macro   0x00014285      0x189 ./Core/Src/dma.o
 .debug_macro   0x0001440e       0x16 ./Core/Src/dma.o
 .debug_macro   0x00014424       0x43 ./Core/Src/dma.o
 .debug_macro   0x00014467       0x34 ./Core/Src/dma.o
 .debug_macro   0x0001449b       0x10 ./Core/Src/dma.o
 .debug_macro   0x000144ab       0x58 ./Core/Src/dma.o
 .debug_macro   0x00014503       0x8e ./Core/Src/dma.o
 .debug_macro   0x00014591       0x1c ./Core/Src/dma.o
 .debug_macro   0x000145ad      0x177 ./Core/Src/dma.o
 .debug_macro   0x00014724      0x369 ./Core/Src/dma.o
 .debug_macro   0x00014a8d       0x10 ./Core/Src/dma.o
 .debug_macro   0x00014a9d       0x35 ./Core/Src/dma.o
 .debug_macro   0x00014ad2       0x20 ./Core/Src/dma.o
 .debug_macro   0x00014af2       0x1c ./Core/Src/dma.o
 .debug_macro   0x00014b0e       0x10 ./Core/Src/dma.o
 .debug_macro   0x00014b1e       0x1c ./Core/Src/dma.o
 .debug_macro   0x00014b3a       0x16 ./Core/Src/dma.o
 .debug_macro   0x00014b50      0x146 ./Core/Src/dma.o
 .debug_macro   0x00014c96       0x22 ./Core/Src/dma.o
 .debug_macro   0x00014cb8      0x245 ./Core/Src/gpio.o
 .debug_macro   0x00014efd      0x245 ./Core/Src/i2c.o
 .debug_macro   0x00015142      0x291 ./Core/Src/main.o
 .debug_macro   0x000153d3       0x10 ./Core/Src/main.o
 .debug_macro   0x000153e3       0x8e ./Core/Src/main.o
 .debug_macro   0x00015471       0x46 ./Core/Src/main.o
 .debug_macro   0x000154b7      0x19b ./Core/Src/main.o
 .debug_macro   0x00015652      0x259 ./Core/Src/stm32f3xx_it.o
 .debug_macro   0x000158ab       0xff ./Core/Src/sysmem.o
 .debug_macro   0x000159aa      0x23c ./Core/Src/sysmem.o
 .debug_macro   0x00015be6       0xbc ./Core/Src/system_stm32f3xx.o
 .debug_macro   0x00015ca2      0x24b ./Core/Src/usart.o
 .debug_macro   0x00015eed       0xfe ./Drivers/STM32F3xx_HAL_Driver/Src/stm32f3xx_ll_gpio.o
 .debug_macro   0x00015feb      0x13c ./Drivers/STM32F3xx_HAL_Driver/Src/stm32f3xx_ll_gpio.o
 .debug_macro   0x00016127       0xfe ./Drivers/STM32F3xx_HAL_Driver/Src/stm32f3xx_ll_i2c.o
 .debug_macro   0x00016225      0x247 ./Drivers/STM32F3xx_HAL_Driver/Src/stm32f3xx_ll_i2c.o
 .debug_macro   0x0001646c       0xf0 ./Drivers/STM32F3xx_HAL_Driver/Src/stm32f3xx_ll_rcc.o
 .debug_macro   0x0001655c      0x4bc ./Drivers/STM32F3xx_HAL_Driver/Src/stm32f3xx_ll_rcc.o
 .debug_macro   0x00016a18      0x131 ./Drivers/STM32F3xx_HAL_Driver/Src/stm32f3xx_ll_usart.o
 .debug_macro   0x00016b49      0x2f1 ./Drivers/STM32F3xx_HAL_Driver/Src/stm32f3xx_ll_usart.o
 .debug_macro   0x00016e3a      0x13a ./Drivers/STM32F3xx_HAL_Driver/Src/stm32f3xx_ll_utils.o
 .debug_macro   0x00016f74      0x252 ./Sensors_i2c/HTS221.o
 .debug_macro   0x000171c6      0x252 ./Sensors_i2c/LPS25HB.o

.debug_line     0x00000000     0x833b
 .debug_line    0x00000000      0x89b ./Core/Src/dma.o
 .debug_line    0x0000089b      0x7ba ./Core/Src/gpio.o
 .debug_line    0x00001055      0xb77 ./Core/Src/i2c.o
 .debug_line    0x00001bcc      0xb79 ./Core/Src/main.o
 .debug_line    0x00002745      0xa56 ./Core/Src/stm32f3xx_it.o
 .debug_line    0x0000319b      0x575 ./Core/Src/sysmem.o
 .debug_line    0x00003710      0x53b ./Core/Src/system_stm32f3xx.o
 .debug_line    0x00003c4b      0xc8e ./Core/Src/usart.o
 .debug_line    0x000048d9       0x7a ./Core/Startup/startup_stm32f303k8tx.o
 .debug_line    0x00004953      0x7a0 ./Drivers/STM32F3xx_HAL_Driver/Src/stm32f3xx_ll_gpio.o
 .debug_line    0x000050f3      0x6b5 ./Drivers/STM32F3xx_HAL_Driver/Src/stm32f3xx_ll_i2c.o
 .debug_line    0x000057a8      0x95d ./Drivers/STM32F3xx_HAL_Driver/Src/stm32f3xx_ll_rcc.o
 .debug_line    0x00006105      0x74b ./Drivers/STM32F3xx_HAL_Driver/Src/stm32f3xx_ll_usart.o
 .debug_line    0x00006850      0x97b ./Drivers/STM32F3xx_HAL_Driver/Src/stm32f3xx_ll_utils.o
 .debug_line    0x000071cb      0x925 ./Sensors_i2c/HTS221.o
 .debug_line    0x00007af0      0x84b ./Sensors_i2c/LPS25HB.o

.debug_str      0x00000000    0x75ff4
 .debug_str     0x00000000    0x71bf5 ./Core/Src/dma.o
                              0x71edb (size before relaxing)
 .debug_str     0x00071bf5       0x2c ./Core/Src/gpio.o
                              0x71a67 (size before relaxing)
 .debug_str     0x00071c21      0x384 ./Core/Src/i2c.o
                              0x7229a (size before relaxing)
 .debug_str     0x00071fa5      0xe37 ./Core/Src/main.o
                              0x72d84 (size before relaxing)
 .debug_str     0x00072ddc      0x28a ./Core/Src/stm32f3xx_it.o
                              0x71ce7 (size before relaxing)
 .debug_str     0x00073066      0x4dc ./Core/Src/sysmem.o
                               0x6186 (size before relaxing)
 .debug_str     0x00073542       0x7b ./Core/Src/system_stm32f3xx.o
                              0x65720 (size before relaxing)
 .debug_str     0x000735bd      0x390 ./Core/Src/usart.o
                              0x723b4 (size before relaxing)
 .debug_str     0x0007394d       0x44 ./Core/Startup/startup_stm32f303k8tx.o
                                 0x82 (size before relaxing)
 .debug_str     0x00073991      0x653 ./Drivers/STM32F3xx_HAL_Driver/Src/stm32f3xx_ll_gpio.o
                              0x66a57 (size before relaxing)
 .debug_str     0x00073fe4      0x3ef ./Drivers/STM32F3xx_HAL_Driver/Src/stm32f3xx_ll_i2c.o
                              0x670a7 (size before relaxing)
 .debug_str     0x000743d3      0x4f2 ./Drivers/STM32F3xx_HAL_Driver/Src/stm32f3xx_ll_rcc.o
                              0x67ec5 (size before relaxing)
 .debug_str     0x000748c5      0x850 ./Drivers/STM32F3xx_HAL_Driver/Src/stm32f3xx_ll_usart.o
                              0x699c3 (size before relaxing)
 .debug_str     0x00075115      0xc91 ./Drivers/STM32F3xx_HAL_Driver/Src/stm32f3xx_ll_utils.o
                              0x6a747 (size before relaxing)
 .debug_str     0x00075da6      0x1ba ./Sensors_i2c/HTS221.o
                              0x71e42 (size before relaxing)
 .debug_str     0x00075f60       0x94 ./Sensors_i2c/LPS25HB.o
                              0x71c4c (size before relaxing)

.comment        0x00000000       0x43
 .comment       0x00000000       0x43 ./Core/Src/dma.o
                                 0x44 (size before relaxing)
 .comment       0x00000043       0x44 ./Core/Src/gpio.o
 .comment       0x00000043       0x44 ./Core/Src/i2c.o
 .comment       0x00000043       0x44 ./Core/Src/main.o
 .comment       0x00000043       0x44 ./Core/Src/stm32f3xx_it.o
 .comment       0x00000043       0x44 ./Core/Src/sysmem.o
 .comment       0x00000043       0x44 ./Core/Src/system_stm32f3xx.o
 .comment       0x00000043       0x44 ./Core/Src/usart.o
 .comment       0x00000043       0x44 ./Drivers/STM32F3xx_HAL_Driver/Src/stm32f3xx_ll_gpio.o
 .comment       0x00000043       0x44 ./Drivers/STM32F3xx_HAL_Driver/Src/stm32f3xx_ll_i2c.o
 .comment       0x00000043       0x44 ./Drivers/STM32F3xx_HAL_Driver/Src/stm32f3xx_ll_rcc.o
 .comment       0x00000043       0x44 ./Drivers/STM32F3xx_HAL_Driver/Src/stm32f3xx_ll_usart.o
 .comment       0x00000043       0x44 ./Drivers/STM32F3xx_HAL_Driver/Src/stm32f3xx_ll_utils.o
 .comment       0x00000043       0x44 ./Sensors_i2c/HTS221.o
 .comment       0x00000043       0x44 ./Sensors_i2c/LPS25HB.o

.debug_frame    0x00000000     0x2ab8
 .debug_frame   0x00000000       0xec ./Core/Src/dma.o
 .debug_frame   0x000000ec       0x54 ./Core/Src/gpio.o
 .debug_frame   0x00000140      0x394 ./Core/Src/i2c.o
 .debug_frame   0x000004d4      0x314 ./Core/Src/main.o
 .debug_frame   0x000007e8      0x330 ./Core/Src/stm32f3xx_it.o
 .debug_frame   0x00000b18       0x34 ./Core/Src/sysmem.o
 .debug_frame   0x00000b4c       0x58 ./Core/Src/system_stm32f3xx.o
 .debug_frame   0x00000ba4      0x504 ./Core/Src/usart.o
 .debug_frame   0x000010a8      0x1c0 ./Drivers/STM32F3xx_HAL_Driver/Src/stm32f3xx_ll_gpio.o
 .debug_frame   0x00001268      0x238 ./Drivers/STM32F3xx_HAL_Driver/Src/stm32f3xx_ll_i2c.o
 .debug_frame   0x000014a0      0x408 ./Drivers/STM32F3xx_HAL_Driver/Src/stm32f3xx_ll_rcc.o
 .debug_frame   0x000018a8      0x234 ./Drivers/STM32F3xx_HAL_Driver/Src/stm32f3xx_ll_usart.o
 .debug_frame   0x00001adc      0x3dc ./Drivers/STM32F3xx_HAL_Driver/Src/stm32f3xx_ll_utils.o
 .debug_frame   0x00001eb8      0x114 ./Sensors_i2c/HTS221.o
 .debug_frame   0x00001fcc       0xc4 ./Sensors_i2c/LPS25HB.o
 .debug_frame   0x00002090      0x144 C:/MyFiles/Study/Soft/STM32Cube/STM32CubeIDE_1.16.1/STM32CubeIDE/plugins/com.st.stm32cube.ide.mcu.externaltools.gnu-tools-for-stm32.12.3.rel1.win32_1.0.200.202406191623/tools/bin/../lib/gcc/arm-none-eabi/12.3.1/../../../../arm-none-eabi/lib/thumb/v7e-m+fp/hard\libc_nano.a(libc_a-findfp.o)
 .debug_frame   0x000021d4       0x6c C:/MyFiles/Study/Soft/STM32Cube/STM32CubeIDE_1.16.1/STM32CubeIDE/plugins/com.st.stm32cube.ide.mcu.externaltools.gnu-tools-for-stm32.12.3.rel1.win32_1.0.200.202406191623/tools/bin/../lib/gcc/arm-none-eabi/12.3.1/../../../../arm-none-eabi/lib/thumb/v7e-m+fp/hard\libc_nano.a(libc_a-sprintf.o)
 .debug_frame   0x00002240       0x38 C:/MyFiles/Study/Soft/STM32Cube/STM32CubeIDE_1.16.1/STM32CubeIDE/plugins/com.st.stm32cube.ide.mcu.externaltools.gnu-tools-for-stm32.12.3.rel1.win32_1.0.200.202406191623/tools/bin/../lib/gcc/arm-none-eabi/12.3.1/../../../../arm-none-eabi/lib/thumb/v7e-m+fp/hard\libc_nano.a(libc_a-reent.o)
 .debug_frame   0x00002278       0x20 C:/MyFiles/Study/Soft/STM32Cube/STM32CubeIDE_1.16.1/STM32CubeIDE/plugins/com.st.stm32cube.ide.mcu.externaltools.gnu-tools-for-stm32.12.3.rel1.win32_1.0.200.202406191623/tools/bin/../lib/gcc/arm-none-eabi/12.3.1/../../../../arm-none-eabi/lib/thumb/v7e-m+fp/hard\libc_nano.a(libc_a-errno.o)
 .debug_frame   0x00002298       0x2c C:/MyFiles/Study/Soft/STM32Cube/STM32CubeIDE_1.16.1/STM32CubeIDE/plugins/com.st.stm32cube.ide.mcu.externaltools.gnu-tools-for-stm32.12.3.rel1.win32_1.0.200.202406191623/tools/bin/../lib/gcc/arm-none-eabi/12.3.1/../../../../arm-none-eabi/lib/thumb/v7e-m+fp/hard\libc_nano.a(libc_a-init.o)
 .debug_frame   0x000022c4       0xb0 C:/MyFiles/Study/Soft/STM32Cube/STM32CubeIDE_1.16.1/STM32CubeIDE/plugins/com.st.stm32cube.ide.mcu.externaltools.gnu-tools-for-stm32.12.3.rel1.win32_1.0.200.202406191623/tools/bin/../lib/gcc/arm-none-eabi/12.3.1/../../../../arm-none-eabi/lib/thumb/v7e-m+fp/hard\libc_nano.a(libc_a-lock.o)
 .debug_frame   0x00002374       0x28 C:/MyFiles/Study/Soft/STM32Cube/STM32CubeIDE_1.16.1/STM32CubeIDE/plugins/com.st.stm32cube.ide.mcu.externaltools.gnu-tools-for-stm32.12.3.rel1.win32_1.0.200.202406191623/tools/bin/../lib/gcc/arm-none-eabi/12.3.1/../../../../arm-none-eabi/lib/thumb/v7e-m+fp/hard\libc_nano.a(libc_a-memcpy-stub.o)
 .debug_frame   0x0000239c       0x38 C:/MyFiles/Study/Soft/STM32Cube/STM32CubeIDE_1.16.1/STM32CubeIDE/plugins/com.st.stm32cube.ide.mcu.externaltools.gnu-tools-for-stm32.12.3.rel1.win32_1.0.200.202406191623/tools/bin/../lib/gcc/arm-none-eabi/12.3.1/../../../../arm-none-eabi/lib/thumb/v7e-m+fp/hard\libc_nano.a(libc_a-freer.o)
 .debug_frame   0x000023d4       0x50 C:/MyFiles/Study/Soft/STM32Cube/STM32CubeIDE_1.16.1/STM32CubeIDE/plugins/com.st.stm32cube.ide.mcu.externaltools.gnu-tools-for-stm32.12.3.rel1.win32_1.0.200.202406191623/tools/bin/../lib/gcc/arm-none-eabi/12.3.1/../../../../arm-none-eabi/lib/thumb/v7e-m+fp/hard\libc_nano.a(libc_a-mallocr.o)
 .debug_frame   0x00002424       0x30 C:/MyFiles/Study/Soft/STM32Cube/STM32CubeIDE_1.16.1/STM32CubeIDE/plugins/com.st.stm32cube.ide.mcu.externaltools.gnu-tools-for-stm32.12.3.rel1.win32_1.0.200.202406191623/tools/bin/../lib/gcc/arm-none-eabi/12.3.1/../../../../arm-none-eabi/lib/thumb/v7e-m+fp/hard\libc_nano.a(libc_a-mlock.o)
 .debug_frame   0x00002454       0x90 C:/MyFiles/Study/Soft/STM32Cube/STM32CubeIDE_1.16.1/STM32CubeIDE/plugins/com.st.stm32cube.ide.mcu.externaltools.gnu-tools-for-stm32.12.3.rel1.win32_1.0.200.202406191623/tools/bin/../lib/gcc/arm-none-eabi/12.3.1/../../../../arm-none-eabi/lib/thumb/v7e-m+fp/hard\libc_nano.a(libc_a-nano-svfprintf.o)
 .debug_frame   0x000024e4       0x60 C:/MyFiles/Study/Soft/STM32Cube/STM32CubeIDE_1.16.1/STM32CubeIDE/plugins/com.st.stm32cube.ide.mcu.externaltools.gnu-tools-for-stm32.12.3.rel1.win32_1.0.200.202406191623/tools/bin/../lib/gcc/arm-none-eabi/12.3.1/../../../../arm-none-eabi/lib/thumb/v7e-m+fp/hard\libc_nano.a(libc_a-nano-vfprintf_i.o)
 .debug_frame   0x00002544       0x28 C:/MyFiles/Study/Soft/STM32Cube/STM32CubeIDE_1.16.1/STM32CubeIDE/plugins/com.st.stm32cube.ide.mcu.externaltools.gnu-tools-for-stm32.12.3.rel1.win32_1.0.200.202406191623/tools/bin/../lib/gcc/arm-none-eabi/12.3.1/../../../../arm-none-eabi/lib/thumb/v7e-m+fp/hard\libc_nano.a(libc_a-memmove.o)
 .debug_frame   0x0000256c       0x2c C:/MyFiles/Study/Soft/STM32Cube/STM32CubeIDE_1.16.1/STM32CubeIDE/plugins/com.st.stm32cube.ide.mcu.externaltools.gnu-tools-for-stm32.12.3.rel1.win32_1.0.200.202406191623/tools/bin/../lib/gcc/arm-none-eabi/12.3.1/../../../../arm-none-eabi/lib/thumb/v7e-m+fp/hard\libc_nano.a(libc_a-sbrkr.o)
 .debug_frame   0x00002598       0x3c C:/MyFiles/Study/Soft/STM32Cube/STM32CubeIDE_1.16.1/STM32CubeIDE/plugins/com.st.stm32cube.ide.mcu.externaltools.gnu-tools-for-stm32.12.3.rel1.win32_1.0.200.202406191623/tools/bin/../lib/gcc/arm-none-eabi/12.3.1/../../../../arm-none-eabi/lib/thumb/v7e-m+fp/hard\libc_nano.a(libc_a-reallocr.o)
 .debug_frame   0x000025d4       0x20 C:/MyFiles/Study/Soft/STM32Cube/STM32CubeIDE_1.16.1/STM32CubeIDE/plugins/com.st.stm32cube.ide.mcu.externaltools.gnu-tools-for-stm32.12.3.rel1.win32_1.0.200.202406191623/tools/bin/../lib/gcc/arm-none-eabi/12.3.1/../../../../arm-none-eabi/lib/thumb/v7e-m+fp/hard\libc_nano.a(libc_a-msizer.o)
 .debug_frame   0x000025f4       0x44 C:/MyFiles/Study/Soft/STM32Cube/STM32CubeIDE_1.16.1/STM32CubeIDE/plugins/com.st.stm32cube.ide.mcu.externaltools.gnu-tools-for-stm32.12.3.rel1.win32_1.0.200.202406191623/tools/bin/../lib/gcc/arm-none-eabi/12.3.1/../../../../arm-none-eabi/lib/thumb/v7e-m+fp/hard\libm.a(libm_a-w_pow.o)
 .debug_frame   0x00002638       0x28 C:/MyFiles/Study/Soft/STM32Cube/STM32CubeIDE_1.16.1/STM32CubeIDE/plugins/com.st.stm32cube.ide.mcu.externaltools.gnu-tools-for-stm32.12.3.rel1.win32_1.0.200.202406191623/tools/bin/../lib/gcc/arm-none-eabi/12.3.1/../../../../arm-none-eabi/lib/thumb/v7e-m+fp/hard\libm.a(libm_a-s_finite.o)
 .debug_frame   0x00002660       0x78 C:/MyFiles/Study/Soft/STM32Cube/STM32CubeIDE_1.16.1/STM32CubeIDE/plugins/com.st.stm32cube.ide.mcu.externaltools.gnu-tools-for-stm32.12.3.rel1.win32_1.0.200.202406191623/tools/bin/../lib/gcc/arm-none-eabi/12.3.1/../../../../arm-none-eabi/lib/thumb/v7e-m+fp/hard\libm.a(libm_a-e_pow.o)
 .debug_frame   0x000026d8       0x20 C:/MyFiles/Study/Soft/STM32Cube/STM32CubeIDE_1.16.1/STM32CubeIDE/plugins/com.st.stm32cube.ide.mcu.externaltools.gnu-tools-for-stm32.12.3.rel1.win32_1.0.200.202406191623/tools/bin/../lib/gcc/arm-none-eabi/12.3.1/../../../../arm-none-eabi/lib/thumb/v7e-m+fp/hard\libm.a(libm_a-s_fabs.o)
 .debug_frame   0x000026f8       0x2c C:/MyFiles/Study/Soft/STM32Cube/STM32CubeIDE_1.16.1/STM32CubeIDE/plugins/com.st.stm32cube.ide.mcu.externaltools.gnu-tools-for-stm32.12.3.rel1.win32_1.0.200.202406191623/tools/bin/../lib/gcc/arm-none-eabi/12.3.1/../../../../arm-none-eabi/lib/thumb/v7e-m+fp/hard\libm.a(libm_a-s_scalbn.o)
 .debug_frame   0x00002724      0x158 C:/MyFiles/Study/Soft/STM32Cube/STM32CubeIDE_1.16.1/STM32CubeIDE/plugins/com.st.stm32cube.ide.mcu.externaltools.gnu-tools-for-stm32.12.3.rel1.win32_1.0.200.202406191623/tools/bin/../lib/gcc/arm-none-eabi/12.3.1/../../../../arm-none-eabi/lib/thumb/v7e-m+fp/hard\libm.a(libm_a-math_err.o)